Archive member included because of file (symbol)

c:/altera/12.1sp1/nios2eds/bin/gnu/h-i686-mingw32/bin/../lib/gcc/nios2-elf/4.1.2/../../../../nios2-elf/lib\libm.a(lib_a-sf_round.o)
                              obj/default/MidiDriver.o (roundf)
c:/altera/12.1sp1/nios2eds/bin/gnu/h-i686-mingw32/bin/../lib/gcc/nios2-elf/4.1.2/../../../../nios2-elf/lib\libm.a(lib_a-w_pow.o)
                              obj/default/MidiDriver.o (pow)
c:/altera/12.1sp1/nios2eds/bin/gnu/h-i686-mingw32/bin/../lib/gcc/nios2-elf/4.1.2/../../../../nios2-elf/lib\libm.a(lib_a-e_pow.o)
                              c:/altera/12.1sp1/nios2eds/bin/gnu/h-i686-mingw32/bin/../lib/gcc/nios2-elf/4.1.2/../../../../nios2-elf/lib\libm.a(lib_a-w_pow.o) (__ieee754_pow)
c:/altera/12.1sp1/nios2eds/bin/gnu/h-i686-mingw32/bin/../lib/gcc/nios2-elf/4.1.2/../../../../nios2-elf/lib\libm.a(lib_a-e_sqrt.o)
                              c:/altera/12.1sp1/nios2eds/bin/gnu/h-i686-mingw32/bin/../lib/gcc/nios2-elf/4.1.2/../../../../nios2-elf/lib\libm.a(lib_a-e_pow.o) (__ieee754_sqrt)
c:/altera/12.1sp1/nios2eds/bin/gnu/h-i686-mingw32/bin/../lib/gcc/nios2-elf/4.1.2/../../../../nios2-elf/lib\libm.a(lib_a-s_fabs.o)
                              c:/altera/12.1sp1/nios2eds/bin/gnu/h-i686-mingw32/bin/../lib/gcc/nios2-elf/4.1.2/../../../../nios2-elf/lib\libm.a(lib_a-e_pow.o) (fabs)
c:/altera/12.1sp1/nios2eds/bin/gnu/h-i686-mingw32/bin/../lib/gcc/nios2-elf/4.1.2/../../../../nios2-elf/lib\libm.a(lib_a-s_finite.o)
                              c:/altera/12.1sp1/nios2eds/bin/gnu/h-i686-mingw32/bin/../lib/gcc/nios2-elf/4.1.2/../../../../nios2-elf/lib\libm.a(lib_a-w_pow.o) (finite)
c:/altera/12.1sp1/nios2eds/bin/gnu/h-i686-mingw32/bin/../lib/gcc/nios2-elf/4.1.2/../../../../nios2-elf/lib\libm.a(lib_a-s_isnand.o)
                              c:/altera/12.1sp1/nios2eds/bin/gnu/h-i686-mingw32/bin/../lib/gcc/nios2-elf/4.1.2/../../../../nios2-elf/lib\libm.a(lib_a-w_pow.o) (__isnand)
c:/altera/12.1sp1/nios2eds/bin/gnu/h-i686-mingw32/bin/../lib/gcc/nios2-elf/4.1.2/../../../../nios2-elf/lib\libm.a(lib_a-s_lib_ver.o)
                              c:/altera/12.1sp1/nios2eds/bin/gnu/h-i686-mingw32/bin/../lib/gcc/nios2-elf/4.1.2/../../../../nios2-elf/lib\libm.a(lib_a-w_pow.o) (__fdlib_version)
c:/altera/12.1sp1/nios2eds/bin/gnu/h-i686-mingw32/bin/../lib/gcc/nios2-elf/4.1.2/../../../../nios2-elf/lib\libm.a(lib_a-s_matherr.o)
                              c:/altera/12.1sp1/nios2eds/bin/gnu/h-i686-mingw32/bin/../lib/gcc/nios2-elf/4.1.2/../../../../nios2-elf/lib\libm.a(lib_a-w_pow.o) (matherr)
c:/altera/12.1sp1/nios2eds/bin/gnu/h-i686-mingw32/bin/../lib/gcc/nios2-elf/4.1.2/../../../../nios2-elf/lib\libm.a(lib_a-s_nan.o)
                              c:/altera/12.1sp1/nios2eds/bin/gnu/h-i686-mingw32/bin/../lib/gcc/nios2-elf/4.1.2/../../../../nios2-elf/lib\libm.a(lib_a-e_pow.o) (nan)
c:/altera/12.1sp1/nios2eds/bin/gnu/h-i686-mingw32/bin/../lib/gcc/nios2-elf/4.1.2/../../../../nios2-elf/lib\libm.a(lib_a-s_rint.o)
                              c:/altera/12.1sp1/nios2eds/bin/gnu/h-i686-mingw32/bin/../lib/gcc/nios2-elf/4.1.2/../../../../nios2-elf/lib\libm.a(lib_a-w_pow.o) (rint)
c:/altera/12.1sp1/nios2eds/bin/gnu/h-i686-mingw32/bin/../lib/gcc/nios2-elf/4.1.2/../../../../nios2-elf/lib\libm.a(lib_a-s_scalbn.o)
                              c:/altera/12.1sp1/nios2eds/bin/gnu/h-i686-mingw32/bin/../lib/gcc/nios2-elf/4.1.2/../../../../nios2-elf/lib\libm.a(lib_a-e_pow.o) (scalbn)
c:/altera/12.1sp1/nios2eds/bin/gnu/h-i686-mingw32/bin/../lib/gcc/nios2-elf/4.1.2/../../../../nios2-elf/lib\libm.a(lib_a-s_copysign.o)
                              c:/altera/12.1sp1/nios2eds/bin/gnu/h-i686-mingw32/bin/../lib/gcc/nios2-elf/4.1.2/../../../../nios2-elf/lib\libm.a(lib_a-s_scalbn.o) (copysign)
c:/altera/12.1sp1/nios2eds/bin/gnu/h-i686-mingw32/bin/../lib/gcc/nios2-elf/4.1.2\libgcc.a(_addsub_sf.o)
                              c:/altera/12.1sp1/nios2eds/bin/gnu/h-i686-mingw32/bin/../lib/gcc/nios2-elf/4.1.2/../../../../nios2-elf/lib\libm.a(lib_a-sf_round.o) (__addsf3)
c:/altera/12.1sp1/nios2eds/bin/gnu/h-i686-mingw32/bin/../lib/gcc/nios2-elf/4.1.2\libgcc.a(_mul_sf.o)
                              obj/default/MidiDriver.o (__mulsf3)
c:/altera/12.1sp1/nios2eds/bin/gnu/h-i686-mingw32/bin/../lib/gcc/nios2-elf/4.1.2\libgcc.a(_div_sf.o)
                              obj/default/MidiDriver.o (__divsf3)
c:/altera/12.1sp1/nios2eds/bin/gnu/h-i686-mingw32/bin/../lib/gcc/nios2-elf/4.1.2\libgcc.a(_sf_to_si.o)
                              obj/default/MidiDriver.o (__fixsfsi)
c:/altera/12.1sp1/nios2eds/bin/gnu/h-i686-mingw32/bin/../lib/gcc/nios2-elf/4.1.2\libgcc.a(_thenan_sf.o)
                              c:/altera/12.1sp1/nios2eds/bin/gnu/h-i686-mingw32/bin/../lib/gcc/nios2-elf/4.1.2\libgcc.a(_addsub_sf.o) (__thenan_sf)
c:/altera/12.1sp1/nios2eds/bin/gnu/h-i686-mingw32/bin/../lib/gcc/nios2-elf/4.1.2\libgcc.a(_addsub_df.o)
[...]
Memory Configuration

Name             Origin             Length             Attributes
sdram_0          0x00800000         0x00800000
sram_0           0x01080000         0x00080000
reset            0x01104000         0x00000020
onchip_memory2_0 0x01104020         0x00003fe0
*default*        0x00000000         0xffffffff

Linker script and memory map

LOAD ../Synth5_bsp//obj/HAL/src/crt0.o
LOAD obj/default/MidiDriver.o
LOAD obj/default/hello_ucosii.o
LOAD c:/altera/12.1sp1/nios2eds/bin/gnu/h-i686-mingw32/bin/../lib/gcc/nios2-elf/4.1.2/../../../../nios2-elf/lib\libstdc++.a
LOAD c:/altera/12.1sp1/nios2eds/bin/gnu/h-i686-mingw32/bin/../lib/gcc/nios2-elf/4.1.2/../../../../nios2-elf/lib\libm.a
LOAD c:/altera/12.1sp1/nios2eds/bin/gnu/h-i686-mingw32/bin/../lib/gcc/nios2-elf/4.1.2\libgcc.a
START GROUP
LOAD c:/altera/12.1sp1/nios2eds/bin/gnu/h-i686-mingw32/bin/../lib/gcc/nios2-elf/4.1.2/../../../../nios2-elf/lib\libc.a
LOAD c:/altera/12.1sp1/nios2eds/bin/gnu/h-i686-mingw32/bin/../lib/gcc/nios2-elf/4.1.2\libgcc.a
LOAD ../Synth5_bsp/\libucosii_bsp.a
END GROUP
LOAD c:/altera/12.1sp1/nios2eds/bin/gnu/h-i686-mingw32/bin/../lib/gcc/nios2-elf/4.1.2\libgcc.a
                0x00800000                __alt_mem_sdram_0 = 0x800000
                0x01080000                __alt_mem_sram_0 = 0x1080000
                0x01104000                __alt_mem_onchip_memory2_0 = 0x1104000

.entry          0x01104000       0x20
 *(.entry)
 .entry         0x01104000       0x20 ../Synth5_bsp//obj/HAL/src/crt0.o
                0x01104000                __reset

.exceptions     0x01104020      0x1a0 load address 0x00800000
                0x01104020                PROVIDE (__ram_exceptions_start, ABSOLUTE (.))
                0x01104020                . = ALIGN (0x20)
 *(.irq)
 *(.exceptions.entry.label)
 .exceptions.entry.label
                0x01104020        0x0 ../Synth5_bsp/\libucosii_bsp.a(alt_irq_entry.o)
                0x01104020                alt_irq_entry
 .exceptions.entry.label
                0x01104020        0x0 ../Synth5_bsp/\libucosii_bsp.a(alt_exception_entry.o)
                0x01104020                alt_exception
 *(.exceptions.entry.user)
 *(.exceptions.entry)
 .exceptions.entry
                0x01104020       0x54 ../Synth5_bsp/\libucosii_bsp.a(alt_exception_entry.o)
 *(.exceptions.irqtest.user)
 *(.exceptions.irqtest)
 .exceptions.irqtest
                0x01104074       0x10 ../Synth5_bsp/\libucosii_bsp.a(alt_irq_entry.o)
 *(.exceptions.irqhandler.user)
 *(.exceptions.irqhandler)
 .exceptions.irqhandler
                0x01104084        0x4 ../Synth5_bsp/\libucosii_bsp.a(alt_irq_entry.o)
 *(.exceptions.irqreturn.user)
 *(.exceptions.irqreturn)
 .exceptions.irqreturn
                0x01104088        0x4 ../Synth5_bsp/\libucosii_bsp.a(alt_irq_entry.o)
 *(.exceptions.notirq.label)
 .exceptions.notirq.label
                0x0110408c        0x0 ../Synth5_bsp/\libucosii_bsp.a(alt_irq_entry.o)
 *(.exceptions.notirq.user)
 *(.exceptions.notirq)
 .exceptions.notirq
                0x0110408c        0x8 ../Synth5_bsp/\libucosii_bsp.a(alt_exception_entry.o)
 *(.exceptions.soft.user)
 *(.exceptions.soft)
 *(.exceptions.unknown.user)
 *(.exceptions.unknown)
 .exceptions.unknown
                0x01104094        0x4 ../Synth5_bsp/\libucosii_bsp.a(alt_exception_entry.o)
 *(.exceptions.exit.label)
 .exceptions.exit.label
                0x01104098        0x0 ../Synth5_bsp/\libucosii_bsp.a(alt_irq_entry.o)
 .exceptions.exit.label
                0x01104098        0x0 ../Synth5_bsp/\libucosii_bsp.a(alt_exception_entry.o)
 *(.exceptions.exit.user)
 *(.exceptions.exit)
 .exceptions.exit
                0x01104098       0x54 ../Synth5_bsp/\libucosii_bsp.a(alt_exception_entry.o)
 *(.exceptions)
 .exceptions    0x011040ec       0xd4 ../Synth5_bsp/\libucosii_bsp.a(alt_irq_handler.o)
                0x011040ec                alt_irq_handler
                0x011041c0                PROVIDE (__ram_exceptions_end, ABSOLUTE (.))
                0x00800000                PROVIDE (__flash_exceptions_start, LOADADDR (.exceptions))

.text           0x008001a0    0x14098
                0x008001a0                PROVIDE (stext, ABSOLUTE (.))
 *(.interp)
 *(.hash)
 *(.dynsym)
 *(.dynstr)
 *(.gnu.version)
 *(.gnu.version_d)
 *(.gnu.version_r)
 *(.rel.init)
 *(.rela.init)
 *(.rel.text .rel.text.* .rel.gnu.linkonce.t.*)
 *(.rela.text .rela.text.* .rela.gnu.linkonce.t.*)
 *(.rel.fini)
 *(.rela.fini)
 *(.rel.rodata .rel.rodata.* .rel.gnu.linkonce.r.*)
 *(.rela.rodata .rela.rodata.* .rela.gnu.linkonce.r.*)
 *(.rel.data .rel.data.* .rel.gnu.linkonce.d.*)
 *(.rela.data .rela.data.* .rela.gnu.linkonce.d.*)
 *(.rel.tdata .rel.tdata.* .rel.gnu.linkonce.td.*)
 *(.rela.tdata .rela.tdata.* .rela.gnu.linkonce.td.*)
 *(.rel.tbss .rel.tbss.* .rel.gnu.linkonce.tb.*)
 *(.rela.tbss .rela.tbss.* .rela.gnu.linkonce.tb.*)
 *(.rel.ctors)
 *(.rela.ctors)
 *(.rel.dtors)
 *(.rela.dtors)
 *(.rel.got)
 *(.rela.got)
 *(.rel.sdata .rel.sdata.* .rel.gnu.linkonce.s.*)
 *(.rela.sdata .rela.sdata.* .rela.gnu.linkonce.s.*)
 *(.rel.sbss .rel.sbss.* .rel.gnu.linkonce.sb.*)
 *(.rela.sbss .rela.sbss.* .rela.gnu.linkonce.sb.*)
 *(.rel.sdata2 .rel.sdata2.* .rel.gnu.linkonce.s2.*)
 *(.rela.sdata2 .rela.sdata2.* .rela.gnu.linkonce.s2.*)
 *(.rel.sbss2 .rel.sbss2.* .rel.gnu.linkonce.sb2.*)
 *(.rela.sbss2 .rela.sbss2.* .rela.gnu.linkonce.sb2.*)
 *(.rel.bss .rel.bss.* .rel.gnu.linkonce.b.*)
 *(.rela.bss .rela.bss.* .rela.gnu.linkonce.b.*)
 *(.rel.plt)
 *(.rela.plt)
 *(.rel.dyn)
 *(.init)
 *(.plt)
 *(.text .stub .text.* .gnu.linkonce.t.*)
 .text          0x008001a0       0x4c ../Synth5_bsp//obj/HAL/src/crt0.o
                0x008001a0                _start
 .text          0x008001ec      0x3a4 obj/default/MidiDriver.o
                0x008001ec                midiNote2midiFreq
                0x00800298                midiFreq2sampleFreq
                0x008002ec                startVoice
                0x00800338                endVoice
                0x0080037c                turnOnVoice
                0x00800468                turnOffVoice
                0x00800508                processNote
 .text          0x00800590      0x2f0 obj/default/hello_ucosii.o
                0x00800590                task1
                0x00800770                task2
                0x008007d4                main
 .text          0x00800880       0x9c c:/altera/12.1sp1/nios2eds/bin/gnu/h-i686-mingw32/bin/../lib/gcc/nios2-elf/4.1.2/../../../../nios2-elf/lib\libm.a(lib_a-sf_round.o)
                0x00800880                roundf
 .text          0x0080091c      0x488 c:/altera/12.1sp1/nios2eds/bin/gnu/h-i686-mingw32/bin/../lib/gcc/nios2-elf/4.1.2/../../../../nios2-elf/lib\libm.a(lib_a-w_pow.o)
                0x0080091c                pow
 .text          0x00800da4     0x1300 c:/altera/12.1sp1/nios2eds/bin/gnu/h-i686-mingw32/bin/../lib/gcc/nios2-elf/4.1.2/../../../../nios2-elf/lib\libm.a(lib_a-e_pow.o)
                0x00800da4                __ieee754_pow
 .text          0x008020a4      0x2c8 c:/altera/12.1sp1/nios2eds/bin/gnu/h-i686-mingw32/bin/../lib/gcc/nios2-elf/4.1.2/../../../../nios2-elf/lib\libm.a(lib_a-e_sqrt.o)
                0x008020a4                __ieee754_sqrt
 .text          0x0080236c       0x18 c:/altera/12.1sp1/nios2eds/bin/gnu/h-i686-mingw32/bin/../lib/gcc/nios2-elf/4.1.2/../../../../nios2-elf/lib\libm.a(lib_a-s_fabs.o)
                0x0080236c                fabs
 .text          0x00802384       0x1c c:/altera/12.1sp1/nios2eds/bin/gnu/h-i686-mingw32/bin/../lib/gcc/nios2-elf/4.1.2/../../../../nios2-elf/lib\libm.a(lib_a-s_finite.o)
                0x00802384                finite
 .text          0x008023a0       0x30 c:/altera/12.1sp1/nios2eds/bin/gnu/h-i686-mingw32/bin/../lib/gcc/nios2-elf/4.1.2/../../../../nios2-elf/lib\libm.a(lib_a-s_isnand.o)
                0x008023a0                __isnand
 .text          0x008023d0        0x0 c:/altera/12.1sp1/nios2eds/bin/gnu/h-i686-mingw32/bin/../lib/gcc/nios2-elf/4.1.2/../../../../nios2-elf/lib\libm.a(lib_a-s_lib_ver.o)
 .text          0x008023d0        0x8 c:/altera/12.1sp1/nios2eds/bin/gnu/h-i686-mingw32/bin/../lib/gcc/nios2-elf/4.1.2/../../../../nios2-elf/lib\libm.a(lib_a-s_matherr.o)
                0x008023d0                matherr
 .text          0x008023d8       0x10 c:/altera/12.1sp1/nios2eds/bin/gnu/h-i686-mingw32/bin/../lib/gcc/nios2-elf/4.1.2/../../../../nios2-elf/lib\libm.a(lib_a-s_nan.o)
                0x008023d8                nan
 .text          0x008023e8      0x210 c:/altera/12.1sp1/nios2eds/bin/gnu/h-i686-mingw32/bin/../lib/gcc/nios2-elf/4.1.2/../../../../nios2-elf/lib\libm.a(lib_a-s_rint.o)
                0x008023e8                rint
 .text          0x008025f8      0x1e0 c:/altera/12.1sp1/nios2eds/bin/gnu/h-i686-mingw32/bin/../lib/gcc/nios2-elf/4.1.2/../../../../nios2-elf/lib\libm.a(lib_a-s_scalbn.o)
                0x008025f8                scalbn
 .text          0x008027d8       0x24 c:/altera/12.1sp1/nios2eds/bin/gnu/h-i686-mingw32/bin/../lib/gcc/nios2-elf/4.1.2/../../../../nios2-elf/lib\libm.a(lib_a-s_copysign.o)
                0x008027d8                copysign
 .text          0x008027fc      0x2b8 c:/altera/12.1sp1/nios2eds/bin/gnu/h-i686-mingw32/bin/../lib/gcc/nios2-elf/4.1.2\libgcc.a(_addsub_sf.o)
                0x008029e0                __subsf3
                0x00802a50                __addsf3
 .text          0x00802ab4      0x1e0 c:/altera/12.1sp1/nios2eds/bin/gnu/h-i686-mingw32/bin/../lib/gcc/nios2-elf/4.1.2\libgcc.a(_mul_sf.o)
                0x00802ab4                __mulsf3
 .text          0x00802c94      0x174 c:/altera/12.1sp1/nios2eds/bin/gnu/h-i686-mingw32/bin/../lib/gcc/nios2-elf/4.1.2\libgcc.a(_div_sf.o)
                0x00802c94                __divsf3
 .text          0x00802e08       0x94 c:/altera/12.1sp1/nios2eds/bin/gnu/h-i686-mingw32/bin/../lib/gcc/nios2-elf/4.1.2\libgcc.a(_sf_to_si.o)
                0x00802e08                __fixsfsi
 .text          0x00802e9c        0x0 c:/altera/12.1sp1/nios2eds/bin/gnu/h-i686-mingw32/bin/../lib/gcc/nios2-elf/4.1.2\libgcc.a(_thenan_sf.o)
 .text          0x00802e9c      0x504 c:/altera/12.1sp1/nios2eds/bin/gnu/h-i686-mingw32/bin/../lib/gcc/nios2-elf/4.1.2\libgcc.a(_addsub_df.o)
                0x008032ac                __subdf3
                0x0080332c                __adddf3
 .text          0x008033a0      0x3c4 c:/altera/12.1sp1/nios2eds/bin/gnu/h-i686-mingw32/bin/../lib/gcc/nios2-elf/4.1.2\libgcc.a(_mul_df.o)
                0x008033a0                __muldf3
 .text          0x00803764      0x258 c:/altera/12.1sp1/nios2eds/bin/gnu/h-i686-mingw32/bin/../lib/gcc/nios2-elf/4.1.2\libgcc.a(_div_df.o)
                0x00803764                __divdf3
 .text          0x008039bc       0x88 c:/altera/12.1sp1/nios2eds/bin/gnu/h-i686-mingw32/bin/../lib/gcc/nios2-elf/4.1.2\libgcc.a(_eq_df.o)
                0x008039bc                __eqdf2
 .text          0x00803a44       0x88 c:/altera/12.1sp1/nios2eds/bin/gnu/h-i686-mingw32/bin/../lib/gcc/nios2-elf/4.1.2\libgcc.a(_ne_df.o)
                0x00803a44                __nedf2
 .text          0x00803acc       0x88 c:/altera/12.1sp1/nios2eds/bin/gnu/h-i686-mingw32/bin/../lib/gcc/nios2-elf/4.1.2\libgcc.a(_gt_df.o)
                0x00803acc                __gtdf2
 .text          0x00803b54       0x88 c:/altera/12.1sp1/nios2eds/bin/gnu/h-i686-mingw32/bin/../lib/gcc/nios2-elf/4.1.2\libgcc.a(_lt_df.o)
                0x00803b54                __ltdf2
 .text          0x00803bdc       0x88 c:/altera/12.1sp1/nios2eds/bin/gnu/h-i686-mingw32/bin/../lib/gcc/nios2-elf/4.1.2\libgcc.a(_le_df.o)
                0x00803bdc                __ledf2
 .text          0x00803c64       0xf8 c:/altera/12.1sp1/nios2eds/bin/gnu/h-i686-mingw32/bin/../lib/gcc/nios2-elf/4.1.2\libgcc.a(_si_to_df.o)
                0x00803c64                __floatsidf
 .text          0x00803d5c       0x74 c:/altera/12.1sp1/nios2eds/bin/gnu/h-i686-mingw32/bin/../lib/gcc/nios2-elf/4.1.2\libgcc.a(_df_to_sf.o)
                0x00803d5c                __truncdfsf2
 .text          0x00803dd0        0x0 c:/altera/12.1sp1/nios2eds/bin/gnu/h-i686-mingw32/bin/../lib/gcc/nios2-elf/4.1.2\libgcc.a(_thenan_df.o)
 .text          0x00803dd0       0x98 c:/altera/12.1sp1/nios2eds/bin/gnu/h-i686-mingw32/bin/../lib/gcc/nios2-elf/4.1.2\libgcc.a(_muldi3.o)
                0x00803dd0                __muldi3
 .text          0x00803e68       0x80 c:/altera/12.1sp1/nios2eds/bin/gnu/h-i686-mingw32/bin/../lib/gcc/nios2-elf/4.1.2\libgcc.a(_clzsi2.o)
                0x00803e68                __clzsi2
 .text          0x00803ee8      0x160 c:/altera/12.1sp1/nios2eds/bin/gnu/h-i686-mingw32/bin/../lib/gcc/nios2-elf/4.1.2\libgcc.a(_pack_sf.o)
                0x00803ee8                __pack_f
 .text          0x00804048       0xc8 c:/altera/12.1sp1/nios2eds/bin/gnu/h-i686-mingw32/bin/../lib/gcc/nios2-elf/4.1.2\libgcc.a(_unpack_sf.o)
                0x00804048                __unpack_f
 .text          0x00804110       0x2c c:/altera/12.1sp1/nios2eds/bin/gnu/h-i686-mingw32/bin/../lib/gcc/nios2-elf/4.1.2\libgcc.a(_make_sf.o)
                0x00804110                __make_fp
 .text          0x0080413c      0x314 c:/altera/12.1sp1/nios2eds/bin/gnu/h-i686-mingw32/bin/../lib/gcc/nios2-elf/4.1.2\libgcc.a(_pack_df.o)
                0x0080413c                __pack_d
 .text          0x00804450      0x138 c:/altera/12.1sp1/nios2eds/bin/gnu/h-i686-mingw32/bin/../lib/gcc/nios2-elf/4.1.2\libgcc.a(_unpack_df.o)
                0x00804450                __unpack_d
 .text          0x00804588       0xc8 c:/altera/12.1sp1/nios2eds/bin/gnu/h-i686-mingw32/bin/../lib/gcc/nios2-elf/4.1.2\libgcc.a(_fpcmp_parts_df.o)
                0x00804588                __fpcmp_parts_d
 .text          0x00804650        0x0 c:/altera/12.1sp1/nios2eds/bin/gnu/h-i686-mingw32/bin/../lib/gcc/nios2-elf/4.1.2\libgcc.a(_clz.o)
 .text          0x00804650       0x10 c:/altera/12.1sp1/nios2eds/bin/gnu/h-i686-mingw32/bin/../lib/gcc/nios2-elf/4.1.2/../../../../nios2-elf/lib\libc.a(lib_a-errno.o)
                0x00804650                __errno
 .text          0x00804660        0x0 c:/altera/12.1sp1/nios2eds/bin/gnu/h-i686-mingw32/bin/../lib/gcc/nios2-elf/4.1.2/../../../../nios2-elf/lib\libc.a(lib_a-impure.o)
 .text          0x00804660       0xb4 c:/altera/12.1sp1/nios2eds/bin/gnu/h-i686-mingw32/bin/../lib/gcc/nios2-elf/4.1.2/../../../../nios2-elf/lib\libc.a(lib_a-puts.o)
                0x00804660                _puts_r
                0x00804700                puts
 .text          0x00804714       0x74 c:/altera/12.1sp1/nios2eds/bin/gnu/h-i686-mingw32/bin/../lib/gcc/nios2-elf/4.1.2/../../../../nios2-elf/lib\libc.a(lib_a-strlen.o)
                0x00804714                strlen
 .text          0x00804788      0x49c c:/altera/12.1sp1/nios2eds/bin/gnu/h-i686-mingw32/bin/../lib/gcc/nios2-elf/4.1.2/../../../../nios2-elf/lib\libc.a(lib_a-fvwrite.o)
                0x00804788                __sfvwrite_r
 .text          0x00804c24      0x740 c:/altera/12.1sp1/nios2eds/bin/gnu/h-i686-mingw32/bin/../lib/gcc/nios2-elf/4.1.2/../../../../nios2-elf/lib\libc.a(lib_a-mallocr.o)
                0x00804c24                _malloc_r
 .text          0x00805364       0xe4 c:/altera/12.1sp1/nios2eds/bin/gnu/h-i686-mingw32/bin/../lib/gcc/nios2-elf/4.1.2/../../../../nios2-elf/lib\libc.a(lib_a-memchr.o)
                0x00805364                memchr
 .text          0x00805448       0xa0 c:/altera/12.1sp1/nios2eds/bin/gnu/h-i686-mingw32/bin/../lib/gcc/nios2-elf/4.1.2/../../../../nios2-elf/lib\libc.a(lib_a-memcpy.o)
                0x00805448                memcpy
 .text          0x008054e8       0xe0 c:/altera/12.1sp1/nios2eds/bin/gnu/h-i686-mingw32/bin/../lib/gcc/nios2-elf/4.1.2/../../../../nios2-elf/lib\libc.a(lib_a-memmove.o)
                0x008054e8                memmove
 .text          0x008055c8      0x5f4 c:/altera/12.1sp1/nios2eds/bin/gnu/h-i686-mingw32/bin/../lib/gcc/nios2-elf/4.1.2/../../../../nios2-elf/lib\libc.a(lib_a-reallocr.o)
                0x008055c8                _realloc_r
 .text          0x00805bbc       0x70 c:/altera/12.1sp1/nios2eds/bin/gnu/h-i686-mingw32/bin/../lib/gcc/nios2-elf/4.1.2/../../../../nios2-elf/lib\libc.a(lib_a-sbrkr.o)
                0x00805bbc                _sbrk_r
 .text          0x00805c2c      0x13c c:/altera/12.1sp1/nios2eds/bin/gnu/h-i686-mingw32/bin/../lib/gcc/nios2-elf/4.1.2/../../../../nios2-elf/lib\libc.a(lib_a-wsetup.o)
                0x00805c2c                __swsetup_r
 .text          0x00805d68      0x230 c:/altera/12.1sp1/nios2eds/bin/gnu/h-i686-mingw32/bin/../lib/gcc/nios2-elf/4.1.2/../../../../nios2-elf/lib\libc.a(lib_a-fflush.o)
                0x00805d68                _fflush_r
                0x00805f64                fflush
 .text          0x00805f98      0x2c0 c:/altera/12.1sp1/nios2eds/bin/gnu/h-i686-mingw32/bin/../lib/gcc/nios2-elf/4.1.2/../../../../nios2-elf/lib\libc.a(lib_a-findfp.o)
                0x00805ff0                __sfp_lock_acquire
                0x00805ff4                __sfp_lock_release
                0x00805ff8                __sinit_lock_acquire
                0x00805ffc                __sinit_lock_release
                0x00806000                __sinit
                0x008060b4                __fp_unlock_all
                0x008060cc                __fp_lock_all
                0x008060e4                _cleanup_r
                0x008060f0                _cleanup
                0x00806100                __sfmoreglue
                0x00806168                __sfp
 .text          0x00806258      0x440 c:/altera/12.1sp1/nios2eds/bin/gnu/h-i686-mingw32/bin/../lib/gcc/nios2-elf/4.1.2/../../../../nios2-elf/lib\libc.a(lib_a-freer.o)
                0x00806258                _malloc_trim_r
                0x00806384                _free_r
 .text          0x00806698      0x180 c:/altera/12.1sp1/nios2eds/bin/gnu/h-i686-mingw32/bin/../lib/gcc/nios2-elf/4.1.2/../../../../nios2-elf/lib\libc.a(lib_a-fwalk.o)
                0x00806698                _fwalk_reent
                0x00806760                _fwalk
 .text          0x00806818        0x0 c:/altera/12.1sp1/nios2eds/bin/gnu/h-i686-mingw32/bin/../lib/gcc/nios2-elf/4.1.2/../../../../nios2-elf/lib\libc.a(lib_a-int_errno.o)
 .text          0x00806818      0x194 c:/altera/12.1sp1/nios2eds/bin/gnu/h-i686-mingw32/bin/../lib/gcc/nios2-elf/4.1.2/../../../../nios2-elf/lib\libc.a(lib_a-makebuf.o)
                0x00806818                __smakebuf_r
 .text          0x008069ac       0x98 c:/altera/12.1sp1/nios2eds/bin/gnu/h-i686-mingw32/bin/../lib/gcc/nios2-elf/4.1.2/../../../../nios2-elf/lib\libc.a(lib_a-memset.o)
                0x008069ac                memset
 .text          0x00806a44      0x14c c:/altera/12.1sp1/nios2eds/bin/gnu/h-i686-mingw32/bin/../lib/gcc/nios2-elf/4.1.2/../../../../nios2-elf/lib\libc.a(lib_a-stdio.o)
                0x00806a44                __sclose
                0x00806a4c                __sseek
                0x00806ab4                __swrite
                0x00806b30                __sread
 .text          0x00806b90       0x78 c:/altera/12.1sp1/nios2eds/bin/gnu/h-i686-mingw32/bin/../lib/gcc/nios2-elf/4.1.2/../../../../nios2-elf/lib\libc.a(lib_a-writer.o)
                0x00806b90                _write_r
 .text          0x00806c08       0x70 c:/altera/12.1sp1/nios2eds/bin/gnu/h-i686-mingw32/bin/../lib/gcc/nios2-elf/4.1.2/../../../../nios2-elf/lib\libc.a(lib_a-closer.o)
                0x00806c08                _close_r
 .text          0x00806c78      0x124 c:/altera/12.1sp1/nios2eds/bin/gnu/h-i686-mingw32/bin/../lib/gcc/nios2-elf/4.1.2/../../../../nios2-elf/lib\libc.a(lib_a-fclose.o)
                0x00806c78                _fclose_r
                0x00806d88                fclose
 .text          0x00806d9c       0x74 c:/altera/12.1sp1/nios2eds/bin/gnu/h-i686-mingw32/bin/../lib/gcc/nios2-elf/4.1.2/../../../../nios2-elf/lib\libc.a(lib_a-fstatr.o)
                0x00806d9c                _fstat_r
 .text          0x00806e10       0x70 c:/altera/12.1sp1/nios2eds/bin/gnu/h-i686-mingw32/bin/../lib/gcc/nios2-elf/4.1.2/../../../../nios2-elf/lib\libc.a(lib_a-isattyr.o)
                0x00806e10                _isatty_r
 .text          0x00806e80       0x78 c:/altera/12.1sp1/nios2eds/bin/gnu/h-i686-mingw32/bin/../lib/gcc/nios2-elf/4.1.2/../../../../nios2-elf/lib\libc.a(lib_a-lseekr.o)
                0x00806e80                _lseek_r
 .text          0x00806ef8       0x78 c:/altera/12.1sp1/nios2eds/bin/gnu/h-i686-mingw32/bin/../lib/gcc/nios2-elf/4.1.2/../../../../nios2-elf/lib\libc.a(lib_a-readr.o)
                0x00806ef8                _read_r
 .text          0x00806f70      0x15c ../Synth5_bsp/\libucosii_bsp.a(alt_close.o)
                0x00806f70                close
 .text          0x008070cc       0x2c ../Synth5_bsp/\libucosii_bsp.a(alt_dev.o)
 .text          0x008070f8        0x0 ../Synth5_bsp/\libucosii_bsp.a(alt_errno.o)
 .text          0x008070f8      0x134 ../Synth5_bsp/\libucosii_bsp.a(alt_fstat.o)
                0x008070f8                fstat
 .text          0x0080722c      0x120 ../Synth5_bsp/\libucosii_bsp.a(alt_isatty.o)
                0x0080722c                isatty
 .text          0x0080734c       0xec ../Synth5_bsp/\libucosii_bsp.a(alt_load.o)
                0x0080734c                alt_load
 .text          0x00807438      0x150 ../Synth5_bsp/\libucosii_bsp.a(alt_lseek.o)
                0x00807438                lseek
 .text          0x00807588       0xc8 ../Synth5_bsp/\libucosii_bsp.a(alt_main.o)
                0x00807588                alt_main
 .text          0x00807650      0x180 ../Synth5_bsp/\libucosii_bsp.a(alt_read.o)
                0x00807650                read
 .text          0x008077d0       0x60 ../Synth5_bsp/\libucosii_bsp.a(alt_release_fd.o)
                0x008077d0                alt_release_fd
 .text          0x00807830       0xbc ../Synth5_bsp/\libucosii_bsp.a(alt_sbrk.o)
                0x00807830                sbrk
 .text          0x008078ec      0x180 ../Synth5_bsp/\libucosii_bsp.a(alt_write.o)
                0x008078ec                write
 .text          0x00807a6c      0x108 ../Synth5_bsp/\libucosii_bsp.a(alt_env_lock.o)
                0x00807a6c                __env_lock
                0x00807b18                __env_unlock
 .text          0x00807b74      0x1d8 ../Synth5_bsp/\libucosii_bsp.a(alt_malloc_lock.o)
                0x00807b74                __malloc_lock
                0x00807c7c                __malloc_unlock
 .text          0x00807d4c     0x2128 ../Synth5_bsp/\libucosii_bsp.a(os_core.o)
                0x00807d4c                OSEventNameGet
                0x00807e7c                OSEventNameSet
                0x00807fc0                OSEventPendMulti
                0x00808674                OSInit
                0x008086c8                OSIntEnter
                0x00808744                OSIntExit
                0x00808844                OSSchedLock
                0x008088d0                OSSchedUnlock
                0x008089b4                OSStart
                0x00808a24                OSStatInit
                0x00808ad0                OSTimeTick
                0x00808d10                OSVersion
                0x00808d30                OS_Dummy
                0x00808d4c                OS_EventTaskRdy
                0x00808ee0                OS_EventTaskWait
                0x00808ff0                OS_EventTaskWaitMulti
                0x00809144                OS_EventTaskRemove
                0x008091fc                OS_EventTaskRemoveMulti
                0x00809300                OS_EventWaitListInit
                0x008096cc                OS_MemClr
                0x00809720                OS_MemCopy
                0x0080978c                OS_Sched
                0x008098d0                OS_StrCopy
                0x00809950                OS_StrLen
                0x008099a8                OS_TaskIdle
                0x00809a04                OS_TaskStat
                0x00809acc                OS_TaskStatStkChk
                0x00809b94                OS_TCBInit
 .text          0x00809e74      0x18c ../Synth5_bsp/\libucosii_bsp.a(os_dbg.o)
                0x00809e74                OSDebugInit
 .text          0x0080a000     0x193c ../Synth5_bsp/\libucosii_bsp.a(os_flag.o)
                0x0080a000                OSFlagAccept
                0x0080a334                OSFlagCreate
                0x0080a470                OSFlagDel
                0x0080a718                OSFlagNameGet
                0x0080a85c                OSFlagNameSet
                0x0080a9b0                OSFlagPend
                0x0080aff4                OSFlagPendGetFlagsRdy
                0x0080b05c                OSFlagPost
                0x0080b404                OSFlagQuery
                0x0080b69c                OS_FlagInit
                0x0080b890                OS_FlagUnlink
 .text          0x0080b93c      0x808 ../Synth5_bsp/\libucosii_bsp.a(os_mem.o)
                0x0080b93c                OSMemCreate
                0x0080bb58                OSMemGet
                0x0080bc5c                OSMemNameGet
                0x0080bd68                OSMemNameSet
                0x0080be88                OSMemPut
                0x0080bf78                OSMemQuery
                0x0080c074                OS_MemInit
 .text          0x0080c144     0x1334 ../Synth5_bsp/\libucosii_bsp.a(os_q.o)
                0x0080c144                OSQAccept
                0x0080c298                OSQCreate
                0x0080c4ac                OSQDel
                0x0080c7ac                OSQFlush
                0x0080c874                OSQPend
                0x0080cb94                OSQPendAbort
                0x0080cd10                OSQPost
                0x0080ce90                OSQPostFront
                0x0080d018                OSQPostOpt
                0x0080d24c                OSQQuery
                0x0080d3cc                OS_QInit
 .text          0x0080d478      0xbc8 ../Synth5_bsp/\libucosii_bsp.a(os_sem.o)
                0x0080d478                OSSemAccept
                0x0080d538                OSSemCreate
                0x0080d64c                OSSemDel
                0x0080d8ec                OSSemPend
                0x0080db68                OSSemPendAbort
                0x0080dce4                OSSemPost
                0x0080de0c                OSSemQuery
                0x0080df3c                OSSemSet
 .text          0x0080e040     0x1a40 ../Synth5_bsp/\libucosii_bsp.a(os_task.o)
                0x0080e040                OSTaskChangePrio
                0x0080e5b4                OSTaskCreate
                0x0080e788                OSTaskCreateExt
                0x0080e988                OSTaskDel
                0x0080ed94                OSTaskDelReq
                0x0080ef04                OSTaskNameGet
                0x0080f0bc                OSTaskNameSet
                0x0080f280                OSTaskResume
                0x0080f498                OSTaskStkChk
                0x0080f694                OSTaskSuspend
                0x0080f8c0                OSTaskQuery
                0x0080fa04                OS_TaskStkClr
 .text          0x0080fa80      0x598 ../Synth5_bsp/\libucosii_bsp.a(os_time.o)
                0x0080fa80                OSTimeDly
                0x0080fbcc                OSTimeDlyHMSM
                0x0080fd40                OSTimeDlyResume
                0x0080ff50                OSTimeGet
                0x0080ffb4                OSTimeSet
 .text          0x00810018       0xf8 ../Synth5_bsp/\libucosii_bsp.a(alt_sys_init.o)
                0x00810018                alt_irq_init
                0x0081004c                alt_sys_init
 .text          0x00810110      0x560 ../Synth5_bsp/\libucosii_bsp.a(altera_avalon_fifo_util.o)
                0x00810110                altera_avalon_fifo_init
                0x008101cc                altera_avalon_fifo_read_status
                0x00810208                altera_avalon_fifo_read_ienable
                0x00810244                altera_avalon_fifo_read_almostfull
                0x00810270                altera_avalon_fifo_read_almostempty
                0x0081029c                altera_avalon_fifo_read_event
                0x008102d8                altera_avalon_fifo_read_level
                0x00810300                altera_avalon_fifo_clear_event
                0x00810368                altera_avalon_fifo_write_ienable
                0x008103c8                altera_avalon_fifo_write_almostfull
                0x00810428                altera_avalon_fifo_write_almostempty
                0x00810488                altera_avalon_fifo_write_fifo
                0x008104ec                altera_avalon_read_fifo
                0x0081055c                altera_avalon_fifo_read_fifo
                0x008105b4                altera_avalon_fifo_write_other_info
                0x0081061c                altera_avalon_fifo_read_other_info
                0x00810648                altera_avalon_fifo_read_backpressure
 .text          0x00810670      0x148 ../Synth5_bsp/\libucosii_bsp.a(altera_avalon_jtag_uart_fd.o)
                0x00810670                altera_avalon_jtag_uart_read_fd
                0x008106c8                altera_avalon_jtag_uart_write_fd
                0x00810720                altera_avalon_jtag_uart_close_fd
                0x00810768                altera_avalon_jtag_uart_ioctl_fd
 .text          0x008107b8      0x580 ../Synth5_bsp/\libucosii_bsp.a(altera_avalon_jtag_uart_init.o)
                0x008107b8                altera_avalon_jtag_uart_init
                0x00810cc4                altera_avalon_jtag_uart_close
 .text          0x00810d38       0xf4 ../Synth5_bsp/\libucosii_bsp.a(altera_avalon_jtag_uart_ioctl.o)
                0x00810d38                altera_avalon_jtag_uart_ioctl
 .text          0x00810e2c      0x2c0 ../Synth5_bsp/\libucosii_bsp.a(altera_avalon_jtag_uart_read.o)
                0x00810e2c                altera_avalon_jtag_uart_read
 .text          0x008110ec      0x2dc ../Synth5_bsp/\libucosii_bsp.a(altera_avalon_jtag_uart_write.o)
                0x008110ec                altera_avalon_jtag_uart_write
 .text          0x008113c8       0xfc ../Synth5_bsp/\libucosii_bsp.a(altera_avalon_timer_sc.o)
                0x0081143c                alt_avalon_timer_sc_init
 .text          0x008114c4      0x80c ../Synth5_bsp/\libucosii_bsp.a(altera_up_avalon_audio.o)
                0x008114c4                alt_up_audio_open_dev
                0x00811504                alt_up_audio_enable_read_interrupt
                0x00811550                alt_up_audio_disable_read_interrupt
                0x008115a0                alt_up_audio_enable_write_interrupt
                0x008115ec                alt_up_audio_disable_write_interrupt
                0x0081163c                alt_up_audio_read_interrupt_pending
                0x00811678                alt_up_audio_write_interrupt_pending
                0x008116b4                alt_up_audio_reset_audio_core
                0x0081173c                alt_up_audio_read_fifo_avail
                0x008117ac                alt_up_audio_record_r
                0x0081181c                alt_up_audio_record_l
                0x0081188c                alt_up_audio_write_fifo_space
                0x00811900                alt_up_audio_play_r
                0x00811970                alt_up_audio_play_l
                0x008119e0                alt_up_audio_read_fifo
                0x00811ae4                alt_up_audio_write_fifo
                0x00811c10                alt_up_audio_read_fifo_head
                0x00811c70                alt_up_audio_write_fifo_head
 .text          0x00811cd0      0x788 ../Synth5_bsp/\libucosii_bsp.a(altera_up_avalon_audio_and_video_config.o)
                0x00811cd0                alt_up_av_config_open_dev
                0x00811d34                alt_up_av_config_write_data
                0x00811d98                alt_up_av_config_read_data
                0x00811e24                alt_up_av_config_reset
                0x00811e5c                alt_up_av_config_enable_interrupt
                0x00811e94                alt_up_av_config_disable_interrupt
                0x00811ec4                alt_up_av_config_read_acknowledge
                0x00811f2c                alt_up_av_config_read_ready
                0x00811f64                alt_up_av_config_write_audio_cfg_register
                0x00812010                alt_up_av_config_read_video_cfg_register
                0x00812108                alt_up_av_config_write_video_cfg_register
                0x00812200                alt_up_av_config_read_DC2_cfg_register
                0x00812264                alt_up_av_config_write_DC2_cfg_register
                0x008122c8                alt_up_av_config_read_D5M_cfg_register
                0x0081232c                alt_up_av_config_write_D5M_cfg_register
                0x00812390                alt_up_av_config_read_LTM_cfg_register
                0x008123f4                alt_up_av_config_write_LTM_cfg_register
 .text          0x00812458      0x530 ../Synth5_bsp/\libucosii_bsp.a(altera_up_avalon_character_lcd.o)
                0x00812458                get_DDRAM_addr
                0x008124d4                alt_up_character_lcd_send_cmd
                0x00812508                alt_up_character_lcd_init
                0x0081253c                alt_up_character_lcd_open_dev
                0x0081257c                alt_up_character_lcd_write
                0x008125f4                alt_up_character_lcd_string
                0x0081266c                alt_up_character_lcd_write_fd
                0x008126b8                alt_up_character_lcd_set_cursor_pos
                0x00812730                alt_up_character_lcd_shift_cursor
                0x008127e0                alt_up_character_lcd_shift_display
                0x00812890                alt_up_character_lcd_erase_pos
                0x00812920                alt_up_character_lcd_cursor_off
                0x00812954                alt_up_character_lcd_cursor_blink_on
 .text          0x00812988      0x154 ../Synth5_bsp/\libucosii_bsp.a(alt_alarm_start.o)
                0x00812988                alt_alarm_start
 .text          0x00812adc       0x44 ../Synth5_bsp/\libucosii_bsp.a(alt_dcache_flush_all.o)
                0x00812adc                alt_dcache_flush_all
 .text          0x00812b20      0x114 ../Synth5_bsp/\libucosii_bsp.a(alt_dev_llist_insert.o)
                0x00812b20                alt_dev_llist_insert
 .text          0x00812c34       0x64 ../Synth5_bsp/\libucosii_bsp.a(alt_do_ctors.o)
                0x00812c34                _do_ctors
 .text          0x00812c98       0x64 ../Synth5_bsp/\libucosii_bsp.a(alt_do_dtors.o)
                0x00812c98                _do_dtors
 .text          0x00812cfc       0x94 ../Synth5_bsp/\libucosii_bsp.a(alt_find_dev.o)
                0x00812cfc                alt_find_dev
 .text          0x00812d90       0x30 ../Synth5_bsp/\libucosii_bsp.a(alt_icache_flush_all.o)
                0x00812d90                alt_icache_flush_all
 .text          0x00812dc0      0x13c ../Synth5_bsp/\libucosii_bsp.a(alt_io_redirect.o)
                0x00812e84                alt_io_redirect
 .text          0x00812efc      0x1c0 ../Synth5_bsp/\libucosii_bsp.a(alt_irq_register.o)
                0x00812efc                alt_irq_register
 .text          0x008130bc        0x0 ../Synth5_bsp/\libucosii_bsp.a(alt_irq_vars.o)
 .text          0x008130bc      0x2c4 ../Synth5_bsp/\libucosii_bsp.a(alt_open.o)
                0x00813198                open
 .text          0x00813380      0x1a8 ../Synth5_bsp/\libucosii_bsp.a(alt_tick.o)
                0x00813380                alt_alarm_stop
                0x00813418                alt_tick
 .text          0x00813528       0x20 ../Synth5_bsp/\libucosii_bsp.a(altera_nios2_qsys_irq.o)
                0x00813528                altera_nios2_qsys_irq_init
 .text          0x00813548       0xd0 ../Synth5_bsp/\libucosii_bsp.a(os_cpu_a.o)
                0x00813548                OSCtxSw
                0x00813548                OSIntCtxSw
                0x008135d4                OSStartHighRdy
                0x008135f4                OSStartTsk
 .text          0x00813618      0x418 ../Synth5_bsp/\libucosii_bsp.a(os_cpu_c.o)
                0x00813618                OSTaskStkInit
                0x00813928                OSTaskCreateHook
                0x00813948                OSTaskDelHook
                0x00813968                OSTaskSwHook
                0x00813984                OSTaskStatHook
                0x008139a0                OSTimeTickHook
                0x008139bc                OSInitHookBegin
                0x008139d8                OSInitHookEnd
                0x008139f4                OSTaskIdleHook
                0x00813a10                OSTCBInitHook
 .text          0x00813a30      0x120 ../Synth5_bsp/\libucosii_bsp.a(alt_find_file.o)
                0x00813a30                alt_find_file
 .text          0x00813b50       0xf4 ../Synth5_bsp/\libucosii_bsp.a(alt_get_fd.o)
                0x00813b50                alt_get_fd
 .text          0x00813c44       0x90 ../Synth5_bsp/\libucosii_bsp.a(alt_icache_flush.o)
                0x00813c44                alt_icache_flush
 .text          0x00813cd4        0x0 ../Synth5_bsp/\libucosii_bsp.a(alt_irq_entry.o)
 .text          0x00813cd4        0x0 ../Synth5_bsp/\libucosii_bsp.a(alt_irq_handler.o)
 .text          0x00813cd4        0x0 ../Synth5_bsp/\libucosii_bsp.a(alt_exception_entry.o)
 .text          0x00813cd4       0x14 c:/altera/12.1sp1/nios2eds/bin/gnu/h-i686-mingw32/bin/../lib/gcc/nios2-elf/4.1.2/../../../../nios2-elf/lib\libc.a(lib_a-atexit.o)
                0x00813cd4                atexit
 .text          0x00813ce8       0x38 c:/altera/12.1sp1/nios2eds/bin/gnu/h-i686-mingw32/bin/../lib/gcc/nios2-elf/4.1.2/../../../../nios2-elf/lib\libc.a(lib_a-exit.o)
                0x00813ce8                exit
 .text          0x00813d20       0x74 c:/altera/12.1sp1/nios2eds/bin/gnu/h-i686-mingw32/bin/../lib/gcc/nios2-elf/4.1.2/../../../../nios2-elf/lib\libc.a(lib_a-memcmp.o)
                0x00813d20                memcmp
 .text          0x00813d94      0x134 c:/altera/12.1sp1/nios2eds/bin/gnu/h-i686-mingw32/bin/../lib/gcc/nios2-elf/4.1.2/../../../../nios2-elf/lib\libc.a(lib_a-__atexit.o)
                0x00813d94                __register_exitproc
 .text          0x00813ec8      0x1b4 c:/altera/12.1sp1/nios2eds/bin/gnu/h-i686-mingw32/bin/../lib/gcc/nios2-elf/4.1.2/../../../../nios2-elf/lib\libc.a(lib_a-__call_atexit.o)
                0x00813ecc                __call_exitprocs
 .text          0x0081407c      0x14c c:/altera/12.1sp1/nios2eds/bin/gnu/h-i686-mingw32/bin/../lib/gcc/nios2-elf/4.1.2\libgcc.a(lib2-divmod.o)
                0x008140f8                __divsi3
                0x00814158                __modsi3
                0x008141b8                __udivsi3
                0x008141c0                __umodsi3
 .text          0x008141c8       0x6c ../Synth5_bsp/\libucosii_bsp.a(alt_exit.o)
                0x00814208                _exit
 *(.gnu.warning.*)
 *(.fini)
                0x00814234                PROVIDE (__etext, ABSOLUTE (.))
                0x00814234                PROVIDE (_etext, ABSOLUTE (.))
                0x00814234                PROVIDE (etext, ABSOLUTE (.))
 *(.eh_frame_hdr)
                0x00814234                . = ALIGN (0x4)
                0x00814234                PROVIDE (__preinit_array_start, ABSOLUTE (.))
 *(.preinit_array)
                0x00814234                PROVIDE (__preinit_array_end, ABSOLUTE (.))
                0x00814234                PROVIDE (__init_array_start, ABSOLUTE (.))
 *(.init_array)
                0x00814234                PROVIDE (__init_array_end, ABSOLUTE (.))
                0x00814234                PROVIDE (__fini_array_start, ABSOLUTE (.))
 *(.fini_array)
                0x00814234                PROVIDE (__fini_array_end, ABSOLUTE (.))
 *(.eh_frame)
 *(.gcc_except_table)
 *(.dynamic)
                0x00814234                PROVIDE (__CTOR_LIST__, ABSOLUTE (.))
 *(.ctors)
 *(SORT(.ctors.*))
 .ctors.65535   0x00814234        0x4 c:/altera/12.1sp1/nios2eds/bin/gnu/h-i686-mingw32/bin/../lib/gcc/nios2-elf/4.1.2/../../../../nios2-elf/lib\libc.a(lib_a-__call_atexit.o)
                0x00814238                PROVIDE (__CTOR_END__, ABSOLUTE (.))
                0x00814238                PROVIDE (__DTOR_LIST__, ABSOLUTE (.))
 *(.dtors)
 *(SORT(.dtors.*))
                0x00814238                PROVIDE (__DTOR_END__, ABSOLUTE (.))
 *(.jcr)
                0x00814238                . = ALIGN (0x4)

.rodata         0x00814238      0x3c8
                0x00814238                PROVIDE (__ram_rodata_start, ABSOLUTE (.))
                0x00814238                . = ALIGN (0x4)
 *(.rodata .rodata.* .gnu.linkonce.r.*)
 .rodata        0x00814238       0xb4 obj/default/hello_ucosii.o
 .rodata.str1.4
                0x008142ec        0x4 c:/altera/12.1sp1/nios2eds/bin/gnu/h-i686-mingw32/bin/../lib/gcc/nios2-elf/4.1.2/../../../../nios2-elf/lib\libm.a(lib_a-w_pow.o)
 .rodata.str1.4
                0x008142f0        0x1 c:/altera/12.1sp1/nios2eds/bin/gnu/h-i686-mingw32/bin/../lib/gcc/nios2-elf/4.1.2/../../../../nios2-elf/lib\libm.a(lib_a-e_pow.o)
                                  0x4 (size before relaxing)
 *fill*         0x008142f1        0x3 00
 .rodata        0x008142f4       0x30 c:/altera/12.1sp1/nios2eds/bin/gnu/h-i686-mingw32/bin/../lib/gcc/nios2-elf/4.1.2/../../../../nios2-elf/lib\libm.a(lib_a-e_pow.o)
 .rodata        0x00814324       0x10 c:/altera/12.1sp1/nios2eds/bin/gnu/h-i686-mingw32/bin/../lib/gcc/nios2-elf/4.1.2/../../../../nios2-elf/lib\libm.a(lib_a-s_rint.o)
 .rodata        0x00814334       0x10 c:/altera/12.1sp1/nios2eds/bin/gnu/h-i686-mingw32/bin/../lib/gcc/nios2-elf/4.1.2\libgcc.a(_thenan_sf.o)
                0x00814334                __thenan_sf
 .rodata        0x00814344       0x14 c:/altera/12.1sp1/nios2eds/bin/gnu/h-i686-mingw32/bin/../lib/gcc/nios2-elf/4.1.2\libgcc.a(_thenan_df.o)
                0x00814344                __thenan_df
 .rodata        0x00814358      0x100 c:/altera/12.1sp1/nios2eds/bin/gnu/h-i686-mingw32/bin/../lib/gcc/nios2-elf/4.1.2\libgcc.a(_clz.o)
                0x00814358                __clz_tab
 .rodata.str1.4
                0x00814458        0x2 c:/altera/12.1sp1/nios2eds/bin/gnu/h-i686-mingw32/bin/../lib/gcc/nios2-elf/4.1.2/../../../../nios2-elf/lib\libc.a(lib_a-impure.o)
                                  0x4 (size before relaxing)
 *fill*         0x0081445a        0x2 00
 .rodata.str1.4
                0x0081445c        0x4 c:/altera/12.1sp1/nios2eds/bin/gnu/h-i686-mingw32/bin/../lib/gcc/nios2-elf/4.1.2/../../../../nios2-elf/lib\libc.a(lib_a-puts.o)
 .rodata        0x00814460        0xc ../Synth5_bsp/\libucosii_bsp.a(alt_dev.o)
 .rodata        0x0081446c       0x14 ../Synth5_bsp/\libucosii_bsp.a(alt_main.o)
 .rodata        0x00814480      0x120 ../Synth5_bsp/\libucosii_bsp.a(os_core.o)
                0x00814480                OSUnMapTbl
 .rodata        0x008145a0       0x5c ../Synth5_bsp/\libucosii_bsp.a(alt_sys_init.o)
 .rodata        0x008145fc        0x4 ../Synth5_bsp/\libucosii_bsp.a(os_cpu_c.o)
 *(.rodata1)
                0x00814600                . = ALIGN (0x4)
                0x00814600                PROVIDE (__ram_rodata_end, ABSOLUTE (.))
                0x00814238                PROVIDE (__flash_rodata_start, LOADADDR (.rodata))

.rwdata         0x00814600     0x1b60 load address 0x00816160
                0x00814600                PROVIDE (__ram_rwdata_start, ABSOLUTE (.))
                0x00814600                . = ALIGN (0x4)
 *(.got.plt)
 *(.got)
 *(.data1)
 *(.data .data.* .gnu.linkonce.d.*)
 .data          0x00814600        0x0 ../Synth5_bsp//obj/HAL/src/crt0.o
 .data          0x00814600        0x0 obj/default/MidiDriver.o
 .data          0x00814600        0x0 obj/default/hello_ucosii.o
 .data          0x00814600        0x0 c:/altera/12.1sp1/nios2eds/bin/gnu/h-i686-mingw32/bin/../lib/gcc/nios2-elf/4.1.2/../../../../nios2-elf/lib\libm.a(lib_a-sf_round.o)
 .data          0x00814600        0x0 c:/altera/12.1sp1/nios2eds/bin/gnu/h-i686-mingw32/bin/../lib/gcc/nios2-elf/4.1.2/../../../../nios2-elf/lib\libm.a(lib_a-w_pow.o)
 .data          0x00814600        0x0 c:/altera/12.1sp1/nios2eds/bin/gnu/h-i686-mingw32/bin/../lib/gcc/nios2-elf/4.1.2/../../../../nios2-elf/lib\libm.a(lib_a-e_pow.o)
 .data          0x00814600        0x0 c:/altera/12.1sp1/nios2eds/bin/gnu/h-i686-mingw32/bin/../lib/gcc/nios2-elf/4.1.2/../../../../nios2-elf/lib\libm.a(lib_a-e_sqrt.o)
 .data          0x00814600        0x0 c:/altera/12.1sp1/nios2eds/bin/gnu/h-i686-mingw32/bin/../lib/gcc/nios2-elf/4.1.2/../../../../nios2-elf/lib\libm.a(lib_a-s_fabs.o)
 .data          0x00814600        0x0 c:/altera/12.1sp1/nios2eds/bin/gnu/h-i686-mingw32/bin/../lib/gcc/nios2-elf/4.1.2/../../../../nios2-elf/lib\libm.a(lib_a-s_finite.o)
 .data          0x00814600        0x0 c:/altera/12.1sp1/nios2eds/bin/gnu/h-i686-mingw32/bin/../lib/gcc/nios2-elf/4.1.2/../../../../nios2-elf/lib\libm.a(lib_a-s_isnand.o)
 .data          0x00814600        0x0 c:/altera/12.1sp1/nios2eds/bin/gnu/h-i686-mingw32/bin/../lib/gcc/nios2-elf/4.1.2/../../../../nios2-elf/lib\libm.a(lib_a-s_lib_ver.o)
 .data          0x00814600        0x0 c:/altera/12.1sp1/nios2eds/bin/gnu/h-i686-mingw32/bin/../lib/gcc/nios2-elf/4.1.2/../../../../nios2-elf/lib\libm.a(lib_a-s_matherr.o)
 .data          0x00814600        0x0 c:/altera/12.1sp1/nios2eds/bin/gnu/h-i686-mingw32/bin/../lib/gcc/nios2-elf/4.1.2/../../../../nios2-elf/lib\libm.a(lib_a-s_nan.o)
 .data          0x00814600        0x0 c:/altera/12.1sp1/nios2eds/bin/gnu/h-i686-mingw32/bin/../lib/gcc/nios2-elf/4.1.2/../../../../nios2-elf/lib\libm.a(lib_a-s_rint.o)
 .data          0x00814600        0x0 c:/altera/12.1sp1/nios2eds/bin/gnu/h-i686-mingw32/bin/../lib/gcc/nios2-elf/4.1.2/../../../../nios2-elf/lib\libm.a(lib_a-s_scalbn.o)
 .data          0x00814600        0x0 c:/altera/12.1sp1/nios2eds/bin/gnu/h-i686-mingw32/bin/../lib/gcc/nios2-elf/4.1.2/../../../../nios2-elf/lib\libm.a(lib_a-s_copysign.o)
 .data          0x00814600        0x0 c:/altera/12.1sp1/nios2eds/bin/gnu/h-i686-mingw32/bin/../lib/gcc/nios2-elf/4.1.2\libgcc.a(_addsub_sf.o)
 .data          0x00814600        0x0 c:/altera/12.1sp1/nios2eds/bin/gnu/h-i686-mingw32/bin/../lib/gcc/nios2-elf/4.1.2\libgcc.a(_mul_sf.o)
 .data          0x00814600        0x0 c:/altera/12.1sp1/nios2eds/bin/gnu/h-i686-mingw32/bin/../lib/gcc/nios2-elf/4.1.2\libgcc.a(_div_sf.o)
 .data          0x00814600        0x0 c:/altera/12.1sp1/nios2eds/bin/gnu/h-i686-mingw32/bin/../lib/gcc/nios2-elf/4.1.2\libgcc.a(_sf_to_si.o)
 .data          0x00814600        0x0 c:/altera/12.1sp1/nios2eds/bin/gnu/h-i686-mingw32/bin/../lib/gcc/nios2-elf/4.1.2\libgcc.a(_thenan_sf.o)
 .data          0x00814600        0x0 c:/altera/12.1sp1/nios2eds/bin/gnu/h-i686-mingw32/bin/../lib/gcc/nios2-elf/4.1.2\libgcc.a(_addsub_df.o)
 .data          0x00814600        0x0 c:/altera/12.1sp1/nios2eds/bin/gnu/h-i686-mingw32/bin/../lib/gcc/nios2-elf/4.1.2\libgcc.a(_mul_df.o)
 .data          0x00814600        0x0 c:/altera/12.1sp1/nios2eds/bin/gnu/h-i686-mingw32/bin/../lib/gcc/nios2-elf/4.1.2\libgcc.a(_div_df.o)
 .data          0x00814600        0x0 c:/altera/12.1sp1/nios2eds/bin/gnu/h-i686-mingw32/bin/../lib/gcc/nios2-elf/4.1.2\libgcc.a(_eq_df.o)
 .data          0x00814600        0x0 c:/altera/12.1sp1/nios2eds/bin/gnu/h-i686-mingw32/bin/../lib/gcc/nios2-elf/4.1.2\libgcc.a(_ne_df.o)
 .data          0x00814600        0x0 c:/altera/12.1sp1/nios2eds/bin/gnu/h-i686-mingw32/bin/../lib/gcc/nios2-elf/4.1.2\libgcc.a(_gt_df.o)
 .data          0x00814600        0x0 c:/altera/12.1sp1/nios2eds/bin/gnu/h-i686-mingw32/bin/../lib/gcc/nios2-elf/4.1.2\libgcc.a(_lt_df.o)
 .data          0x00814600        0x0 c:/altera/12.1sp1/nios2eds/bin/gnu/h-i686-mingw32/bin/../lib/gcc/nios2-elf/4.1.2\libgcc.a(_le_df.o)
 .data          0x00814600        0x0 c:/altera/12.1sp1/nios2eds/bin/gnu/h-i686-mingw32/bin/../lib/gcc/nios2-elf/4.1.2\libgcc.a(_si_to_df.o)
 .data          0x00814600        0x0 c:/altera/12.1sp1/nios2eds/bin/gnu/h-i686-mingw32/bin/../lib/gcc/nios2-elf/4.1.2\libgcc.a(_df_to_sf.o)
 .data          0x00814600        0x0 c:/altera/12.1sp1/nios2eds/bin/gnu/h-i686-mingw32/bin/../lib/gcc/nios2-elf/4.1.2\libgcc.a(_thenan_df.o)
 .data          0x00814600        0x0 c:/altera/12.1sp1/nios2eds/bin/gnu/h-i686-mingw32/bin/../lib/gcc/nios2-elf/4.1.2\libgcc.a(_muldi3.o)
 .data          0x00814600        0x0 c:/altera/12.1sp1/nios2eds/bin/gnu/h-i686-mingw32/bin/../lib/gcc/nios2-elf/4.1.2\libgcc.a(_clzsi2.o)
 .data          0x00814600        0x0 c:/altera/12.1sp1/nios2eds/bin/gnu/h-i686-mingw32/bin/../lib/gcc/nios2-elf/4.1.2\libgcc.a(_pack_sf.o)
 .data          0x00814600        0x0 c:/altera/12.1sp1/nios2eds/bin/gnu/h-i686-mingw32/bin/../lib/gcc/nios2-elf/4.1.2\libgcc.a(_unpack_sf.o)
 .data          0x00814600        0x0 c:/altera/12.1sp1/nios2eds/bin/gnu/h-i686-mingw32/bin/../lib/gcc/nios2-elf/4.1.2\libgcc.a(_make_sf.o)
 .data          0x00814600        0x0 c:/altera/12.1sp1/nios2eds/bin/gnu/h-i686-mingw32/bin/../lib/gcc/nios2-elf/4.1.2\libgcc.a(_pack_df.o)
 .data          0x00814600        0x0 c:/altera/12.1sp1/nios2eds/bin/gnu/h-i686-mingw32/bin/../lib/gcc/nios2-elf/4.1.2\libgcc.a(_unpack_df.o)
 .data          0x00814600        0x0 c:/altera/12.1sp1/nios2eds/bin/gnu/h-i686-mingw32/bin/../lib/gcc/nios2-elf/4.1.2\libgcc.a(_fpcmp_parts_df.o)
 .data          0x00814600        0x0 c:/altera/12.1sp1/nios2eds/bin/gnu/h-i686-mingw32/bin/../lib/gcc/nios2-elf/4.1.2\libgcc.a(_clz.o)
 .data          0x00814600        0x0 c:/altera/12.1sp1/nios2eds/bin/gnu/h-i686-mingw32/bin/../lib/gcc/nios2-elf/4.1.2/../../../../nios2-elf/lib\libc.a(lib_a-errno.o)
 .data          0x00814600      0x400 c:/altera/12.1sp1/nios2eds/bin/gnu/h-i686-mingw32/bin/../lib/gcc/nios2-elf/4.1.2/../../../../nios2-elf/lib\libc.a(lib_a-impure.o)
 .data          0x00814a00        0x0 c:/altera/12.1sp1/nios2eds/bin/gnu/h-i686-mingw32/bin/../lib/gcc/nios2-elf/4.1.2/../../../../nios2-elf/lib\libc.a(lib_a-puts.o)
 .data          0x00814a00        0x0 c:/altera/12.1sp1/nios2eds/bin/gnu/h-i686-mingw32/bin/../lib/gcc/nios2-elf/4.1.2/../../../../nios2-elf/lib\libc.a(lib_a-strlen.o)
 .data          0x00814a00        0x0 c:/altera/12.1sp1/nios2eds/bin/gnu/h-i686-mingw32/bin/../lib/gcc/nios2-elf/4.1.2/../../../../nios2-elf/lib\libc.a(lib_a-fvwrite.o)
 .data          0x00814a00      0x408 c:/altera/12.1sp1/nios2eds/bin/gnu/h-i686-mingw32/bin/../lib/gcc/nios2-elf/4.1.2/../../../../nios2-elf/lib\libc.a(lib_a-mallocr.o)
                0x00814a00                __malloc_av_
 .data          0x00814e08        0x0 c:/altera/12.1sp1/nios2eds/bin/gnu/h-i686-mingw32/bin/../lib/gcc/nios2-elf/4.1.2/../../../../nios2-elf/lib\libc.a(lib_a-memchr.o)
 .data          0x00814e08        0x0 c:/altera/12.1sp1/nios2eds/bin/gnu/h-i686-mingw32/bin/../lib/gcc/nios2-elf/4.1.2/../../../../nios2-elf/lib\libc.a(lib_a-memcpy.o)
 .data          0x00814e08        0x0 c:/altera/12.1sp1/nios2eds/bin/gnu/h-i686-mingw32/bin/../lib/gcc/nios2-elf/4.1.2/../../../../nios2-elf/lib\libc.a(lib_a-memmove.o)
 .data          0x00814e08        0x0 c:/altera/12.1sp1/nios2eds/bin/gnu/h-i686-mingw32/bin/../lib/gcc/nios2-elf/4.1.2/../../../../nios2-elf/lib\libc.a(lib_a-reallocr.o)
 .data          0x00814e08        0x0 c:/altera/12.1sp1/nios2eds/bin/gnu/h-i686-mingw32/bin/../lib/gcc/nios2-elf/4.1.2/../../../../nios2-elf/lib\libc.a(lib_a-sbrkr.o)
 .data          0x00814e08        0x0 c:/altera/12.1sp1/nios2eds/bin/gnu/h-i686-mingw32/bin/../lib/gcc/nios2-elf/4.1.2/../../../../nios2-elf/lib\libc.a(lib_a-wsetup.o)
 .data          0x00814e08        0x0 c:/altera/12.1sp1/nios2eds/bin/gnu/h-i686-mingw32/bin/../lib/gcc/nios2-elf/4.1.2/../../../../nios2-elf/lib\libc.a(lib_a-fflush.o)
 .data          0x00814e08        0x0 c:/altera/12.1sp1/nios2eds/bin/gnu/h-i686-mingw32/bin/../lib/gcc/nios2-elf/4.1.2/../../../../nios2-elf/lib\libc.a(lib_a-findfp.o)
 .data          0x00814e08        0x0 c:/altera/12.1sp1/nios2eds/bin/gnu/h-i686-mingw32/bin/../lib/gcc/nios2-elf/4.1.2/../../../../nios2-elf/lib\libc.a(lib_a-freer.o)
 .data          0x00814e08        0x0 c:/altera/12.1sp1/nios2eds/bin/gnu/h-i686-mingw32/bin/../lib/gcc/nios2-elf/4.1.2/../../../../nios2-elf/lib\libc.a(lib_a-fwalk.o)
 .data          0x00814e08        0x0 c:/altera/12.1sp1/nios2eds/bin/gnu/h-i686-mingw32/bin/../lib/gcc/nios2-elf/4.1.2/../../../../nios2-elf/lib\libc.a(lib_a-int_errno.o)
 .data          0x00814e08        0x0 c:/altera/12.1sp1/nios2eds/bin/gnu/h-i686-mingw32/bin/../lib/gcc/nios2-elf/4.1.2/../../../../nios2-elf/lib\libc.a(lib_a-makebuf.o)
 .data          0x00814e08        0x0 c:/altera/12.1sp1/nios2eds/bin/gnu/h-i686-mingw32/bin/../lib/gcc/nios2-elf/4.1.2/../../../../nios2-elf/lib\libc.a(lib_a-memset.o)
 .data          0x00814e08        0x0 c:/altera/12.1sp1/nios2eds/bin/gnu/h-i686-mingw32/bin/../lib/gcc/nios2-elf/4.1.2/../../../../nios2-elf/lib\libc.a(lib_a-stdio.o)
 .data          0x00814e08        0x0 c:/altera/12.1sp1/nios2eds/bin/gnu/h-i686-mingw32/bin/../lib/gcc/nios2-elf/4.1.2/../../../../nios2-elf/lib\libc.a(lib_a-writer.o)
 .data          0x00814e08        0x0 c:/altera/12.1sp1/nios2eds/bin/gnu/h-i686-mingw32/bin/../lib/gcc/nios2-elf/4.1.2/../../../../nios2-elf/lib\libc.a(lib_a-closer.o)
 .data          0x00814e08        0x0 c:/altera/12.1sp1/nios2eds/bin/gnu/h-i686-mingw32/bin/../lib/gcc/nios2-elf/4.1.2/../../../../nios2-elf/lib\libc.a(lib_a-fclose.o)
 .data          0x00814e08        0x0 c:/altera/12.1sp1/nios2eds/bin/gnu/h-i686-mingw32/bin/../lib/gcc/nios2-elf/4.1.2/../../../../nios2-elf/lib\libc.a(lib_a-fstatr.o)
 .data          0x00814e08        0x0 c:/altera/12.1sp1/nios2eds/bin/gnu/h-i686-mingw32/bin/../lib/gcc/nios2-elf/4.1.2/../../../../nios2-elf/lib\libc.a(lib_a-isattyr.o)
 .data          0x00814e08        0x0 c:/altera/12.1sp1/nios2eds/bin/gnu/h-i686-mingw32/bin/../lib/gcc/nios2-elf/4.1.2/../../../../nios2-elf/lib\libc.a(lib_a-lseekr.o)
 .data          0x00814e08        0x0 c:/altera/12.1sp1/nios2eds/bin/gnu/h-i686-mingw32/bin/../lib/gcc/nios2-elf/4.1.2/../../../../nios2-elf/lib\libc.a(lib_a-readr.o)
 .data          0x00814e08        0x0 ../Synth5_bsp/\libucosii_bsp.a(alt_close.o)
 .data          0x00814e08      0x1a8 ../Synth5_bsp/\libucosii_bsp.a(alt_dev.o)
                0x00814e08                alt_dev_null
                0x00814e30                alt_fd_list
 .data          0x00814fb0        0x0 ../Synth5_bsp/\libucosii_bsp.a(alt_errno.o)
 .data          0x00814fb0        0x0 ../Synth5_bsp/\libucosii_bsp.a(alt_fstat.o)
 .data          0x00814fb0        0x0 ../Synth5_bsp/\libucosii_bsp.a(alt_isatty.o)
 .data          0x00814fb0        0x0 ../Synth5_bsp/\libucosii_bsp.a(alt_load.o)
 .data          0x00814fb0        0x0 ../Synth5_bsp/\libucosii_bsp.a(alt_lseek.o)
 .data          0x00814fb0        0x0 ../Synth5_bsp/\libucosii_bsp.a(alt_main.o)
 .data          0x00814fb0        0x0 ../Synth5_bsp/\libucosii_bsp.a(alt_read.o)
 .data          0x00814fb0        0x0 ../Synth5_bsp/\libucosii_bsp.a(alt_release_fd.o)
 .data          0x00814fb0        0x0 ../Synth5_bsp/\libucosii_bsp.a(alt_sbrk.o)
 .data          0x00814fb0        0x0 ../Synth5_bsp/\libucosii_bsp.a(alt_write.o)
 .data          0x00814fb0        0x0 ../Synth5_bsp/\libucosii_bsp.a(alt_env_lock.o)
 .data          0x00814fb0        0x0 ../Synth5_bsp/\libucosii_bsp.a(alt_malloc_lock.o)
 .data          0x00814fb0        0x0 ../Synth5_bsp/\libucosii_bsp.a(os_core.o)
 .data          0x00814fb0        0x0 ../Synth5_bsp/\libucosii_bsp.a(os_dbg.o)
 .data          0x00814fb0        0x0 ../Synth5_bsp/\libucosii_bsp.a(os_flag.o)
 .data          0x00814fb0        0x0 ../Synth5_bsp/\libucosii_bsp.a(os_mem.o)
 .data          0x00814fb0        0x0 ../Synth5_bsp/\libucosii_bsp.a(os_q.o)
 .data          0x00814fb0        0x0 ../Synth5_bsp/\libucosii_bsp.a(os_sem.o)
 .data          0x00814fb0        0x0 ../Synth5_bsp/\libucosii_bsp.a(os_task.o)
 .data          0x00814fb0        0x0 ../Synth5_bsp/\libucosii_bsp.a(os_time.o)
 .data          0x00814fb0     0x10f8 ../Synth5_bsp/\libucosii_bsp.a(alt_sys_init.o)
 .data          0x008160a8        0x0 ../Synth5_bsp/\libucosii_bsp.a(altera_avalon_fifo_util.o)
 .data          0x008160a8        0x0 ../Synth5_bsp/\libucosii_bsp.a(altera_avalon_jtag_uart_fd.o)
 .data          0x008160a8        0x0 ../Synth5_bsp/\libucosii_bsp.a(altera_avalon_jtag_uart_init.o)
 .data          0x008160a8        0x0 ../Synth5_bsp/\libucosii_bsp.a(altera_avalon_jtag_uart_ioctl.o)
 .data          0x008160a8        0x0 ../Synth5_bsp/\libucosii_bsp.a(altera_avalon_jtag_uart_read.o)
 .data          0x008160a8        0x0 ../Synth5_bsp/\libucosii_bsp.a(altera_avalon_jtag_uart_write.o)
 .data          0x008160a8        0x0 ../Synth5_bsp/\libucosii_bsp.a(altera_avalon_timer_sc.o)
 .data          0x008160a8        0x0 ../Synth5_bsp/\libucosii_bsp.a(altera_up_avalon_audio.o)
 .data          0x008160a8        0x0 ../Synth5_bsp/\libucosii_bsp.a(altera_up_avalon_audio_and_video_config.o)
 .data          0x008160a8        0x0 ../Synth5_bsp/\libucosii_bsp.a(altera_up_avalon_character_lcd.o)
 .data          0x008160a8        0x0 ../Synth5_bsp/\libucosii_bsp.a(alt_alarm_start.o)
 .data          0x008160a8        0x0 ../Synth5_bsp/\libucosii_bsp.a(alt_dcache_flush_all.o)
 .data          0x008160a8        0x0 ../Synth5_bsp/\libucosii_bsp.a(alt_dev_llist_insert.o)
 .data          0x008160a8        0x0 ../Synth5_bsp/\libucosii_bsp.a(alt_do_ctors.o)
 .data          0x008160a8        0x0 ../Synth5_bsp/\libucosii_bsp.a(alt_do_dtors.o)
 .data          0x008160a8        0x0 ../Synth5_bsp/\libucosii_bsp.a(alt_find_dev.o)
 .data          0x008160a8        0x0 ../Synth5_bsp/\libucosii_bsp.a(alt_icache_flush_all.o)
 .data          0x008160a8        0x0 ../Synth5_bsp/\libucosii_bsp.a(alt_io_redirect.o)
 .data          0x008160a8        0x0 ../Synth5_bsp/\libucosii_bsp.a(alt_irq_register.o)
 .data          0x008160a8        0x0 ../Synth5_bsp/\libucosii_bsp.a(alt_irq_vars.o)
 .data          0x008160a8        0x0 ../Synth5_bsp/\libucosii_bsp.a(alt_open.o)
 .data          0x008160a8        0x0 ../Synth5_bsp/\libucosii_bsp.a(alt_tick.o)
 .data          0x008160a8        0x0 ../Synth5_bsp/\libucosii_bsp.a(altera_nios2_qsys_irq.o)
 .data          0x008160a8        0x0 ../Synth5_bsp/\libucosii_bsp.a(os_cpu_a.o)
 .data          0x008160a8        0x0 ../Synth5_bsp/\libucosii_bsp.a(os_cpu_c.o)
 .data          0x008160a8        0x0 ../Synth5_bsp/\libucosii_bsp.a(alt_find_file.o)
 .data          0x008160a8        0x0 ../Synth5_bsp/\libucosii_bsp.a(alt_get_fd.o)
 .data          0x008160a8        0x0 ../Synth5_bsp/\libucosii_bsp.a(alt_icache_flush.o)
 .data          0x008160a8        0x0 ../Synth5_bsp/\libucosii_bsp.a(alt_irq_entry.o)
 .data          0x008160a8        0x0 ../Synth5_bsp/\libucosii_bsp.a(alt_irq_handler.o)
 .data          0x008160a8        0x0 ../Synth5_bsp/\libucosii_bsp.a(alt_exception_entry.o)
 .data          0x008160a8        0x0 c:/altera/12.1sp1/nios2eds/bin/gnu/h-i686-mingw32/bin/../lib/gcc/nios2-elf/4.1.2/../../../../nios2-elf/lib\libc.a(lib_a-atexit.o)
 .data          0x008160a8        0x0 c:/altera/12.1sp1/nios2eds/bin/gnu/h-i686-mingw32/bin/../lib/gcc/nios2-elf/4.1.2/../../../../nios2-elf/lib\libc.a(lib_a-exit.o)
 .data          0x008160a8        0x0 c:/altera/12.1sp1/nios2eds/bin/gnu/h-i686-mingw32/bin/../lib/gcc/nios2-elf/4.1.2/../../../../nios2-elf/lib\libc.a(lib_a-memcmp.o)
 .data          0x008160a8        0x0 c:/altera/12.1sp1/nios2eds/bin/gnu/h-i686-mingw32/bin/../lib/gcc/nios2-elf/4.1.2/../../../../nios2-elf/lib\libc.a(lib_a-__atexit.o)
 .data          0x008160a8        0x0 c:/altera/12.1sp1/nios2eds/bin/gnu/h-i686-mingw32/bin/../lib/gcc/nios2-elf/4.1.2/../../../../nios2-elf/lib\libc.a(lib_a-__call_atexit.o)
 .data          0x008160a8        0x0 c:/altera/12.1sp1/nios2eds/bin/gnu/h-i686-mingw32/bin/../lib/gcc/nios2-elf/4.1.2\libgcc.a(lib2-divmod.o)
 .data          0x008160a8        0x0 ../Synth5_bsp/\libucosii_bsp.a(alt_exit.o)
                0x0081e0a8                _gp = ABSOLUTE ((. + 0x8000))
                0x0081e0a8                PROVIDE (gp, _gp)
 *(.rwdata .rwdata.*)
 *(.sdata .sdata.* .gnu.linkonce.s.*)
 .sdata         0x008160a8        0x4 c:/altera/12.1sp1/nios2eds/bin/gnu/h-i686-mingw32/bin/../lib/gcc/nios2-elf/4.1.2/../../../../nios2-elf/lib\libm.a(lib_a-s_lib_ver.o)
                0x008160a8                __fdlib_version
 .sdata         0x008160ac        0x8 c:/altera/12.1sp1/nios2eds/bin/gnu/h-i686-mingw32/bin/../lib/gcc/nios2-elf/4.1.2/../../../../nios2-elf/lib\libc.a(lib_a-impure.o)
                0x008160ac                _impure_ptr
                0x008160b0                _global_impure_ptr
 .sdata         0x008160b4        0x8 c:/altera/12.1sp1/nios2eds/bin/gnu/h-i686-mingw32/bin/../lib/gcc/nios2-elf/4.1.2/../../../../nios2-elf/lib\libc.a(lib_a-mallocr.o)
                0x008160b4                __malloc_trim_threshold
                0x008160b8                __malloc_sbrk_base
 .sdata         0x008160bc       0x14 ../Synth5_bsp/\libucosii_bsp.a(alt_dev.o)
                0x008160bc                alt_fs_list
                0x008160c4                alt_dev_list
                0x008160cc                alt_max_fd
 .sdata         0x008160d0        0x4 ../Synth5_bsp/\libucosii_bsp.a(alt_errno.o)
                0x008160d0                alt_errno
 .sdata         0x008160d4        0x4 ../Synth5_bsp/\libucosii_bsp.a(alt_sbrk.o)
 .sdata         0x008160d8        0x4 ../Synth5_bsp/\libucosii_bsp.a(alt_env_lock.o)
 .sdata         0x008160dc        0x4 ../Synth5_bsp/\libucosii_bsp.a(alt_malloc_lock.o)
 .sdata         0x008160e0       0x74 ../Synth5_bsp/\libucosii_bsp.a(os_dbg.o)
                0x008160e0                OSDebugEn
                0x008160e4                OSEndiannessTest
                0x008160e8                OSEventEn
                0x008160ea                OSEventMax
                0x008160ec                OSEventNameSize
                0x008160ee                OSEventSize
                0x008160f0                OSEventTblSize
                0x008160f2                OSEventMultiEn
                0x008160f4                OSFlagEn
                0x008160f6                OSFlagGrpSize
                0x008160f8                OSFlagNodeSize
                0x008160fa                OSFlagWidth
                0x008160fc                OSFlagMax
                0x008160fe                OSFlagNameSize
                0x00816100                OSLowestPrio
                0x00816102                OSMboxEn
                0x00816104                OSMemEn
                0x00816106                OSMemMax
                0x00816108                OSMemNameSize
                0x0081610a                OSMemSize
                0x0081610c                OSMemTblSize
                0x0081610e                OSMutexEn
                0x00816110                OSPtrSize
                0x00816112                OSQEn
                0x00816114                OSQMax
                0x00816116                OSQSize
                0x00816118                OSRdyTblSize
                0x0081611a                OSSemEn
                0x0081611c                OSStkWidth
                0x0081611e                OSTaskCreateEn
                0x00816120                OSTaskCreateExtEn
                0x00816122                OSTaskDelEn
                0x00816124                OSTaskIdleStkSize
                0x00816126                OSTaskProfileEn
                0x00816128                OSTaskMax
                0x0081612a                OSTaskNameSize
                0x0081612c                OSTaskStatEn
                0x0081612e                OSTaskStatStkSize
                0x00816130                OSTaskStatStkChkEn
                0x00816132                OSTaskSwHookEn
                0x00816134                OSTCBPrioTblMax
                0x00816136                OSTCBSize
                0x00816138                OSTicksPerSec
                0x0081613a                OSTimeTickHookEn
                0x0081613c                OSVersionNbr
                0x0081613e                OSTmrEn
                0x00816140                OSTmrCfgMax
                0x00816142                OSTmrCfgNameSize
                0x00816144                OSTmrCfgWheelSize
                0x00816146                OSTmrCfgTicksPerSec
                0x00816148                OSTmrSize
                0x0081614a                OSTmrTblSize
                0x0081614c                OSTmrWheelSize
                0x0081614e                OSTmrWheelTblSize
                0x00816150                OSDataSize
 .sdata         0x00816154        0x4 ../Synth5_bsp/\libucosii_bsp.a(alt_irq_vars.o)
                0x00816154                alt_priority_mask
 .sdata         0x00816158        0x8 ../Synth5_bsp/\libucosii_bsp.a(alt_tick.o)
                0x00816158                alt_alarm_list
 *(.sdata2 .sdata2.* .gnu.linkonce.s2.*)
                0x00816160                . = ALIGN (0x4)
                0x00816160                _edata = ABSOLUTE (.)
                0x00816160                PROVIDE (edata, ABSOLUTE (.))
                0x00816160                PROVIDE (__ram_rwdata_end, ABSOLUTE (.))
                0x00816160                PROVIDE (__flash_rwdata_start, LOADADDR (.rwdata))

.bss            0x00817cc0     0x7570
                0x00817cc0                __bss_start = ABSOLUTE (.)
                0x00817cc0                PROVIDE (__sbss_start, ABSOLUTE (.))
                0x00817cc0                PROVIDE (___sbss_start, ABSOLUTE (.))
 *(.dynsbss)
 *(.sbss .sbss.* .gnu.linkonce.sb.*)
 .sbss          0x00817cc0        0x8 obj/default/MidiDriver.o
 .sbss          0x00817cc8        0xc c:/altera/12.1sp1/nios2eds/bin/gnu/h-i686-mingw32/bin/../lib/gcc/nios2-elf/4.1.2/../../../../nios2-elf/lib\libc.a(lib_a-mallocr.o)
                0x00817cc8                __malloc_top_pad
                0x00817ccc                __malloc_max_sbrked_mem
                0x00817cd0                __malloc_max_total_mem
 .sbss          0x00817cd4        0x4 c:/altera/12.1sp1/nios2eds/bin/gnu/h-i686-mingw32/bin/../lib/gcc/nios2-elf/4.1.2/../../../../nios2-elf/lib\libc.a(lib_a-int_errno.o)
                0x00817cd4                errno
 .sbss          0x00817cd8        0x4 ../Synth5_bsp/\libucosii_bsp.a(alt_dev.o)
                0x00817cd8                alt_fd_list_lock
 .sbss          0x00817cdc        0xc ../Synth5_bsp/\libucosii_bsp.a(alt_main.o)
                0x00817cdc                alt_argc
                0x00817ce0                alt_argv
                0x00817ce4                alt_envp
 .sbss          0x00817ce8        0x8 ../Synth5_bsp/\libucosii_bsp.a(alt_env_lock.o)
                0x00817cec                alt_envsem
 .sbss          0x00817cf0        0x8 ../Synth5_bsp/\libucosii_bsp.a(alt_malloc_lock.o)
                0x00817cf4                alt_heapsem
 .sbss          0x00817cf8       0x50 ../Synth5_bsp/\libucosii_bsp.a(os_core.o)
                0x00817cf8                OSLockNesting
                0x00817cf9                OSRunning
                0x00817cfc                OSIdleCtr
                0x00817d00                OSPrioHighRdy
                0x00817d01                OSPrioCur
                0x00817d04                OSTCBList
                0x00817d08                OSTickStepState
                0x00817d0c                OSCtxSwCtr
                0x00817d10                OSIdleCtrMax
                0x00817d14                OSTCBFreeList
                0x00817d18                OSCPUUsage
                0x00817d19                OSTaskCtr
                0x00817d1c                OSMemFreeList
                0x00817d20                OSTCBHighRdy
                0x00817d24                OSQFreeList
                0x00817d28                OSRdyGrp
                0x00817d29                OSRdyTbl
                0x00817d2c                OSEventFreeList
                0x00817d30                OSIntNesting
                0x00817d34                OSTCBCur
                0x00817d38                OSTime
                0x00817d3c                OSFlagFreeList
                0x00817d40                OSStatRdy
                0x00817d44                OSIdleCtrRun
 .sbss          0x00817d48        0x4 ../Synth5_bsp/\libucosii_bsp.a(alt_irq_vars.o)
                0x00817d48                alt_irq_active
 .sbss          0x00817d4c        0x8 ../Synth5_bsp/\libucosii_bsp.a(alt_tick.o)
                0x00817d4c                _alt_tick_rate
                0x00817d50                _alt_nticks
 *(.sbss2 .sbss2.* .gnu.linkonce.sb2.*)
 *(.scommon)
                0x00817d54                PROVIDE (__sbss_end, ABSOLUTE (.))
                0x00817d54                PROVIDE (___sbss_end, ABSOLUTE (.))
 *(.dynbss)
 *(.bss .bss.* .gnu.linkonce.b.*)
 .bss           0x00817d54        0x0 ../Synth5_bsp//obj/HAL/src/crt0.o
 .bss           0x00817d54        0x0 obj/default/MidiDriver.o
 .bss           0x00817d54        0x0 obj/default/hello_ucosii.o
 .bss           0x00817d54        0x0 c:/altera/12.1sp1/nios2eds/bin/gnu/h-i686-mingw32/bin/../lib/gcc/nios2-elf/4.1.2/../../../../nios2-elf/lib\libm.a(lib_a-sf_round.o)
 .bss           0x00817d54        0x0 c:/altera/12.1sp1/nios2eds/bin/gnu/h-i686-mingw32/bin/../lib/gcc/nios2-elf/4.1.2/../../../../nios2-elf/lib\libm.a(lib_a-w_pow.o)
 .bss           0x00817d54        0x0 c:/altera/12.1sp1/nios2eds/bin/gnu/h-i686-mingw32/bin/../lib/gcc/nios2-elf/4.1.2/../../../../nios2-elf/lib\libm.a(lib_a-e_pow.o)
 .bss           0x00817d54        0x0 c:/altera/12.1sp1/nios2eds/bin/gnu/h-i686-mingw32/bin/../lib/gcc/nios2-elf/4.1.2/../../../../nios2-elf/lib\libm.a(lib_a-e_sqrt.o)
 .bss           0x00817d54        0x0 c:/altera/12.1sp1/nios2eds/bin/gnu/h-i686-mingw32/bin/../lib/gcc/nios2-elf/4.1.2/../../../../nios2-elf/lib\libm.a(lib_a-s_fabs.o)
 .bss           0x00817d54        0x0 c:/altera/12.1sp1/nios2eds/bin/gnu/h-i686-mingw32/bin/../lib/gcc/nios2-elf/4.1.2/../../../../nios2-elf/lib\libm.a(lib_a-s_finite.o)
 .bss           0x00817d54        0x0 c:/altera/12.1sp1/nios2eds/bin/gnu/h-i686-mingw32/bin/../lib/gcc/nios2-elf/4.1.2/../../../../nios2-elf/lib\libm.a(lib_a-s_isnand.o)
 .bss           0x00817d54        0x0 c:/altera/12.1sp1/nios2eds/bin/gnu/h-i686-mingw32/bin/../lib/gcc/nios2-elf/4.1.2/../../../../nios2-elf/lib\libm.a(lib_a-s_lib_ver.o)
 .bss           0x00817d54        0x0 c:/altera/12.1sp1/nios2eds/bin/gnu/h-i686-mingw32/bin/../lib/gcc/nios2-elf/4.1.2/../../../../nios2-elf/lib\libm.a(lib_a-s_matherr.o)
 .bss           0x00817d54        0x0 c:/altera/12.1sp1/nios2eds/bin/gnu/h-i686-mingw32/bin/../lib/gcc/nios2-elf/4.1.2/../../../../nios2-elf/lib\libm.a(lib_a-s_nan.o)
 .bss           0x00817d54        0x0 c:/altera/12.1sp1/nios2eds/bin/gnu/h-i686-mingw32/bin/../lib/gcc/nios2-elf/4.1.2/../../../../nios2-elf/lib\libm.a(lib_a-s_rint.o)
 .bss           0x00817d54        0x0 c:/altera/12.1sp1/nios2eds/bin/gnu/h-i686-mingw32/bin/../lib/gcc/nios2-elf/4.1.2/../../../../nios2-elf/lib\libm.a(lib_a-s_scalbn.o)
 .bss           0x00817d54        0x0 c:/altera/12.1sp1/nios2eds/bin/gnu/h-i686-mingw32/bin/../lib/gcc/nios2-elf/4.1.2/../../../../nios2-elf/lib\libm.a(lib_a-s_copysign.o)
 .bss           0x00817d54        0x0 c:/altera/12.1sp1/nios2eds/bin/gnu/h-i686-mingw32/bin/../lib/gcc/nios2-elf/4.1.2\libgcc.a(_addsub_sf.o)
 .bss           0x00817d54        0x0 c:/altera/12.1sp1/nios2eds/bin/gnu/h-i686-mingw32/bin/../lib/gcc/nios2-elf/4.1.2\libgcc.a(_mul_sf.o)
 .bss           0x00817d54        0x0 c:/altera/12.1sp1/nios2eds/bin/gnu/h-i686-mingw32/bin/../lib/gcc/nios2-elf/4.1.2\libgcc.a(_div_sf.o)
 .bss           0x00817d54        0x0 c:/altera/12.1sp1/nios2eds/bin/gnu/h-i686-mingw32/bin/../lib/gcc/nios2-elf/4.1.2\libgcc.a(_sf_to_si.o)
 .bss           0x00817d54        0x0 c:/altera/12.1sp1/nios2eds/bin/gnu/h-i686-mingw32/bin/../lib/gcc/nios2-elf/4.1.2\libgcc.a(_thenan_sf.o)
 .bss           0x00817d54        0x0 c:/altera/12.1sp1/nios2eds/bin/gnu/h-i686-mingw32/bin/../lib/gcc/nios2-elf/4.1.2\libgcc.a(_addsub_df.o)
 .bss           0x00817d54        0x0 c:/altera/12.1sp1/nios2eds/bin/gnu/h-i686-mingw32/bin/../lib/gcc/nios2-elf/4.1.2\libgcc.a(_mul_df.o)
 .bss           0x00817d54        0x0 c:/altera/12.1sp1/nios2eds/bin/gnu/h-i686-mingw32/bin/../lib/gcc/nios2-elf/4.1.2\libgcc.a(_div_df.o)
 .bss           0x00817d54        0x0 c:/altera/12.1sp1/nios2eds/bin/gnu/h-i686-mingw32/bin/../lib/gcc/nios2-elf/4.1.2\libgcc.a(_eq_df.o)
 .bss           0x00817d54        0x0 c:/altera/12.1sp1/nios2eds/bin/gnu/h-i686-mingw32/bin/../lib/gcc/nios2-elf/4.1.2\libgcc.a(_ne_df.o)
 .bss           0x00817d54        0x0 c:/altera/12.1sp1/nios2eds/bin/gnu/h-i686-mingw32/bin/../lib/gcc/nios2-elf/4.1.2\libgcc.a(_gt_df.o)
 .bss           0x00817d54        0x0 c:/altera/12.1sp1/nios2eds/bin/gnu/h-i686-mingw32/bin/../lib/gcc/nios2-elf/4.1.2\libgcc.a(_lt_df.o)
 .bss           0x00817d54        0x0 c:/altera/12.1sp1/nios2eds/bin/gnu/h-i686-mingw32/bin/../lib/gcc/nios2-elf/4.1.2\libgcc.a(_le_df.o)
 .bss           0x00817d54        0x0 c:/altera/12.1sp1/nios2eds/bin/gnu/h-i686-mingw32/bin/../lib/gcc/nios2-elf/4.1.2\libgcc.a(_si_to_df.o)
 .bss           0x00817d54        0x0 c:/altera/12.1sp1/nios2eds/bin/gnu/h-i686-mingw32/bin/../lib/gcc/nios2-elf/4.1.2\libgcc.a(_df_to_sf.o)
 .bss           0x00817d54        0x0 c:/altera/12.1sp1/nios2eds/bin/gnu/h-i686-mingw32/bin/../lib/gcc/nios2-elf/4.1.2\libgcc.a(_thenan_df.o)
 .bss           0x00817d54        0x0 c:/altera/12.1sp1/nios2eds/bin/gnu/h-i686-mingw32/bin/../lib/gcc/nios2-elf/4.1.2\libgcc.a(_muldi3.o)
 .bss           0x00817d54        0x0 c:/altera/12.1sp1/nios2eds/bin/gnu/h-i686-mingw32/bin/../lib/gcc/nios2-elf/4.1.2\libgcc.a(_clzsi2.o)
 .bss           0x00817d54        0x0 c:/altera/12.1sp1/nios2eds/bin/gnu/h-i686-mingw32/bin/../lib/gcc/nios2-elf/4.1.2\libgcc.a(_pack_sf.o)
 .bss           0x00817d54        0x0 c:/altera/12.1sp1/nios2eds/bin/gnu/h-i686-mingw32/bin/../lib/gcc/nios2-elf/4.1.2\libgcc.a(_unpack_sf.o)
 .bss           0x00817d54        0x0 c:/altera/12.1sp1/nios2eds/bin/gnu/h-i686-mingw32/bin/../lib/gcc/nios2-elf/4.1.2\libgcc.a(_make_sf.o)
 .bss           0x00817d54        0x0 c:/altera/12.1sp1/nios2eds/bin/gnu/h-i686-mingw32/bin/../lib/gcc/nios2-elf/4.1.2\libgcc.a(_pack_df.o)
 .bss           0x00817d54        0x0 c:/altera/12.1sp1/nios2eds/bin/gnu/h-i686-mingw32/bin/../lib/gcc/nios2-elf/4.1.2\libgcc.a(_unpack_df.o)
 .bss           0x00817d54        0x0 c:/altera/12.1sp1/nios2eds/bin/gnu/h-i686-mingw32/bin/../lib/gcc/nios2-elf/4.1.2\libgcc.a(_fpcmp_parts_df.o)
 .bss           0x00817d54        0x0 c:/altera/12.1sp1/nios2eds/bin/gnu/h-i686-mingw32/bin/../lib/gcc/nios2-elf/4.1.2\libgcc.a(_clz.o)
 .bss           0x00817d54        0x0 c:/altera/12.1sp1/nios2eds/bin/gnu/h-i686-mingw32/bin/../lib/gcc/nios2-elf/4.1.2/../../../../nios2-elf/lib\libc.a(lib_a-errno.o)
 .bss           0x00817d54        0x0 c:/altera/12.1sp1/nios2eds/bin/gnu/h-i686-mingw32/bin/../lib/gcc/nios2-elf/4.1.2/../../../../nios2-elf/lib\libc.a(lib_a-impure.o)
 .bss           0x00817d54        0x0 c:/altera/12.1sp1/nios2eds/bin/gnu/h-i686-mingw32/bin/../lib/gcc/nios2-elf/4.1.2/../../../../nios2-elf/lib\libc.a(lib_a-puts.o)
 .bss           0x00817d54        0x0 c:/altera/12.1sp1/nios2eds/bin/gnu/h-i686-mingw32/bin/../lib/gcc/nios2-elf/4.1.2/../../../../nios2-elf/lib\libc.a(lib_a-strlen.o)
 .bss           0x00817d54        0x0 c:/altera/12.1sp1/nios2eds/bin/gnu/h-i686-mingw32/bin/../lib/gcc/nios2-elf/4.1.2/../../../../nios2-elf/lib\libc.a(lib_a-fvwrite.o)
 .bss           0x00817d54       0x28 c:/altera/12.1sp1/nios2eds/bin/gnu/h-i686-mingw32/bin/../lib/gcc/nios2-elf/4.1.2/../../../../nios2-elf/lib\libc.a(lib_a-mallocr.o)
                0x00817d54                __malloc_current_mallinfo
 .bss           0x00817d7c        0x0 c:/altera/12.1sp1/nios2eds/bin/gnu/h-i686-mingw32/bin/../lib/gcc/nios2-elf/4.1.2/../../../../nios2-elf/lib\libc.a(lib_a-memchr.o)
 .bss           0x00817d7c        0x0 c:/altera/12.1sp1/nios2eds/bin/gnu/h-i686-mingw32/bin/../lib/gcc/nios2-elf/4.1.2/../../../../nios2-elf/lib\libc.a(lib_a-memcpy.o)
 .bss           0x00817d7c        0x0 c:/altera/12.1sp1/nios2eds/bin/gnu/h-i686-mingw32/bin/../lib/gcc/nios2-elf/4.1.2/../../../../nios2-elf/lib\libc.a(lib_a-memmove.o)
 .bss           0x00817d7c        0x0 c:/altera/12.1sp1/nios2eds/bin/gnu/h-i686-mingw32/bin/../lib/gcc/nios2-elf/4.1.2/../../../../nios2-elf/lib\libc.a(lib_a-reallocr.o)
 .bss           0x00817d7c        0x0 c:/altera/12.1sp1/nios2eds/bin/gnu/h-i686-mingw32/bin/../lib/gcc/nios2-elf/4.1.2/../../../../nios2-elf/lib\libc.a(lib_a-sbrkr.o)
 .bss           0x00817d7c        0x0 c:/altera/12.1sp1/nios2eds/bin/gnu/h-i686-mingw32/bin/../lib/gcc/nios2-elf/4.1.2/../../../../nios2-elf/lib\libc.a(lib_a-wsetup.o)
 .bss           0x00817d7c        0x0 c:/altera/12.1sp1/nios2eds/bin/gnu/h-i686-mingw32/bin/../lib/gcc/nios2-elf/4.1.2/../../../../nios2-elf/lib\libc.a(lib_a-fflush.o)
 .bss           0x00817d7c        0x0 c:/altera/12.1sp1/nios2eds/bin/gnu/h-i686-mingw32/bin/../lib/gcc/nios2-elf/4.1.2/../../../../nios2-elf/lib\libc.a(lib_a-findfp.o)
 .bss           0x00817d7c        0x0 c:/altera/12.1sp1/nios2eds/bin/gnu/h-i686-mingw32/bin/../lib/gcc/nios2-elf/4.1.2/../../../../nios2-elf/lib\libc.a(lib_a-freer.o)
 .bss           0x00817d7c        0x0 c:/altera/12.1sp1/nios2eds/bin/gnu/h-i686-mingw32/bin/../lib/gcc/nios2-elf/4.1.2/../../../../nios2-elf/lib\libc.a(lib_a-fwalk.o)
 .bss           0x00817d7c        0x0 c:/altera/12.1sp1/nios2eds/bin/gnu/h-i686-mingw32/bin/../lib/gcc/nios2-elf/4.1.2/../../../../nios2-elf/lib\libc.a(lib_a-int_errno.o)
 .bss           0x00817d7c        0x0 c:/altera/12.1sp1/nios2eds/bin/gnu/h-i686-mingw32/bin/../lib/gcc/nios2-elf/4.1.2/../../../../nios2-elf/lib\libc.a(lib_a-makebuf.o)
 .bss           0x00817d7c        0x0 c:/altera/12.1sp1/nios2eds/bin/gnu/h-i686-mingw32/bin/../lib/gcc/nios2-elf/4.1.2/../../../../nios2-elf/lib\libc.a(lib_a-memset.o)
 .bss           0x00817d7c        0x0 c:/altera/12.1sp1/nios2eds/bin/gnu/h-i686-mingw32/bin/../lib/gcc/nios2-elf/4.1.2/../../../../nios2-elf/lib\libc.a(lib_a-stdio.o)
 .bss           0x00817d7c        0x0 c:/altera/12.1sp1/nios2eds/bin/gnu/h-i686-mingw32/bin/../lib/gcc/nios2-elf/4.1.2/../../../../nios2-elf/lib\libc.a(lib_a-writer.o)
 .bss           0x00817d7c        0x0 c:/altera/12.1sp1/nios2eds/bin/gnu/h-i686-mingw32/bin/../lib/gcc/nios2-elf/4.1.2/../../../../nios2-elf/lib\libc.a(lib_a-closer.o)
 .bss           0x00817d7c        0x0 c:/altera/12.1sp1/nios2eds/bin/gnu/h-i686-mingw32/bin/../lib/gcc/nios2-elf/4.1.2/../../../../nios2-elf/lib\libc.a(lib_a-fclose.o)
 .bss           0x00817d7c        0x0 c:/altera/12.1sp1/nios2eds/bin/gnu/h-i686-mingw32/bin/../lib/gcc/nios2-elf/4.1.2/../../../../nios2-elf/lib\libc.a(lib_a-fstatr.o)
 .bss           0x00817d7c        0x0 c:/altera/12.1sp1/nios2eds/bin/gnu/h-i686-mingw32/bin/../lib/gcc/nios2-elf/4.1.2/../../../../nios2-elf/lib\libc.a(lib_a-isattyr.o)
 .bss           0x00817d7c        0x0 c:/altera/12.1sp1/nios2eds/bin/gnu/h-i686-mingw32/bin/../lib/gcc/nios2-elf/4.1.2/../../../../nios2-elf/lib\libc.a(lib_a-lseekr.o)
 .bss           0x00817d7c        0x0 c:/altera/12.1sp1/nios2eds/bin/gnu/h-i686-mingw32/bin/../lib/gcc/nios2-elf/4.1.2/../../../../nios2-elf/lib\libc.a(lib_a-readr.o)
 .bss           0x00817d7c        0x0 ../Synth5_bsp/\libucosii_bsp.a(alt_close.o)
 .bss           0x00817d7c        0x0 ../Synth5_bsp/\libucosii_bsp.a(alt_dev.o)
 .bss           0x00817d7c        0x0 ../Synth5_bsp/\libucosii_bsp.a(alt_errno.o)
 .bss           0x00817d7c        0x0 ../Synth5_bsp/\libucosii_bsp.a(alt_fstat.o)
 .bss           0x00817d7c        0x0 ../Synth5_bsp/\libucosii_bsp.a(alt_isatty.o)
 .bss           0x00817d7c        0x0 ../Synth5_bsp/\libucosii_bsp.a(alt_load.o)
 .bss           0x00817d7c        0x0 ../Synth5_bsp/\libucosii_bsp.a(alt_lseek.o)
 .bss           0x00817d7c        0x0 ../Synth5_bsp/\libucosii_bsp.a(alt_main.o)
 .bss           0x00817d7c        0x0 ../Synth5_bsp/\libucosii_bsp.a(alt_read.o)
 .bss           0x00817d7c        0x0 ../Synth5_bsp/\libucosii_bsp.a(alt_release_fd.o)
 .bss           0x00817d7c        0x0 ../Synth5_bsp/\libucosii_bsp.a(alt_sbrk.o)
 .bss           0x00817d7c        0x0 ../Synth5_bsp/\libucosii_bsp.a(alt_write.o)
 .bss           0x00817d7c        0x0 ../Synth5_bsp/\libucosii_bsp.a(alt_env_lock.o)
 .bss           0x00817d7c        0x0 ../Synth5_bsp/\libucosii_bsp.a(alt_malloc_lock.o)
 .bss           0x00817d7c        0x0 ../Synth5_bsp/\libucosii_bsp.a(os_core.o)
 .bss           0x00817d7c        0x0 ../Synth5_bsp/\libucosii_bsp.a(os_dbg.o)
 .bss           0x00817d7c        0x0 ../Synth5_bsp/\libucosii_bsp.a(os_flag.o)
 .bss           0x00817d7c        0x0 ../Synth5_bsp/\libucosii_bsp.a(os_mem.o)
 .bss           0x00817d7c        0x0 ../Synth5_bsp/\libucosii_bsp.a(os_q.o)
 .bss           0x00817d7c        0x0 ../Synth5_bsp/\libucosii_bsp.a(os_sem.o)
 .bss           0x00817d7c        0x0 ../Synth5_bsp/\libucosii_bsp.a(os_task.o)
 .bss           0x00817d7c        0x0 ../Synth5_bsp/\libucosii_bsp.a(os_time.o)
 .bss           0x00817d7c        0x0 ../Synth5_bsp/\libucosii_bsp.a(alt_sys_init.o)
 .bss           0x00817d7c        0x0 ../Synth5_bsp/\libucosii_bsp.a(altera_avalon_fifo_util.o)
 .bss           0x00817d7c        0x0 ../Synth5_bsp/\libucosii_bsp.a(altera_avalon_jtag_uart_fd.o)
 .bss           0x00817d7c        0x0 ../Synth5_bsp/\libucosii_bsp.a(altera_avalon_jtag_uart_init.o)
 .bss           0x00817d7c        0x0 ../Synth5_bsp/\libucosii_bsp.a(altera_avalon_jtag_uart_ioctl.o)
 .bss           0x00817d7c        0x0 ../Synth5_bsp/\libucosii_bsp.a(altera_avalon_jtag_uart_read.o)
 .bss           0x00817d7c        0x0 ../Synth5_bsp/\libucosii_bsp.a(altera_avalon_jtag_uart_write.o)
 .bss           0x00817d7c        0x0 ../Synth5_bsp/\libucosii_bsp.a(altera_avalon_timer_sc.o)
 .bss           0x00817d7c        0x0 ../Synth5_bsp/\libucosii_bsp.a(altera_up_avalon_audio.o)
 .bss           0x00817d7c        0x0 ../Synth5_bsp/\libucosii_bsp.a(altera_up_avalon_audio_and_video_config.o)
 .bss           0x00817d7c        0x0 ../Synth5_bsp/\libucosii_bsp.a(altera_up_avalon_character_lcd.o)
 .bss           0x00817d7c        0x0 ../Synth5_bsp/\libucosii_bsp.a(alt_alarm_start.o)
 .bss           0x00817d7c        0x0 ../Synth5_bsp/\libucosii_bsp.a(alt_dcache_flush_all.o)
 .bss           0x00817d7c        0x0 ../Synth5_bsp/\libucosii_bsp.a(alt_dev_llist_insert.o)
 .bss           0x00817d7c        0x0 ../Synth5_bsp/\libucosii_bsp.a(alt_do_ctors.o)
 .bss           0x00817d7c        0x0 ../Synth5_bsp/\libucosii_bsp.a(alt_do_dtors.o)
 .bss           0x00817d7c        0x0 ../Synth5_bsp/\libucosii_bsp.a(alt_find_dev.o)
 .bss           0x00817d7c        0x0 ../Synth5_bsp/\libucosii_bsp.a(alt_icache_flush_all.o)
 .bss           0x00817d7c        0x0 ../Synth5_bsp/\libucosii_bsp.a(alt_io_redirect.o)
 .bss           0x00817d7c        0x0 ../Synth5_bsp/\libucosii_bsp.a(alt_irq_register.o)
 .bss           0x00817d7c        0x0 ../Synth5_bsp/\libucosii_bsp.a(alt_irq_vars.o)
 .bss           0x00817d7c        0x0 ../Synth5_bsp/\libucosii_bsp.a(alt_open.o)
 .bss           0x00817d7c        0x0 ../Synth5_bsp/\libucosii_bsp.a(alt_tick.o)
 .bss           0x00817d7c        0x0 ../Synth5_bsp/\libucosii_bsp.a(altera_nios2_qsys_irq.o)
 .bss           0x00817d7c        0x0 ../Synth5_bsp/\libucosii_bsp.a(os_cpu_a.o)
 .bss           0x00817d7c        0x0 ../Synth5_bsp/\libucosii_bsp.a(os_cpu_c.o)
 .bss           0x00817d7c        0x0 ../Synth5_bsp/\libucosii_bsp.a(alt_find_file.o)
 .bss           0x00817d7c        0x0 ../Synth5_bsp/\libucosii_bsp.a(alt_get_fd.o)
 .bss           0x00817d7c        0x0 ../Synth5_bsp/\libucosii_bsp.a(alt_icache_flush.o)
 .bss           0x00817d7c        0x0 ../Synth5_bsp/\libucosii_bsp.a(alt_irq_entry.o)
 .bss           0x00817d7c        0x0 ../Synth5_bsp/\libucosii_bsp.a(alt_irq_handler.o)
 .bss           0x00817d7c        0x0 ../Synth5_bsp/\libucosii_bsp.a(alt_exception_entry.o)
 .bss           0x00817d7c        0x0 c:/altera/12.1sp1/nios2eds/bin/gnu/h-i686-mingw32/bin/../lib/gcc/nios2-elf/4.1.2/../../../../nios2-elf/lib\libc.a(lib_a-atexit.o)
 .bss           0x00817d7c        0x0 c:/altera/12.1sp1/nios2eds/bin/gnu/h-i686-mingw32/bin/../lib/gcc/nios2-elf/4.1.2/../../../../nios2-elf/lib\libc.a(lib_a-exit.o)
 .bss           0x00817d7c        0x0 c:/altera/12.1sp1/nios2eds/bin/gnu/h-i686-mingw32/bin/../lib/gcc/nios2-elf/4.1.2/../../../../nios2-elf/lib\libc.a(lib_a-memcmp.o)
 .bss           0x00817d7c        0x0 c:/altera/12.1sp1/nios2eds/bin/gnu/h-i686-mingw32/bin/../lib/gcc/nios2-elf/4.1.2/../../../../nios2-elf/lib\libc.a(lib_a-__atexit.o)
 .bss           0x00817d7c        0x0 c:/altera/12.1sp1/nios2eds/bin/gnu/h-i686-mingw32/bin/../lib/gcc/nios2-elf/4.1.2/../../../../nios2-elf/lib\libc.a(lib_a-__call_atexit.o)
 .bss           0x00817d7c        0x0 c:/altera/12.1sp1/nios2eds/bin/gnu/h-i686-mingw32/bin/../lib/gcc/nios2-elf/4.1.2\libgcc.a(lib2-divmod.o)
 .bss           0x00817d7c        0x0 ../Synth5_bsp/\libucosii_bsp.a(alt_exit.o)
 *(COMMON)
 COMMON         0x00817d7c     0x4000 obj/default/hello_ucosii.o
                0x00817d7c                task1_stk
                0x00819d7c                task2_stk
 COMMON         0x0081bd7c     0x3224 ../Synth5_bsp/\libucosii_bsp.a(os_core.o)
                0x0081bd7c                OSFlagTbl
                0x0081c0ec                OSMemTbl
                0x0081cd1c                OSTaskStatStk
                0x0081d51c                OSQTbl
                0x0081d6fc                OSTaskIdleStk
                0x0081defc                OSEventTbl
                0x0081ea3c                OSTCBTbl
                0x0081ef4c                OSTCBPrioTbl
 COMMON         0x0081efa0      0x100 ../Synth5_bsp/\libucosii_bsp.a(alt_irq_handler.o)
                0x0081efa0                alt_irq
 COMMON         0x0081f0a0      0x190 c:/altera/12.1sp1/nios2eds/bin/gnu/h-i686-mingw32/bin/../lib/gcc/nios2-elf/4.1.2/../../../../nios2-elf/lib\libc.a(lib_a-atexit.o)
                0x0081f0a0                _atexit0
                0x0081f230                . = ALIGN (0x4)
                0x0081f230                __bss_end = ABSOLUTE (.)

.sdram_0        0x0081f230        0x0
                0x0081f230                PROVIDE (_alt_partition_sdram_0_start, ABSOLUTE (.))
 *(.sdram_0. sdram_0.*)
                0x0081f230                . = ALIGN (0x4)
                0x0081f230                PROVIDE (_alt_partition_sdram_0_end, ABSOLUTE (.))
                0x0081f230                _end = ABSOLUTE (.)
                0x0081f230                end = ABSOLUTE (.)
                0x0081f230                __alt_stack_base = ABSOLUTE (.)
                0x0081f230                PROVIDE (_alt_partition_sdram_0_load_addr, LOADADDR (.sdram_0))

.sram_0         0x01080000        0x0 load address 0x0081f230
                0x01080000                PROVIDE (_alt_partition_sram_0_start, ABSOLUTE (.))
 *(.sram_0. sram_0.*)
                0x01080000                . = ALIGN (0x4)
                0x01080000                PROVIDE (_alt_partition_sram_0_end, ABSOLUTE (.))
                0x0081f230                PROVIDE (_alt_partition_sram_0_load_addr, LOADADDR (.sram_0))

.onchip_memory2_0
                0x011041c0        0x0 load address 0x0081f230
                0x011041c0                PROVIDE (_alt_partition_onchip_memory2_0_start, ABSOLUTE (.))
 *(.onchip_memory2_0. onchip_memory2_0.*)
                0x011041c0                . = ALIGN (0x4)
                0x011041c0                PROVIDE (_alt_partition_onchip_memory2_0_end, ABSOLUTE (.))
                0x0081f230                PROVIDE (_alt_partition_onchip_memory2_0_load_addr, LOADADDR (.onchip_memory2_0))

.stab
 *(.stab)

.stabstr
 *(.stabstr)

.stab.excl
 *(.stab.excl)

.stab.exclstr
 *(.stab.exclstr)

.stab.index
 *(.stab.index)

.stab.indexstr
 *(.stab.indexstr)

.comment        0x00000000       0x26
 *(.comment)
 .comment       0x00000000       0x26 obj/default/MidiDriver.o
                                 0x27 (size before relaxing)
 .comment       0x00000000       0x27 obj/default/hello_ucosii.o
 .comment       0x00000000       0x27 c:/altera/12.1sp1/nios2eds/bin/gnu/h-i686-mingw32/bin/../lib/gcc/nios2-elf/4.1.2/../../../../nios2-elf/lib\libm.a(lib_a-sf_round.o)
 .comment       0x00000000       0x27 c:/altera/12.1sp1/nios2eds/bin/gnu/h-i686-mingw32/bin/../lib/gcc/nios2-elf/4.1.2/../../../../nios2-elf/lib\libm.a(lib_a-w_pow.o)
 .comment       0x00000000       0x27 c:/altera/12.1sp1/nios2eds/bin/gnu/h-i686-mingw32/bin/../lib/gcc/nios2-elf/4.1.2/../../../../nios2-elf/lib\libm.a(lib_a-e_pow.o)
 .comment       0x00000000       0x27 c:/altera/12.1sp1/nios2eds/bin/gnu/h-i686-mingw32/bin/../lib/gcc/nios2-elf/4.1.2/../../../../nios2-elf/lib\libm.a(lib_a-e_sqrt.o)
 .comment       0x00000000       0x27 c:/altera/12.1sp1/nios2eds/bin/gnu/h-i686-mingw32/bin/../lib/gcc/nios2-elf/4.1.2/../../../../nios2-elf/lib\libm.a(lib_a-s_fabs.o)
 .comment       0x00000000       0x27 c:/altera/12.1sp1/nios2eds/bin/gnu/h-i686-mingw32/bin/../lib/gcc/nios2-elf/4.1.2/../../../../nios2-elf/lib\libm.a(lib_a-s_finite.o)
 .comment       0x00000000       0x27 c:/altera/12.1sp1/nios2eds/bin/gnu/h-i686-mingw32/bin/../lib/gcc/nios2-elf/4.1.2/../../../../nios2-elf/lib\libm.a(lib_a-s_isnand.o)
 .comment       0x00000000       0x27 c:/altera/12.1sp1/nios2eds/bin/gnu/h-i686-mingw32/bin/../lib/gcc/nios2-elf/4.1.2/../../../../nios2-elf/lib\libm.a(lib_a-s_lib_ver.o)
 .comment       0x00000000       0x27 c:/altera/12.1sp1/nios2eds/bin/gnu/h-i686-mingw32/bin/../lib/gcc/nios2-elf/4.1.2/../../../../nios2-elf/lib\libm.a(lib_a-s_matherr.o)
 .comment       0x00000000       0x27 c:/altera/12.1sp1/nios2eds/bin/gnu/h-i686-mingw32/bin/../lib/gcc/nios2-elf/4.1.2/../../../../nios2-elf/lib\libm.a(lib_a-s_nan.o)
 .comment       0x00000000       0x27 c:/altera/12.1sp1/nios2eds/bin/gnu/h-i686-mingw32/bin/../lib/gcc/nios2-elf/4.1.2/../../../../nios2-elf/lib\libm.a(lib_a-s_rint.o)
 .comment       0x00000000       0x27 c:/altera/12.1sp1/nios2eds/bin/gnu/h-i686-mingw32/bin/../lib/gcc/nios2-elf/4.1.2/../../../../nios2-elf/lib\libm.a(lib_a-s_scalbn.o)
 .comment       0x00000000       0x27 c:/altera/12.1sp1/nios2eds/bin/gnu/h-i686-mingw32/bin/../lib/gcc/nios2-elf/4.1.2/../../../../nios2-elf/lib\libm.a(lib_a-s_copysign.o)
 .comment       0x00000000       0x27 c:/altera/12.1sp1/nios2eds/bin/gnu/h-i686-mingw32/bin/../lib/gcc/nios2-elf/4.1.2\libgcc.a(_addsub_sf.o)
 .comment       0x00000000       0x27 c:/altera/12.1sp1/nios2eds/bin/gnu/h-i686-mingw32/bin/../lib/gcc/nios2-elf/4.1.2\libgcc.a(_mul_sf.o)
 .comment       0x00000000       0x27 c:/altera/12.1sp1/nios2eds/bin/gnu/h-i686-mingw32/bin/../lib/gcc/nios2-elf/4.1.2\libgcc.a(_div_sf.o)
 .comment       0x00000000       0x27 c:/altera/12.1sp1/nios2eds/bin/gnu/h-i686-mingw32/bin/../lib/gcc/nios2-elf/4.1.2\libgcc.a(_sf_to_si.o)
 .comment       0x00000000       0x27 c:/altera/12.1sp1/nios2eds/bin/gnu/h-i686-mingw32/bin/../lib/gcc/nios2-elf/4.1.2\libgcc.a(_thenan_sf.o)
 .comment       0x00000000       0x27 c:/altera/12.1sp1/nios2eds/bin/gnu/h-i686-mingw32/bin/../lib/gcc/nios2-elf/4.1.2\libgcc.a(_addsub_df.o)
 .comment       0x00000000       0x27 c:/altera/12.1sp1/nios2eds/bin/gnu/h-i686-mingw32/bin/../lib/gcc/nios2-elf/4.1.2\libgcc.a(_mul_df.o)
 .comment       0x00000000       0x27 c:/altera/12.1sp1/nios2eds/bin/gnu/h-i686-mingw32/bin/../lib/gcc/nios2-elf/4.1.2\libgcc.a(_div_df.o)
 .comment       0x00000000       0x27 c:/altera/12.1sp1/nios2eds/bin/gnu/h-i686-mingw32/bin/../lib/gcc/nios2-elf/4.1.2\libgcc.a(_eq_df.o)
 .comment       0x00000000       0x27 c:/altera/12.1sp1/nios2eds/bin/gnu/h-i686-mingw32/bin/../lib/gcc/nios2-elf/4.1.2\libgcc.a(_ne_df.o)
 .comment       0x00000000       0x27 c:/altera/12.1sp1/nios2eds/bin/gnu/h-i686-mingw32/bin/../lib/gcc/nios2-elf/4.1.2\libgcc.a(_gt_df.o)
 .comment       0x00000000       0x27 c:/altera/12.1sp1/nios2eds/bin/gnu/h-i686-mingw32/bin/../lib/gcc/nios2-elf/4.1.2\libgcc.a(_lt_df.o)
 .comment       0x00000000       0x27 c:/altera/12.1sp1/nios2eds/bin/gnu/h-i686-mingw32/bin/../lib/gcc/nios2-elf/4.1.2\libgcc.a(_le_df.o)
 .comment       0x00000000       0x27 c:/altera/12.1sp1/nios2eds/bin/gnu/h-i686-mingw32/bin/../lib/gcc/nios2-elf/4.1.2\libgcc.a(_si_to_df.o)
 .comment       0x00000000       0x27 c:/altera/12.1sp1/nios2eds/bin/gnu/h-i686-mingw32/bin/../lib/gcc/nios2-elf/4.1.2\libgcc.a(_df_to_sf.o)
 .comment       0x00000000       0x27 c:/altera/12.1sp1/nios2eds/bin/gnu/h-i686-mingw32/bin/../lib/gcc/nios2-elf/4.1.2\libgcc.a(_thenan_df.o)
 .comment       0x00000000       0x27 c:/altera/12.1sp1/nios2eds/bin/gnu/h-i686-mingw32/bin/../lib/gcc/nios2-elf/4.1.2\libgcc.a(_muldi3.o)
 .comment       0x00000000       0x27 c:/altera/12.1sp1/nios2eds/bin/gnu/h-i686-mingw32/bin/../lib/gcc/nios2-elf/4.1.2\libgcc.a(_clzsi2.o)
 .comment       0x00000000       0x27 c:/altera/12.1sp1/nios2eds/bin/gnu/h-i686-mingw32/bin/../lib/gcc/nios2-elf/4.1.2\libgcc.a(_pack_sf.o)
 .comment       0x00000000       0x27 c:/altera/12.1sp1/nios2eds/bin/gnu/h-i686-mingw32/bin/../lib/gcc/nios2-elf/4.1.2\libgcc.a(_unpack_sf.o)
 .comment       0x00000000       0x27 c:/altera/12.1sp1/nios2eds/bin/gnu/h-i686-mingw32/bin/../lib/gcc/nios2-elf/4.1.2\libgcc.a(_make_sf.o)
 .comment       0x00000000       0x27 c:/altera/12.1sp1/nios2eds/bin/gnu/h-i686-mingw32/bin/../lib/gcc/nios2-elf/4.1.2\libgcc.a(_pack_df.o)
 .comment       0x00000000       0x27 c:/altera/12.1sp1/nios2eds/bin/gnu/h-i686-mingw32/bin/../lib/gcc/nios2-elf/4.1.2\libgcc.a(_unpack_df.o)
 .comment       0x00000000       0x27 c:/altera/12.1sp1/nios2eds/bin/gnu/h-i686-mingw32/bin/../lib/gcc/nios2-elf/4.1.2\libgcc.a(_fpcmp_parts_df.o)
 .comment       0x00000000       0x27 c:/altera/12.1sp1/nios2eds/bin/gnu/h-i686-mingw32/bin/../lib/gcc/nios2-elf/4.1.2\libgcc.a(_clz.o)
 .comment       0x00000000       0x27 c:/altera/12.1sp1/nios2eds/bin/gnu/h-i686-mingw32/bin/../lib/gcc/nios2-elf/4.1.2/../../../../nios2-elf/lib\libc.a(lib_a-errno.o)