Archive member included because of file (symbol)

c:/altera/12.1sp1/nios2eds/bin/gnu/h-i686-mingw32/bin/../lib/gcc/nios2-elf/4.1.2/../../../../nios2-elf/lib\libm.a(lib_a-sf_round.o)
                              obj/default/MidiDriver.o (roundf)
c:/altera/12.1sp1/nios2eds/bin/gnu/h-i686-mingw32/bin/../lib/gcc/nios2-elf/4.1.2/../../../../nios2-elf/lib\libm.a(lib_a-w_pow.o)
                              obj/default/MidiDriver.o (pow)
c:/altera/12.1sp1/nios2eds/bin/gnu/h-i686-mingw32/bin/../lib/gcc/nios2-elf/4.1.2/../../../../nios2-elf/lib\libm.a(lib_a-e_pow.o)
                              c:/altera/12.1sp1/nios2eds/bin/gnu/h-i686-mingw32/bin/../lib/gcc/nios2-elf/4.1.2/../../../../nios2-elf/lib\libm.a(lib_a-w_pow.o) (__ieee754_pow)
c:/altera/12.1sp1/nios2eds/bin/gnu/h-i686-mingw32/bin/../lib/gcc/nios2-elf/4.1.2/../../../../nios2-elf/lib\libm.a(lib_a-e_sqrt.o)
                              c:/altera/12.1sp1/nios2eds/bin/gnu/h-i686-mingw32/bin/../lib/gcc/nios2-elf/4.1.2/../../../../nios2-elf/lib\libm.a(lib_a-e_pow.o) (__ieee754_sqrt)
c:/altera/12.1sp1/nios2eds/bin/gnu/h-i686-mingw32/bin/../lib/gcc/nios2-elf/4.1.2/../../../../nios2-elf/lib\libm.a(lib_a-s_fabs.o)
                              c:/altera/12.1sp1/nios2eds/bin/gnu/h-i686-mingw32/bin/../lib/gcc/nios2-elf/4.1.2/../../../../nios2-elf/lib\libm.a(lib_a-e_pow.o) (fabs)
c:/altera/12.1sp1/nios2eds/bin/gnu/h-i686-mingw32/bin/../lib/gcc/nios2-elf/4.1.2/../../../../nios2-elf/lib\libm.a(lib_a-s_finite.o)
                              c:/altera/12.1sp1/nios2eds/bin/gnu/h-i686-mingw32/bin/../lib/gcc/nios2-elf/4.1.2/../../../../nios2-elf/lib\libm.a(lib_a-w_pow.o) (finite)
c:/altera/12.1sp1/nios2eds/bin/gnu/h-i686-mingw32/bin/../lib/gcc/nios2-elf/4.1.2/../../../../nios2-elf/lib\libm.a(lib_a-s_isnand.o)
                              c:/altera/12.1sp1/nios2eds/bin/gnu/h-i686-mingw32/bin/../lib/gcc/nios2-elf/4.1.2/../../../../nios2-elf/lib\libm.a(lib_a-w_pow.o) (__isnand)
c:/altera/12.1sp1/nios2eds/bin/gnu/h-i686-mingw32/bin/../lib/gcc/nios2-elf/4.1.2/../../../../nios2-elf/lib\libm.a(lib_a-s_lib_ver.o)
                              c:/altera/12.1sp1/nios2eds/bin/gnu/h-i686-mingw32/bin/../lib/gcc/nios2-elf/4.1.2/../../../../nios2-elf/lib\libm.a(lib_a-w_pow.o) (__fdlib_version)
c:/altera/12.1sp1/nios2eds/bin/gnu/h-i686-mingw32/bin/../lib/gcc/nios2-elf/4.1.2/../../../../nios2-elf/lib\libm.a(lib_a-s_matherr.o)
                              c:/altera/12.1sp1/nios2eds/bin/gnu/h-i686-mingw32/bin/../lib/gcc/nios2-elf/4.1.2/../../../../nios2-elf/lib\libm.a(lib_a-w_pow.o) (matherr)
c:/altera/12.1sp1/nios2eds/bin/gnu/h-i686-mingw32/bin/../lib/gcc/nios2-elf/4.1.2/../../../../nios2-elf/lib\libm.a(lib_a-s_nan.o)
                              c:/altera/12.1sp1/nios2eds/bin/gnu/h-i686-mingw32/bin/../lib/gcc/nios2-elf/4.1.2/../../../../nios2-elf/lib\libm.a(lib_a-e_pow.o) (nan)
c:/altera/12.1sp1/nios2eds/bin/gnu/h-i686-mingw32/bin/../lib/gcc/nios2-elf/4.1.2/../../../../nios2-elf/lib\libm.a(lib_a-s_rint.o)
                              c:/altera/12.1sp1/nios2eds/bin/gnu/h-i686-mingw32/bin/../lib/gcc/nios2-elf/4.1.2/../../../../nios2-elf/lib\libm.a(lib_a-w_pow.o) (rint)
c:/altera/12.1sp1/nios2eds/bin/gnu/h-i686-mingw32/bin/../lib/gcc/nios2-elf/4.1.2/../../../../nios2-elf/lib\libm.a(lib_a-s_scalbn.o)
                              c:/altera/12.1sp1/nios2eds/bin/gnu/h-i686-mingw32/bin/../lib/gcc/nios2-elf/4.1.2/../../../../nios2-elf/lib\libm.a(lib_a-e_pow.o) (scalbn)
c:/altera/12.1sp1/nios2eds/bin/gnu/h-i686-mingw32/bin/../lib/gcc/nios2-elf/4.1.2/../../../../nios2-elf/lib\libm.a(lib_a-s_copysign.o)
                              c:/altera/12.1sp1/nios2eds/bin/gnu/h-i686-mingw32/bin/../lib/gcc/nios2-elf/4.1.2/../../../../nios2-elf/lib\libm.a(lib_a-s_scalbn.o) (copysign)
c:/altera/12.1sp1/nios2eds/bin/gnu/h-i686-mingw32/bin/../lib/gcc/nios2-elf/4.1.2\libgcc.a(_addsub_sf.o)
                              c:/altera/12.1sp1/nios2eds/bin/gnu/h-i686-mingw32/bin/../lib/gcc/nios2-elf/4.1.2/../../../../nios2-elf/lib\libm.a(lib_a-sf_round.o) (__addsf3)
c:/altera/12.1sp1/nios2eds/bin/gnu/h-i686-mingw32/bin/../lib/gcc/nios2-elf/4.1.2\libgcc.a(_mul_sf.o)
                              obj/default/MidiDriver.o (__mulsf3)
c:/altera/12.1sp1/nios2eds/bin/gnu/h-i686-mingw32/bin/../lib/gcc/nios2-elf/4.1.2\libgcc.a(_div_sf.o)
                              obj/default/MidiDriver.o (__divsf3)
c:/altera/12.1sp1/nios2eds/bin/gnu/h-i686-mingw32/bin/../lib/gcc/nios2-elf/4.1.2\libgcc.a(_sf_to_si.o)
                              obj/default/MidiDriver.o (__fixsfsi)
c:/altera/12.1sp1/nios2eds/bin/gnu/h-i686-mingw32/bin/../lib/gcc/nios2-elf/4.1.2\libgcc.a(_thenan_sf.o)
                              c:/altera/12.1sp1/nios2eds/bin/gnu/h-i686-mingw32/bin/../lib/gcc/nios2-elf/4.1.2\libgcc.a(_addsub_sf.o) (__thenan_sf)
c:/altera/12.1sp1/nios2eds/bin/gnu/h-i686-mingw32/bin/../lib/gcc/nios2-elf/4.1.2\libgcc.a(_addsub_df.o)
[...]
Memory Configuration

Name             Origin             Length             Attributes
sdram_0          0x00800000         0x00800000
sram_0           0x01080000         0x00080000
reset            0x01104000         0x00000020
onchip_memory2_0 0x01104020         0x00003fe0
*default*        0x00000000         0xffffffff

Linker script and memory map

LOAD ../BS_bsp//obj/HAL/src/crt0.o
LOAD obj/default/MidiDriver.o
LOAD obj/default/hello_ucosii.o
LOAD c:/altera/12.1sp1/nios2eds/bin/gnu/h-i686-mingw32/bin/../lib/gcc/nios2-elf/4.1.2/../../../../nios2-elf/lib\libstdc++.a
LOAD c:/altera/12.1sp1/nios2eds/bin/gnu/h-i686-mingw32/bin/../lib/gcc/nios2-elf/4.1.2/../../../../nios2-elf/lib\libm.a
LOAD c:/altera/12.1sp1/nios2eds/bin/gnu/h-i686-mingw32/bin/../lib/gcc/nios2-elf/4.1.2\libgcc.a
START GROUP
LOAD c:/altera/12.1sp1/nios2eds/bin/gnu/h-i686-mingw32/bin/../lib/gcc/nios2-elf/4.1.2/../../../../nios2-elf/lib\libc.a
LOAD c:/altera/12.1sp1/nios2eds/bin/gnu/h-i686-mingw32/bin/../lib/gcc/nios2-elf/4.1.2\libgcc.a
LOAD ../BS_bsp/\libucosii_bsp.a
END GROUP
LOAD c:/altera/12.1sp1/nios2eds/bin/gnu/h-i686-mingw32/bin/../lib/gcc/nios2-elf/4.1.2\libgcc.a
                0x00800000                __alt_mem_sdram_0 = 0x800000
                0x01080000                __alt_mem_sram_0 = 0x1080000
                0x01104000                __alt_mem_onchip_memory2_0 = 0x1104000

.entry          0x01104000       0x20
 *(.entry)
 .entry         0x01104000       0x20 ../BS_bsp//obj/HAL/src/crt0.o
                0x01104000                __reset

.exceptions     0x01104020      0x19c load address 0x00800000
                0x01104020                PROVIDE (__ram_exceptions_start, ABSOLUTE (.))
                0x01104020                . = ALIGN (0x20)
 *(.irq)
 *(.exceptions.entry.label)
 .exceptions.entry.label
                0x01104020        0x0 ../BS_bsp/\libucosii_bsp.a(alt_irq_entry.o)
                0x01104020                alt_irq_entry
 .exceptions.entry.label
                0x01104020        0x0 ../BS_bsp/\libucosii_bsp.a(alt_exception_entry.o)
                0x01104020                alt_exception
 *(.exceptions.entry.user)
 *(.exceptions.entry)
 .exceptions.entry
                0x01104020       0x54 ../BS_bsp/\libucosii_bsp.a(alt_exception_entry.o)
 *(.exceptions.irqtest.user)
 *(.exceptions.irqtest)
 .exceptions.irqtest
                0x01104074       0x10 ../BS_bsp/\libucosii_bsp.a(alt_irq_entry.o)
 *(.exceptions.irqhandler.user)
 *(.exceptions.irqhandler)
 .exceptions.irqhandler
                0x01104084        0x4 ../BS_bsp/\libucosii_bsp.a(alt_irq_entry.o)
 *(.exceptions.irqreturn.user)
 *(.exceptions.irqreturn)
 .exceptions.irqreturn
                0x01104088        0x4 ../BS_bsp/\libucosii_bsp.a(alt_irq_entry.o)
 *(.exceptions.notirq.label)
 .exceptions.notirq.label
                0x0110408c        0x0 ../BS_bsp/\libucosii_bsp.a(alt_irq_entry.o)
 *(.exceptions.notirq.user)
 *(.exceptions.notirq)
 .exceptions.notirq
                0x0110408c        0x8 ../BS_bsp/\libucosii_bsp.a(alt_exception_entry.o)
 *(.exceptions.soft.user)
 *(.exceptions.soft)
 *(.exceptions.unknown.user)
 *(.exceptions.unknown)
 .exceptions.unknown
                0x01104094        0x4 ../BS_bsp/\libucosii_bsp.a(alt_exception_entry.o)
 *(.exceptions.exit.label)
 .exceptions.exit.label
                0x01104098        0x0 ../BS_bsp/\libucosii_bsp.a(alt_irq_entry.o)
 .exceptions.exit.label
                0x01104098        0x0 ../BS_bsp/\libucosii_bsp.a(alt_exception_entry.o)
 *(.exceptions.exit.user)
 *(.exceptions.exit)
 .exceptions.exit
                0x01104098       0x54 ../BS_bsp/\libucosii_bsp.a(alt_exception_entry.o)
 *(.exceptions)
 .exceptions    0x011040ec       0xd0 ../BS_bsp/\libucosii_bsp.a(alt_irq_handler.o)
                0x011040ec                alt_irq_handler
                0x011041bc                PROVIDE (__ram_exceptions_end, ABSOLUTE (.))
                0x00800000                PROVIDE (__flash_exceptions_start, LOADADDR (.exceptions))

.text           0x0080019c    0x14224
                0x0080019c                PROVIDE (stext, ABSOLUTE (.))
 *(.interp)
 *(.hash)
 *(.dynsym)
 *(.dynstr)
 *(.gnu.version)
 *(.gnu.version_d)
 *(.gnu.version_r)
 *(.rel.init)
 *(.rela.init)
 *(.rel.text .rel.text.* .rel.gnu.linkonce.t.*)
 *(.rela.text .rela.text.* .rela.gnu.linkonce.t.*)
 *(.rel.fini)
 *(.rela.fini)
 *(.rel.rodata .rel.rodata.* .rel.gnu.linkonce.r.*)
 *(.rela.rodata .rela.rodata.* .rela.gnu.linkonce.r.*)
 *(.rel.data .rel.data.* .rel.gnu.linkonce.d.*)
 *(.rela.data .rela.data.* .rela.gnu.linkonce.d.*)
 *(.rel.tdata .rel.tdata.* .rel.gnu.linkonce.td.*)
 *(.rela.tdata .rela.tdata.* .rela.gnu.linkonce.td.*)
 *(.rel.tbss .rel.tbss.* .rel.gnu.linkonce.tb.*)
 *(.rela.tbss .rela.tbss.* .rela.gnu.linkonce.tb.*)
 *(.rel.ctors)
 *(.rela.ctors)
 *(.rel.dtors)
 *(.rela.dtors)
 *(.rel.got)
 *(.rela.got)
 *(.rel.sdata .rel.sdata.* .rel.gnu.linkonce.s.*)
 *(.rela.sdata .rela.sdata.* .rela.gnu.linkonce.s.*)
 *(.rel.sbss .rel.sbss.* .rel.gnu.linkonce.sb.*)
 *(.rela.sbss .rela.sbss.* .rela.gnu.linkonce.sb.*)
 *(.rel.sdata2 .rel.sdata2.* .rel.gnu.linkonce.s2.*)
 *(.rela.sdata2 .rela.sdata2.* .rela.gnu.linkonce.s2.*)
 *(.rel.sbss2 .rel.sbss2.* .rel.gnu.linkonce.sb2.*)
 *(.rela.sbss2 .rela.sbss2.* .rela.gnu.linkonce.sb2.*)
 *(.rel.bss .rel.bss.* .rel.gnu.linkonce.b.*)
 *(.rela.bss .rela.bss.* .rela.gnu.linkonce.b.*)
 *(.rel.plt)
 *(.rela.plt)
 *(.rel.dyn)
 *(.init)
 *(.plt)
 *(.text .stub .text.* .gnu.linkonce.t.*)
 .text          0x0080019c       0x4c ../BS_bsp//obj/HAL/src/crt0.o
                0x0080019c                _start
 .text          0x008001e8      0x3a4 obj/default/MidiDriver.o
                0x008001e8                midiNote2midiFreq
                0x00800294                midiFreq2sampleFreq
                0x008002e8                startVoice
                0x00800334                endVoice
                0x00800378                turnOnVoice
                0x00800464                turnOffVoice
                0x00800504                processNote
 .text          0x0080058c      0x368 obj/default/hello_ucosii.o
                0x0080058c                audioTask
                0x0080076c                laserInputTask
                0x00800810                main
 .text          0x008008f4       0x9c c:/altera/12.1sp1/nios2eds/bin/gnu/h-i686-mingw32/bin/../lib/gcc/nios2-elf/4.1.2/../../../../nios2-elf/lib\libm.a(lib_a-sf_round.o)
                0x008008f4                roundf
 .text          0x00800990      0x488 c:/altera/12.1sp1/nios2eds/bin/gnu/h-i686-mingw32/bin/../lib/gcc/nios2-elf/4.1.2/../../../../nios2-elf/lib\libm.a(lib_a-w_pow.o)
                0x00800990                pow
 .text          0x00800e18     0x1300 c:/altera/12.1sp1/nios2eds/bin/gnu/h-i686-mingw32/bin/../lib/gcc/nios2-elf/4.1.2/../../../../nios2-elf/lib\libm.a(lib_a-e_pow.o)
                0x00800e18                __ieee754_pow
 .text          0x00802118      0x2c8 c:/altera/12.1sp1/nios2eds/bin/gnu/h-i686-mingw32/bin/../lib/gcc/nios2-elf/4.1.2/../../../../nios2-elf/lib\libm.a(lib_a-e_sqrt.o)
                0x00802118                __ieee754_sqrt
 .text          0x008023e0       0x18 c:/altera/12.1sp1/nios2eds/bin/gnu/h-i686-mingw32/bin/../lib/gcc/nios2-elf/4.1.2/../../../../nios2-elf/lib\libm.a(lib_a-s_fabs.o)
                0x008023e0                fabs
 .text          0x008023f8       0x1c c:/altera/12.1sp1/nios2eds/bin/gnu/h-i686-mingw32/bin/../lib/gcc/nios2-elf/4.1.2/../../../../nios2-elf/lib\libm.a(lib_a-s_finite.o)
                0x008023f8                finite
 .text          0x00802414       0x30 c:/altera/12.1sp1/nios2eds/bin/gnu/h-i686-mingw32/bin/../lib/gcc/nios2-elf/4.1.2/../../../../nios2-elf/lib\libm.a(lib_a-s_isnand.o)
                0x00802414                __isnand
 .text          0x00802444        0x0 c:/altera/12.1sp1/nios2eds/bin/gnu/h-i686-mingw32/bin/../lib/gcc/nios2-elf/4.1.2/../../../../nios2-elf/lib\libm.a(lib_a-s_lib_ver.o)
 .text          0x00802444        0x8 c:/altera/12.1sp1/nios2eds/bin/gnu/h-i686-mingw32/bin/../lib/gcc/nios2-elf/4.1.2/../../../../nios2-elf/lib\libm.a(lib_a-s_matherr.o)
                0x00802444                matherr
 .text          0x0080244c       0x10 c:/altera/12.1sp1/nios2eds/bin/gnu/h-i686-mingw32/bin/../lib/gcc/nios2-elf/4.1.2/../../../../nios2-elf/lib\libm.a(lib_a-s_nan.o)
                0x0080244c                nan
 .text          0x0080245c      0x210 c:/altera/12.1sp1/nios2eds/bin/gnu/h-i686-mingw32/bin/../lib/gcc/nios2-elf/4.1.2/../../../../nios2-elf/lib\libm.a(lib_a-s_rint.o)
                0x0080245c                rint
 .text          0x0080266c      0x1e0 c:/altera/12.1sp1/nios2eds/bin/gnu/h-i686-mingw32/bin/../lib/gcc/nios2-elf/4.1.2/../../../../nios2-elf/lib\libm.a(lib_a-s_scalbn.o)
                0x0080266c                scalbn
 .text          0x0080284c       0x24 c:/altera/12.1sp1/nios2eds/bin/gnu/h-i686-mingw32/bin/../lib/gcc/nios2-elf/4.1.2/../../../../nios2-elf/lib\libm.a(lib_a-s_copysign.o)
                0x0080284c                copysign
 .text          0x00802870      0x2b8 c:/altera/12.1sp1/nios2eds/bin/gnu/h-i686-mingw32/bin/../lib/gcc/nios2-elf/4.1.2\libgcc.a(_addsub_sf.o)
                0x00802a54                __subsf3
                0x00802ac4                __addsf3
 .text          0x00802b28      0x1e0 c:/altera/12.1sp1/nios2eds/bin/gnu/h-i686-mingw32/bin/../lib/gcc/nios2-elf/4.1.2\libgcc.a(_mul_sf.o)
                0x00802b28                __mulsf3
 .text          0x00802d08      0x174 c:/altera/12.1sp1/nios2eds/bin/gnu/h-i686-mingw32/bin/../lib/gcc/nios2-elf/4.1.2\libgcc.a(_div_sf.o)
                0x00802d08                __divsf3
 .text          0x00802e7c       0x94 c:/altera/12.1sp1/nios2eds/bin/gnu/h-i686-mingw32/bin/../lib/gcc/nios2-elf/4.1.2\libgcc.a(_sf_to_si.o)
                0x00802e7c                __fixsfsi
 .text          0x00802f10        0x0 c:/altera/12.1sp1/nios2eds/bin/gnu/h-i686-mingw32/bin/../lib/gcc/nios2-elf/4.1.2\libgcc.a(_thenan_sf.o)
 .text          0x00802f10      0x504 c:/altera/12.1sp1/nios2eds/bin/gnu/h-i686-mingw32/bin/../lib/gcc/nios2-elf/4.1.2\libgcc.a(_addsub_df.o)
                0x00803320                __subdf3
                0x008033a0                __adddf3
 .text          0x00803414      0x3c4 c:/altera/12.1sp1/nios2eds/bin/gnu/h-i686-mingw32/bin/../lib/gcc/nios2-elf/4.1.2\libgcc.a(_mul_df.o)
                0x00803414                __muldf3
 .text          0x008037d8      0x258 c:/altera/12.1sp1/nios2eds/bin/gnu/h-i686-mingw32/bin/../lib/gcc/nios2-elf/4.1.2\libgcc.a(_div_df.o)
                0x008037d8                __divdf3
 .text          0x00803a30       0x88 c:/altera/12.1sp1/nios2eds/bin/gnu/h-i686-mingw32/bin/../lib/gcc/nios2-elf/4.1.2\libgcc.a(_eq_df.o)
                0x00803a30                __eqdf2
 .text          0x00803ab8       0x88 c:/altera/12.1sp1/nios2eds/bin/gnu/h-i686-mingw32/bin/../lib/gcc/nios2-elf/4.1.2\libgcc.a(_ne_df.o)
                0x00803ab8                __nedf2
 .text          0x00803b40       0x88 c:/altera/12.1sp1/nios2eds/bin/gnu/h-i686-mingw32/bin/../lib/gcc/nios2-elf/4.1.2\libgcc.a(_gt_df.o)
                0x00803b40                __gtdf2
 .text          0x00803bc8       0x88 c:/altera/12.1sp1/nios2eds/bin/gnu/h-i686-mingw32/bin/../lib/gcc/nios2-elf/4.1.2\libgcc.a(_lt_df.o)
                0x00803bc8                __ltdf2
 .text          0x00803c50       0x88 c:/altera/12.1sp1/nios2eds/bin/gnu/h-i686-mingw32/bin/../lib/gcc/nios2-elf/4.1.2\libgcc.a(_le_df.o)
                0x00803c50                __ledf2
 .text          0x00803cd8       0xf8 c:/altera/12.1sp1/nios2eds/bin/gnu/h-i686-mingw32/bin/../lib/gcc/nios2-elf/4.1.2\libgcc.a(_si_to_df.o)
                0x00803cd8                __floatsidf
 .text          0x00803dd0       0x74 c:/altera/12.1sp1/nios2eds/bin/gnu/h-i686-mingw32/bin/../lib/gcc/nios2-elf/4.1.2\libgcc.a(_df_to_sf.o)
                0x00803dd0                __truncdfsf2
 .text          0x00803e44        0x0 c:/altera/12.1sp1/nios2eds/bin/gnu/h-i686-mingw32/bin/../lib/gcc/nios2-elf/4.1.2\libgcc.a(_thenan_df.o)
 .text          0x00803e44       0x98 c:/altera/12.1sp1/nios2eds/bin/gnu/h-i686-mingw32/bin/../lib/gcc/nios2-elf/4.1.2\libgcc.a(_muldi3.o)
                0x00803e44                __muldi3
 .text          0x00803edc       0x80 c:/altera/12.1sp1/nios2eds/bin/gnu/h-i686-mingw32/bin/../lib/gcc/nios2-elf/4.1.2\libgcc.a(_clzsi2.o)
                0x00803edc                __clzsi2
 .text          0x00803f5c      0x160 c:/altera/12.1sp1/nios2eds/bin/gnu/h-i686-mingw32/bin/../lib/gcc/nios2-elf/4.1.2\libgcc.a(_pack_sf.o)
                0x00803f5c                __pack_f
 .text          0x008040bc       0xc8 c:/altera/12.1sp1/nios2eds/bin/gnu/h-i686-mingw32/bin/../lib/gcc/nios2-elf/4.1.2\libgcc.a(_unpack_sf.o)
                0x008040bc                __unpack_f
 .text          0x00804184       0x2c c:/altera/12.1sp1/nios2eds/bin/gnu/h-i686-mingw32/bin/../lib/gcc/nios2-elf/4.1.2\libgcc.a(_make_sf.o)
                0x00804184                __make_fp
 .text          0x008041b0      0x314 c:/altera/12.1sp1/nios2eds/bin/gnu/h-i686-mingw32/bin/../lib/gcc/nios2-elf/4.1.2\libgcc.a(_pack_df.o)
                0x008041b0                __pack_d
 .text          0x008044c4      0x138 c:/altera/12.1sp1/nios2eds/bin/gnu/h-i686-mingw32/bin/../lib/gcc/nios2-elf/4.1.2\libgcc.a(_unpack_df.o)
                0x008044c4                __unpack_d
 .text          0x008045fc       0xc8 c:/altera/12.1sp1/nios2eds/bin/gnu/h-i686-mingw32/bin/../lib/gcc/nios2-elf/4.1.2\libgcc.a(_fpcmp_parts_df.o)
                0x008045fc                __fpcmp_parts_d
 .text          0x008046c4        0x0 c:/altera/12.1sp1/nios2eds/bin/gnu/h-i686-mingw32/bin/../lib/gcc/nios2-elf/4.1.2\libgcc.a(_clz.o)
 .text          0x008046c4       0x10 c:/altera/12.1sp1/nios2eds/bin/gnu/h-i686-mingw32/bin/../lib/gcc/nios2-elf/4.1.2/../../../../nios2-elf/lib\libc.a(lib_a-errno.o)
                0x008046c4                __errno
 .text          0x008046d4        0x0 c:/altera/12.1sp1/nios2eds/bin/gnu/h-i686-mingw32/bin/../lib/gcc/nios2-elf/4.1.2/../../../../nios2-elf/lib\libc.a(lib_a-impure.o)
 .text          0x008046d4       0xb4 c:/altera/12.1sp1/nios2eds/bin/gnu/h-i686-mingw32/bin/../lib/gcc/nios2-elf/4.1.2/../../../../nios2-elf/lib\libc.a(lib_a-puts.o)
                0x008046d4                _puts_r
                0x00804774                puts
 .text          0x00804788       0x74 c:/altera/12.1sp1/nios2eds/bin/gnu/h-i686-mingw32/bin/../lib/gcc/nios2-elf/4.1.2/../../../../nios2-elf/lib\libc.a(lib_a-strlen.o)
                0x00804788                strlen
 .text          0x008047fc      0x49c c:/altera/12.1sp1/nios2eds/bin/gnu/h-i686-mingw32/bin/../lib/gcc/nios2-elf/4.1.2/../../../../nios2-elf/lib\libc.a(lib_a-fvwrite.o)
                0x008047fc                __sfvwrite_r
 .text          0x00804c98      0x740 c:/altera/12.1sp1/nios2eds/bin/gnu/h-i686-mingw32/bin/../lib/gcc/nios2-elf/4.1.2/../../../../nios2-elf/lib\libc.a(lib_a-mallocr.o)
                0x00804c98                _malloc_r
 .text          0x008053d8       0xe4 c:/altera/12.1sp1/nios2eds/bin/gnu/h-i686-mingw32/bin/../lib/gcc/nios2-elf/4.1.2/../../../../nios2-elf/lib\libc.a(lib_a-memchr.o)
                0x008053d8                memchr
 .text          0x008054bc       0xa0 c:/altera/12.1sp1/nios2eds/bin/gnu/h-i686-mingw32/bin/../lib/gcc/nios2-elf/4.1.2/../../../../nios2-elf/lib\libc.a(lib_a-memcpy.o)
                0x008054bc                memcpy
 .text          0x0080555c       0xe0 c:/altera/12.1sp1/nios2eds/bin/gnu/h-i686-mingw32/bin/../lib/gcc/nios2-elf/4.1.2/../../../../nios2-elf/lib\libc.a(lib_a-memmove.o)
                0x0080555c                memmove
 .text          0x0080563c      0x5f4 c:/altera/12.1sp1/nios2eds/bin/gnu/h-i686-mingw32/bin/../lib/gcc/nios2-elf/4.1.2/../../../../nios2-elf/lib\libc.a(lib_a-reallocr.o)
                0x0080563c                _realloc_r
 .text          0x00805c30       0x70 c:/altera/12.1sp1/nios2eds/bin/gnu/h-i686-mingw32/bin/../lib/gcc/nios2-elf/4.1.2/../../../../nios2-elf/lib\libc.a(lib_a-sbrkr.o)
                0x00805c30                _sbrk_r
 .text          0x00805ca0      0x13c c:/altera/12.1sp1/nios2eds/bin/gnu/h-i686-mingw32/bin/../lib/gcc/nios2-elf/4.1.2/../../../../nios2-elf/lib\libc.a(lib_a-wsetup.o)
                0x00805ca0                __swsetup_r
 .text          0x00805ddc      0x230 c:/altera/12.1sp1/nios2eds/bin/gnu/h-i686-mingw32/bin/../lib/gcc/nios2-elf/4.1.2/../../../../nios2-elf/lib\libc.a(lib_a-fflush.o)
                0x00805ddc                _fflush_r
                0x00805fd8                fflush
 .text          0x0080600c      0x2c0 c:/altera/12.1sp1/nios2eds/bin/gnu/h-i686-mingw32/bin/../lib/gcc/nios2-elf/4.1.2/../../../../nios2-elf/lib\libc.a(lib_a-findfp.o)
                0x00806064                __sfp_lock_acquire
                0x00806068                __sfp_lock_release
                0x0080606c                __sinit_lock_acquire
                0x00806070                __sinit_lock_release
                0x00806074                __sinit
                0x00806128                __fp_unlock_all
                0x00806140                __fp_lock_all
                0x00806158                _cleanup_r
                0x00806164                _cleanup
                0x00806174                __sfmoreglue
                0x008061dc                __sfp
 .text          0x008062cc      0x440 c:/altera/12.1sp1/nios2eds/bin/gnu/h-i686-mingw32/bin/../lib/gcc/nios2-elf/4.1.2/../../../../nios2-elf/lib\libc.a(lib_a-freer.o)
                0x008062cc                _malloc_trim_r
                0x008063f8                _free_r
 .text          0x0080670c      0x180 c:/altera/12.1sp1/nios2eds/bin/gnu/h-i686-mingw32/bin/../lib/gcc/nios2-elf/4.1.2/../../../../nios2-elf/lib\libc.a(lib_a-fwalk.o)
                0x0080670c                _fwalk_reent
                0x008067d4                _fwalk
 .text          0x0080688c        0x0 c:/altera/12.1sp1/nios2eds/bin/gnu/h-i686-mingw32/bin/../lib/gcc/nios2-elf/4.1.2/../../../../nios2-elf/lib\libc.a(lib_a-int_errno.o)
 .text          0x0080688c      0x194 c:/altera/12.1sp1/nios2eds/bin/gnu/h-i686-mingw32/bin/../lib/gcc/nios2-elf/4.1.2/../../../../nios2-elf/lib\libc.a(lib_a-makebuf.o)
                0x0080688c                __smakebuf_r
 .text          0x00806a20       0x98 c:/altera/12.1sp1/nios2eds/bin/gnu/h-i686-mingw32/bin/../lib/gcc/nios2-elf/4.1.2/../../../../nios2-elf/lib\libc.a(lib_a-memset.o)
                0x00806a20                memset
 .text          0x00806ab8      0x14c c:/altera/12.1sp1/nios2eds/bin/gnu/h-i686-mingw32/bin/../lib/gcc/nios2-elf/4.1.2/../../../../nios2-elf/lib\libc.a(lib_a-stdio.o)
                0x00806ab8                __sclose
                0x00806ac0                __sseek
                0x00806b28                __swrite
                0x00806ba4                __sread
 .text          0x00806c04       0x78 c:/altera/12.1sp1/nios2eds/bin/gnu/h-i686-mingw32/bin/../lib/gcc/nios2-elf/4.1.2/../../../../nios2-elf/lib\libc.a(lib_a-writer.o)
                0x00806c04                _write_r
 .text          0x00806c7c       0x70 c:/altera/12.1sp1/nios2eds/bin/gnu/h-i686-mingw32/bin/../lib/gcc/nios2-elf/4.1.2/../../../../nios2-elf/lib\libc.a(lib_a-closer.o)
                0x00806c7c                _close_r
 .text          0x00806cec      0x124 c:/altera/12.1sp1/nios2eds/bin/gnu/h-i686-mingw32/bin/../lib/gcc/nios2-elf/4.1.2/../../../../nios2-elf/lib\libc.a(lib_a-fclose.o)
                0x00806cec                _fclose_r
                0x00806dfc                fclose
 .text          0x00806e10       0x74 c:/altera/12.1sp1/nios2eds/bin/gnu/h-i686-mingw32/bin/../lib/gcc/nios2-elf/4.1.2/../../../../nios2-elf/lib\libc.a(lib_a-fstatr.o)
                0x00806e10                _fstat_r
 .text          0x00806e84       0x70 c:/altera/12.1sp1/nios2eds/bin/gnu/h-i686-mingw32/bin/../lib/gcc/nios2-elf/4.1.2/../../../../nios2-elf/lib\libc.a(lib_a-isattyr.o)
                0x00806e84                _isatty_r
 .text          0x00806ef4       0x78 c:/altera/12.1sp1/nios2eds/bin/gnu/h-i686-mingw32/bin/../lib/gcc/nios2-elf/4.1.2/../../../../nios2-elf/lib\libc.a(lib_a-lseekr.o)
                0x00806ef4                _lseek_r
 .text          0x00806f6c       0x78 c:/altera/12.1sp1/nios2eds/bin/gnu/h-i686-mingw32/bin/../lib/gcc/nios2-elf/4.1.2/../../../../nios2-elf/lib\libc.a(lib_a-readr.o)
                0x00806f6c                _read_r
 .text          0x00806fe4      0x15c ../BS_bsp/\libucosii_bsp.a(alt_close.o)
                0x00806fe4                close
 .text          0x00807140       0x2c ../BS_bsp/\libucosii_bsp.a(alt_dev.o)
 .text          0x0080716c        0x0 ../BS_bsp/\libucosii_bsp.a(alt_errno.o)
 .text          0x0080716c      0x134 ../BS_bsp/\libucosii_bsp.a(alt_fstat.o)
                0x0080716c                fstat
 .text          0x008072a0      0x1d4 ../BS_bsp/\libucosii_bsp.a(alt_iic.o)
                0x008072a0                alt_ic_isr_register
                0x008072f0                alt_ic_irq_enable
                0x0080738c                alt_ic_irq_disable
                0x0080742c                alt_ic_irq_enabled
 .text          0x00807474       0xf8 ../BS_bsp/\libucosii_bsp.a(alt_iic_isr_register.o)
                0x00807474                alt_iic_isr_register
 .text          0x0080756c        0x0 ../BS_bsp/\libucosii_bsp.a(alt_irq_entry.o)
 .text          0x0080756c        0x0 ../BS_bsp/\libucosii_bsp.a(alt_irq_handler.o)
 .text          0x0080756c        0x0 ../BS_bsp/\libucosii_bsp.a(alt_irq_vars.o)
 .text          0x0080756c      0x120 ../BS_bsp/\libucosii_bsp.a(alt_isatty.o)
                0x0080756c                isatty
 .text          0x0080768c       0xec ../BS_bsp/\libucosii_bsp.a(alt_load.o)
                0x0080768c                alt_load
 .text          0x00807778      0x150 ../BS_bsp/\libucosii_bsp.a(alt_lseek.o)
                0x00807778                lseek
 .text          0x008078c8       0xc8 ../BS_bsp/\libucosii_bsp.a(alt_main.o)
                0x008078c8                alt_main
 .text          0x00807990      0x180 ../BS_bsp/\libucosii_bsp.a(alt_read.o)
                0x00807990                read
 .text          0x00807b10       0x60 ../BS_bsp/\libucosii_bsp.a(alt_release_fd.o)
                0x00807b10                alt_release_fd
 .text          0x00807b70       0xbc ../BS_bsp/\libucosii_bsp.a(alt_sbrk.o)
                0x00807b70                sbrk
 .text          0x00807c2c      0x180 ../BS_bsp/\libucosii_bsp.a(alt_write.o)
                0x00807c2c                write
 .text          0x00807dac      0x108 ../BS_bsp/\libucosii_bsp.a(alt_env_lock.o)
                0x00807dac                __env_lock
                0x00807e58                __env_unlock
 .text          0x00807eb4      0x1d8 ../BS_bsp/\libucosii_bsp.a(alt_malloc_lock.o)
                0x00807eb4                __malloc_lock
                0x00807fbc                __malloc_unlock
 .text          0x0080808c     0x2128 ../BS_bsp/\libucosii_bsp.a(os_core.o)
                0x0080808c                OSEventNameGet
                0x008081bc                OSEventNameSet
                0x00808300                OSEventPendMulti
                0x008089b4                OSInit
                0x00808a08                OSIntEnter
                0x00808a84                OSIntExit
                0x00808b84                OSSchedLock
                0x00808c10                OSSchedUnlock
                0x00808cf4                OSStart
                0x00808d64                OSStatInit
                0x00808e10                OSTimeTick
                0x00809050                OSVersion
                0x00809070                OS_Dummy
                0x0080908c                OS_EventTaskRdy
                0x00809220                OS_EventTaskWait
                0x00809330                OS_EventTaskWaitMulti
                0x00809484                OS_EventTaskRemove
                0x0080953c                OS_EventTaskRemoveMulti
                0x00809640                OS_EventWaitListInit
                0x00809a0c                OS_MemClr
                0x00809a60                OS_MemCopy
                0x00809acc                OS_Sched
                0x00809c10                OS_StrCopy
                0x00809c90                OS_StrLen
                0x00809ce8                OS_TaskIdle
                0x00809d44                OS_TaskStat
                0x00809e0c                OS_TaskStatStkChk
                0x00809ed4                OS_TCBInit
 .text          0x0080a1b4      0x18c ../BS_bsp/\libucosii_bsp.a(os_dbg.o)
                0x0080a1b4                OSDebugInit
 .text          0x0080a340     0x193c ../BS_bsp/\libucosii_bsp.a(os_flag.o)
                0x0080a340                OSFlagAccept
                0x0080a674                OSFlagCreate
                0x0080a7b0                OSFlagDel
                0x0080aa58                OSFlagNameGet
                0x0080ab9c                OSFlagNameSet
                0x0080acf0                OSFlagPend
                0x0080b334                OSFlagPendGetFlagsRdy
                0x0080b39c                OSFlagPost
                0x0080b744                OSFlagQuery
                0x0080b9dc                OS_FlagInit
                0x0080bbd0                OS_FlagUnlink
 .text          0x0080bc7c      0x808 ../BS_bsp/\libucosii_bsp.a(os_mem.o)
                0x0080bc7c                OSMemCreate
                0x0080be98                OSMemGet
                0x0080bf9c                OSMemNameGet
                0x0080c0a8                OSMemNameSet
                0x0080c1c8                OSMemPut
                0x0080c2b8                OSMemQuery
                0x0080c3b4                OS_MemInit
 .text          0x0080c484     0x1334 ../BS_bsp/\libucosii_bsp.a(os_q.o)
                0x0080c484                OSQAccept
                0x0080c5d8                OSQCreate
                0x0080c7ec                OSQDel
                0x0080caec                OSQFlush
                0x0080cbb4                OSQPend
                0x0080ced4                OSQPendAbort
                0x0080d050                OSQPost
                0x0080d1d0                OSQPostFront
                0x0080d358                OSQPostOpt
                0x0080d58c                OSQQuery
                0x0080d70c                OS_QInit
 .text          0x0080d7b8      0xbc8 ../BS_bsp/\libucosii_bsp.a(os_sem.o)
                0x0080d7b8                OSSemAccept
                0x0080d878                OSSemCreate
                0x0080d98c                OSSemDel
                0x0080dc2c                OSSemPend
                0x0080dea8                OSSemPendAbort
                0x0080e024                OSSemPost
                0x0080e14c                OSSemQuery
                0x0080e27c                OSSemSet
 .text          0x0080e380     0x1a40 ../BS_bsp/\libucosii_bsp.a(os_task.o)
                0x0080e380                OSTaskChangePrio
                0x0080e8f4                OSTaskCreate
                0x0080eac8                OSTaskCreateExt
                0x0080ecc8                OSTaskDel
                0x0080f0d4                OSTaskDelReq
                0x0080f244                OSTaskNameGet
                0x0080f3fc                OSTaskNameSet
                0x0080f5c0                OSTaskResume
                0x0080f7d8                OSTaskStkChk
                0x0080f9d4                OSTaskSuspend
                0x0080fc00                OSTaskQuery
                0x0080fd44                OS_TaskStkClr
 .text          0x0080fdc0      0x598 ../BS_bsp/\libucosii_bsp.a(os_time.o)
                0x0080fdc0                OSTimeDly
                0x0080ff0c                OSTimeDlyHMSM
                0x00810080                OSTimeDlyResume
                0x00810290                OSTimeGet
                0x008102f4                OSTimeSet
 .text          0x00810358       0xf8 ../BS_bsp/\libucosii_bsp.a(alt_sys_init.o)
                0x00810358                alt_irq_init
                0x0081038c                alt_sys_init
 .text          0x00810450      0x560 ../BS_bsp/\libucosii_bsp.a(altera_avalon_fifo_util.o)
                0x00810450                altera_avalon_fifo_init
                0x0081050c                altera_avalon_fifo_read_status
                0x00810548                altera_avalon_fifo_read_ienable
                0x00810584                altera_avalon_fifo_read_almostfull
                0x008105b0                altera_avalon_fifo_read_almostempty
                0x008105dc                altera_avalon_fifo_read_event
                0x00810618                altera_avalon_fifo_read_level
                0x00810640                altera_avalon_fifo_clear_event
                0x008106a8                altera_avalon_fifo_write_ienable
                0x00810708                altera_avalon_fifo_write_almostfull
                0x00810768                altera_avalon_fifo_write_almostempty
                0x008107c8                altera_avalon_fifo_write_fifo
                0x0081082c                altera_avalon_read_fifo
                0x0081089c                altera_avalon_fifo_read_fifo
                0x008108f4                altera_avalon_fifo_write_other_info
                0x0081095c                altera_avalon_fifo_read_other_info
                0x00810988                altera_avalon_fifo_read_backpressure
 .text          0x008109b0      0x148 ../BS_bsp/\libucosii_bsp.a(altera_avalon_jtag_uart_fd.o)
                0x008109b0                altera_avalon_jtag_uart_read_fd
                0x00810a08                altera_avalon_jtag_uart_write_fd
                0x00810a60                altera_avalon_jtag_uart_close_fd
                0x00810aa8                altera_avalon_jtag_uart_ioctl_fd
 .text          0x00810af8      0x584 ../BS_bsp/\libucosii_bsp.a(altera_avalon_jtag_uart_init.o)
                0x00810af8                altera_avalon_jtag_uart_init
                0x00811008                altera_avalon_jtag_uart_close
 .text          0x0081107c       0xf4 ../BS_bsp/\libucosii_bsp.a(altera_avalon_jtag_uart_ioctl.o)
                0x0081107c                altera_avalon_jtag_uart_ioctl
 .text          0x00811170      0x2c0 ../BS_bsp/\libucosii_bsp.a(altera_avalon_jtag_uart_read.o)
                0x00811170                altera_avalon_jtag_uart_read
 .text          0x00811430      0x2dc ../BS_bsp/\libucosii_bsp.a(altera_avalon_jtag_uart_write.o)
                0x00811430                altera_avalon_jtag_uart_write
 .text          0x0081170c      0x100 ../BS_bsp/\libucosii_bsp.a(altera_avalon_timer_sc.o)
                0x0081177c                alt_avalon_timer_sc_init
 .text          0x0081180c      0x80c ../BS_bsp/\libucosii_bsp.a(altera_up_avalon_audio.o)
                0x0081180c                alt_up_audio_open_dev
                0x0081184c                alt_up_audio_enable_read_interrupt
                0x00811898                alt_up_audio_disable_read_interrupt
                0x008118e8                alt_up_audio_enable_write_interrupt
                0x00811934                alt_up_audio_disable_write_interrupt
                0x00811984                alt_up_audio_read_interrupt_pending
                0x008119c0                alt_up_audio_write_interrupt_pending
                0x008119fc                alt_up_audio_reset_audio_core
                0x00811a84                alt_up_audio_read_fifo_avail
                0x00811af4                alt_up_audio_record_r
                0x00811b64                alt_up_audio_record_l
                0x00811bd4                alt_up_audio_write_fifo_space
                0x00811c48                alt_up_audio_play_r
                0x00811cb8                alt_up_audio_play_l
                0x00811d28                alt_up_audio_read_fifo
                0x00811e2c                alt_up_audio_write_fifo
                0x00811f58                alt_up_audio_read_fifo_head
                0x00811fb8                alt_up_audio_write_fifo_head
 .text          0x00812018      0x788 ../BS_bsp/\libucosii_bsp.a(altera_up_avalon_audio_and_video_config.o)
                0x00812018                alt_up_av_config_open_dev
                0x0081207c                alt_up_av_config_write_data
                0x008120e0                alt_up_av_config_read_data
                0x0081216c                alt_up_av_config_reset
                0x008121a4                alt_up_av_config_enable_interrupt
                0x008121dc                alt_up_av_config_disable_interrupt
                0x0081220c                alt_up_av_config_read_acknowledge
                0x00812274                alt_up_av_config_read_ready
                0x008122ac                alt_up_av_config_write_audio_cfg_register
                0x00812358                alt_up_av_config_read_video_cfg_register
                0x00812450                alt_up_av_config_write_video_cfg_register
                0x00812548                alt_up_av_config_read_DC2_cfg_register
                0x008125ac                alt_up_av_config_write_DC2_cfg_register
                0x00812610                alt_up_av_config_read_D5M_cfg_register
                0x00812674                alt_up_av_config_write_D5M_cfg_register
                0x008126d8                alt_up_av_config_read_LTM_cfg_register
                0x0081273c                alt_up_av_config_write_LTM_cfg_register
 .text          0x008127a0      0x530 ../BS_bsp/\libucosii_bsp.a(altera_up_avalon_character_lcd.o)
                0x008127a0                get_DDRAM_addr
                0x0081281c                alt_up_character_lcd_send_cmd
                0x00812850                alt_up_character_lcd_init
                0x00812884                alt_up_character_lcd_open_dev
                0x008128c4                alt_up_character_lcd_write
                0x0081293c                alt_up_character_lcd_string
                0x008129b4                alt_up_character_lcd_write_fd
                0x00812a00                alt_up_character_lcd_set_cursor_pos
                0x00812a78                alt_up_character_lcd_shift_cursor
                0x00812b28                alt_up_character_lcd_shift_display
                0x00812bd8                alt_up_character_lcd_erase_pos
                0x00812c68                alt_up_character_lcd_cursor_off
                0x00812c9c                alt_up_character_lcd_cursor_blink_on
 .text          0x00812cd0      0x154 ../BS_bsp/\libucosii_bsp.a(alt_alarm_start.o)
                0x00812cd0                alt_alarm_start
 .text          0x00812e24       0x44 ../BS_bsp/\libucosii_bsp.a(alt_dcache_flush_all.o)
                0x00812e24                alt_dcache_flush_all
 .text          0x00812e68      0x114 ../BS_bsp/\libucosii_bsp.a(alt_dev_llist_insert.o)
                0x00812e68                alt_dev_llist_insert
 .text          0x00812f7c       0x64 ../BS_bsp/\libucosii_bsp.a(alt_do_ctors.o)
                0x00812f7c                _do_ctors
 .text          0x00812fe0       0x64 ../BS_bsp/\libucosii_bsp.a(alt_do_dtors.o)
                0x00812fe0                _do_dtors
 .text          0x00813044        0x0 ../BS_bsp/\libucosii_bsp.a(alt_exception_entry.o)
 .text          0x00813044       0x94 ../BS_bsp/\libucosii_bsp.a(alt_find_dev.o)
                0x00813044                alt_find_dev
 .text          0x008130d8       0x30 ../BS_bsp/\libucosii_bsp.a(alt_icache_flush_all.o)
                0x008130d8                alt_icache_flush_all
 .text          0x00813108      0x13c ../BS_bsp/\libucosii_bsp.a(alt_io_redirect.o)
                0x008131cc                alt_io_redirect
 .text          0x00813244      0x2c4 ../BS_bsp/\libucosii_bsp.a(alt_open.o)
                0x00813320                open
 .text          0x00813508      0x1a8 ../BS_bsp/\libucosii_bsp.a(alt_tick.o)
                0x00813508                alt_alarm_stop
                0x008135a0                alt_tick
 .text          0x008136b0       0x20 ../BS_bsp/\libucosii_bsp.a(altera_nios2_qsys_irq.o)
                0x008136b0                altera_nios2_qsys_irq_init
 .text          0x008136d0       0xd0 ../BS_bsp/\libucosii_bsp.a(os_cpu_a.o)
                0x008136d0                OSCtxSw
                0x008136d0                OSIntCtxSw
                0x0081375c                OSStartHighRdy
                0x0081377c                OSStartTsk
 .text          0x008137a0      0x418 ../BS_bsp/\libucosii_bsp.a(os_cpu_c.o)
                0x008137a0                OSTaskStkInit
                0x00813ab0                OSTaskCreateHook
                0x00813ad0                OSTaskDelHook
                0x00813af0                OSTaskSwHook
                0x00813b0c                OSTaskStatHook
                0x00813b28                OSTimeTickHook
                0x00813b44                OSInitHookBegin
                0x00813b60                OSInitHookEnd
                0x00813b7c                OSTaskIdleHook
                0x00813b98                OSTCBInitHook
 .text          0x00813bb8      0x120 ../BS_bsp/\libucosii_bsp.a(alt_find_file.o)
                0x00813bb8                alt_find_file
 .text          0x00813cd8       0xf4 ../BS_bsp/\libucosii_bsp.a(alt_get_fd.o)
                0x00813cd8                alt_get_fd
 .text          0x00813dcc       0x90 ../BS_bsp/\libucosii_bsp.a(alt_icache_flush.o)
                0x00813dcc                alt_icache_flush
 .text          0x00813e5c       0x14 c:/altera/12.1sp1/nios2eds/bin/gnu/h-i686-mingw32/bin/../lib/gcc/nios2-elf/4.1.2/../../../../nios2-elf/lib\libc.a(lib_a-atexit.o)
                0x00813e5c                atexit
 .text          0x00813e70       0x38 c:/altera/12.1sp1/nios2eds/bin/gnu/h-i686-mingw32/bin/../lib/gcc/nios2-elf/4.1.2/../../../../nios2-elf/lib\libc.a(lib_a-exit.o)
                0x00813e70                exit
 .text          0x00813ea8       0x74 c:/altera/12.1sp1/nios2eds/bin/gnu/h-i686-mingw32/bin/../lib/gcc/nios2-elf/4.1.2/../../../../nios2-elf/lib\libc.a(lib_a-memcmp.o)
                0x00813ea8                memcmp
 .text          0x00813f1c      0x134 c:/altera/12.1sp1/nios2eds/bin/gnu/h-i686-mingw32/bin/../lib/gcc/nios2-elf/4.1.2/../../../../nios2-elf/lib\libc.a(lib_a-__atexit.o)
                0x00813f1c                __register_exitproc
 .text          0x00814050      0x1b4 c:/altera/12.1sp1/nios2eds/bin/gnu/h-i686-mingw32/bin/../lib/gcc/nios2-elf/4.1.2/../../../../nios2-elf/lib\libc.a(lib_a-__call_atexit.o)
                0x00814054                __call_exitprocs
 .text          0x00814204      0x14c c:/altera/12.1sp1/nios2eds/bin/gnu/h-i686-mingw32/bin/../lib/gcc/nios2-elf/4.1.2\libgcc.a(lib2-divmod.o)
                0x00814280                __divsi3
                0x008142e0                __modsi3
                0x00814340                __udivsi3
                0x00814348                __umodsi3
 .text          0x00814350       0x6c ../BS_bsp/\libucosii_bsp.a(alt_exit.o)
                0x00814390                _exit
 *(.gnu.warning.*)
 *(.fini)
                0x008143bc                PROVIDE (__etext, ABSOLUTE (.))
                0x008143bc                PROVIDE (_etext, ABSOLUTE (.))
                0x008143bc                PROVIDE (etext, ABSOLUTE (.))
 *(.eh_frame_hdr)
                0x008143bc                . = ALIGN (0x4)
                0x008143bc                PROVIDE (__preinit_array_start, ABSOLUTE (.))
 *(.preinit_array)
                0x008143bc                PROVIDE (__preinit_array_end, ABSOLUTE (.))
                0x008143bc                PROVIDE (__init_array_start, ABSOLUTE (.))
 *(.init_array)
                0x008143bc                PROVIDE (__init_array_end, ABSOLUTE (.))
                0x008143bc                PROVIDE (__fini_array_start, ABSOLUTE (.))
 *(.fini_array)
                0x008143bc                PROVIDE (__fini_array_end, ABSOLUTE (.))
 *(.eh_frame)
 *(.gcc_except_table)
 *(.dynamic)
                0x008143bc                PROVIDE (__CTOR_LIST__, ABSOLUTE (.))
 *(.ctors)
 *(SORT(.ctors.*))
 .ctors.65535   0x008143bc        0x4 c:/altera/12.1sp1/nios2eds/bin/gnu/h-i686-mingw32/bin/../lib/gcc/nios2-elf/4.1.2/../../../../nios2-elf/lib\libc.a(lib_a-__call_atexit.o)
                0x008143c0                PROVIDE (__CTOR_END__, ABSOLUTE (.))
                0x008143c0                PROVIDE (__DTOR_LIST__, ABSOLUTE (.))
 *(.dtors)
 *(SORT(.dtors.*))
                0x008143c0                PROVIDE (__DTOR_END__, ABSOLUTE (.))
 *(.jcr)
                0x008143c0                . = ALIGN (0x4)

.rodata         0x008143c0      0x3c8
                0x008143c0                PROVIDE (__ram_rodata_start, ABSOLUTE (.))
                0x008143c0                . = ALIGN (0x4)
 *(.rodata .rodata.* .gnu.linkonce.r.*)
 .rodata        0x008143c0       0xb4 obj/default/hello_ucosii.o
 .rodata.str1.4
                0x00814474        0x4 c:/altera/12.1sp1/nios2eds/bin/gnu/h-i686-mingw32/bin/../lib/gcc/nios2-elf/4.1.2/../../../../nios2-elf/lib\libm.a(lib_a-w_pow.o)
 .rodata.str1.4
                0x00814478        0x1 c:/altera/12.1sp1/nios2eds/bin/gnu/h-i686-mingw32/bin/../lib/gcc/nios2-elf/4.1.2/../../../../nios2-elf/lib\libm.a(lib_a-e_pow.o)
                                  0x4 (size before relaxing)
 *fill*         0x00814479        0x3 00
 .rodata        0x0081447c       0x30 c:/altera/12.1sp1/nios2eds/bin/gnu/h-i686-mingw32/bin/../lib/gcc/nios2-elf/4.1.2/../../../../nios2-elf/lib\libm.a(lib_a-e_pow.o)
 .rodata        0x008144ac       0x10 c:/altera/12.1sp1/nios2eds/bin/gnu/h-i686-mingw32/bin/../lib/gcc/nios2-elf/4.1.2/../../../../nios2-elf/lib\libm.a(lib_a-s_rint.o)
 .rodata        0x008144bc       0x10 c:/altera/12.1sp1/nios2eds/bin/gnu/h-i686-mingw32/bin/../lib/gcc/nios2-elf/4.1.2\libgcc.a(_thenan_sf.o)
                0x008144bc                __thenan_sf
 .rodata        0x008144cc       0x14 c:/altera/12.1sp1/nios2eds/bin/gnu/h-i686-mingw32/bin/../lib/gcc/nios2-elf/4.1.2\libgcc.a(_thenan_df.o)
                0x008144cc                __thenan_df
 .rodata        0x008144e0      0x100 c:/altera/12.1sp1/nios2eds/bin/gnu/h-i686-mingw32/bin/../lib/gcc/nios2-elf/4.1.2\libgcc.a(_clz.o)
                0x008144e0                __clz_tab
 .rodata.str1.4
                0x008145e0        0x2 c:/altera/12.1sp1/nios2eds/bin/gnu/h-i686-mingw32/bin/../lib/gcc/nios2-elf/4.1.2/../../../../nios2-elf/lib\libc.a(lib_a-impure.o)
                                  0x4 (size before relaxing)
 *fill*         0x008145e2        0x2 00
 .rodata.str1.4
                0x008145e4        0x4 c:/altera/12.1sp1/nios2eds/bin/gnu/h-i686-mingw32/bin/../lib/gcc/nios2-elf/4.1.2/../../../../nios2-elf/lib\libc.a(lib_a-puts.o)
 .rodata        0x008145e8        0xc ../BS_bsp/\libucosii_bsp.a(alt_dev.o)
 .rodata        0x008145f4       0x14 ../BS_bsp/\libucosii_bsp.a(alt_main.o)
 .rodata        0x00814608      0x120 ../BS_bsp/\libucosii_bsp.a(os_core.o)
                0x00814608                OSUnMapTbl
 .rodata        0x00814728       0x5c ../BS_bsp/\libucosii_bsp.a(alt_sys_init.o)
 .rodata        0x00814784        0x4 ../BS_bsp/\libucosii_bsp.a(os_cpu_c.o)
 *(.rodata1)
                0x00814788                . = ALIGN (0x4)
                0x00814788                PROVIDE (__ram_rodata_end, ABSOLUTE (.))
                0x008143c0                PROVIDE (__flash_rodata_start, LOADADDR (.rodata))

.rwdata         0x00814788     0x1b60 load address 0x008162e8
                0x00814788                PROVIDE (__ram_rwdata_start, ABSOLUTE (.))
                0x00814788                . = ALIGN (0x4)
 *(.got.plt)
 *(.got)
 *(.data1)
 *(.data .data.* .gnu.linkonce.d.*)
 .data          0x00814788        0x0 ../BS_bsp//obj/HAL/src/crt0.o
 .data          0x00814788        0x0 obj/default/MidiDriver.o
 .data          0x00814788        0x0 obj/default/hello_ucosii.o
 .data          0x00814788        0x0 c:/altera/12.1sp1/nios2eds/bin/gnu/h-i686-mingw32/bin/../lib/gcc/nios2-elf/4.1.2/../../../../nios2-elf/lib\libm.a(lib_a-sf_round.o)
 .data          0x00814788        0x0 c:/altera/12.1sp1/nios2eds/bin/gnu/h-i686-mingw32/bin/../lib/gcc/nios2-elf/4.1.2/../../../../nios2-elf/lib\libm.a(lib_a-w_pow.o)
 .data          0x00814788        0x0 c:/altera/12.1sp1/nios2eds/bin/gnu/h-i686-mingw32/bin/../lib/gcc/nios2-elf/4.1.2/../../../../nios2-elf/lib\libm.a(lib_a-e_pow.o)
 .data          0x00814788        0x0 c:/altera/12.1sp1/nios2eds/bin/gnu/h-i686-mingw32/bin/../lib/gcc/nios2-elf/4.1.2/../../../../nios2-elf/lib\libm.a(lib_a-e_sqrt.o)
 .data          0x00814788        0x0 c:/altera/12.1sp1/nios2eds/bin/gnu/h-i686-mingw32/bin/../lib/gcc/nios2-elf/4.1.2/../../../../nios2-elf/lib\libm.a(lib_a-s_fabs.o)
 .data          0x00814788        0x0 c:/altera/12.1sp1/nios2eds/bin/gnu/h-i686-mingw32/bin/../lib/gcc/nios2-elf/4.1.2/../../../../nios2-elf/lib\libm.a(lib_a-s_finite.o)
 .data          0x00814788        0x0 c:/altera/12.1sp1/nios2eds/bin/gnu/h-i686-mingw32/bin/../lib/gcc/nios2-elf/4.1.2/../../../../nios2-elf/lib\libm.a(lib_a-s_isnand.o)
 .data          0x00814788        0x0 c:/altera/12.1sp1/nios2eds/bin/gnu/h-i686-mingw32/bin/../lib/gcc/nios2-elf/4.1.2/../../../../nios2-elf/lib\libm.a(lib_a-s_lib_ver.o)
 .data          0x00814788        0x0 c:/altera/12.1sp1/nios2eds/bin/gnu/h-i686-mingw32/bin/../lib/gcc/nios2-elf/4.1.2/../../../../nios2-elf/lib\libm.a(lib_a-s_matherr.o)
 .data          0x00814788        0x0 c:/altera/12.1sp1/nios2eds/bin/gnu/h-i686-mingw32/bin/../lib/gcc/nios2-elf/4.1.2/../../../../nios2-elf/lib\libm.a(lib_a-s_nan.o)
 .data          0x00814788        0x0 c:/altera/12.1sp1/nios2eds/bin/gnu/h-i686-mingw32/bin/../lib/gcc/nios2-elf/4.1.2/../../../../nios2-elf/lib\libm.a(lib_a-s_rint.o)
 .data          0x00814788        0x0 c:/altera/12.1sp1/nios2eds/bin/gnu/h-i686-mingw32/bin/../lib/gcc/nios2-elf/4.1.2/../../../../nios2-elf/lib\libm.a(lib_a-s_scalbn.o)
 .data          0x00814788        0x0 c:/altera/12.1sp1/nios2eds/bin/gnu/h-i686-mingw32/bin/../lib/gcc/nios2-elf/4.1.2/../../../../nios2-elf/lib\libm.a(lib_a-s_copysign.o)
 .data          0x00814788        0x0 c:/altera/12.1sp1/nios2eds/bin/gnu/h-i686-mingw32/bin/../lib/gcc/nios2-elf/4.1.2\libgcc.a(_addsub_sf.o)
 .data          0x00814788        0x0 c:/altera/12.1sp1/nios2eds/bin/gnu/h-i686-mingw32/bin/../lib/gcc/nios2-elf/4.1.2\libgcc.a(_mul_sf.o)
 .data          0x00814788        0x0 c:/altera/12.1sp1/nios2eds/bin/gnu/h-i686-mingw32/bin/../lib/gcc/nios2-elf/4.1.2\libgcc.a(_div_sf.o)
 .data          0x00814788        0x0 c:/altera/12.1sp1/nios2eds/bin/gnu/h-i686-mingw32/bin/../lib/gcc/nios2-elf/4.1.2\libgcc.a(_sf_to_si.o)
 .data          0x00814788        0x0 c:/altera/12.1sp1/nios2eds/bin/gnu/h-i686-mingw32/bin/../lib/gcc/nios2-elf/4.1.2\libgcc.a(_thenan_sf.o)
 .data          0x00814788        0x0 c:/altera/12.1sp1/nios2eds/bin/gnu/h-i686-mingw32/bin/../lib/gcc/nios2-elf/4.1.2\libgcc.a(_addsub_df.o)
 .data          0x00814788        0x0 c:/altera/12.1sp1/nios2eds/bin/gnu/h-i686-mingw32/bin/../lib/gcc/nios2-elf/4.1.2\libgcc.a(_mul_df.o)
 .data          0x00814788        0x0 c:/altera/12.1sp1/nios2eds/bin/gnu/h-i686-mingw32/bin/../lib/gcc/nios2-elf/4.1.2\libgcc.a(_div_df.o)
 .data          0x00814788        0x0 c:/altera/12.1sp1/nios2eds/bin/gnu/h-i686-mingw32/bin/../lib/gcc/nios2-elf/4.1.2\libgcc.a(_eq_df.o)
 .data          0x00814788        0x0 c:/altera/12.1sp1/nios2eds/bin/gnu/h-i686-mingw32/bin/../lib/gcc/nios2-elf/4.1.2\libgcc.a(_ne_df.o)
 .data          0x00814788        0x0 c:/altera/12.1sp1/nios2eds/bin/gnu/h-i686-mingw32/bin/../lib/gcc/nios2-elf/4.1.2\libgcc.a(_gt_df.o)
 .data          0x00814788        0x0 c:/altera/12.1sp1/nios2eds/bin/gnu/h-i686-mingw32/bin/../lib/gcc/nios2-elf/4.1.2\libgcc.a(_lt_df.o)
 .data          0x00814788        0x0 c:/altera/12.1sp1/nios2eds/bin/gnu/h-i686-mingw32/bin/../lib/gcc/nios2-elf/4.1.2\libgcc.a(_le_df.o)
 .data          0x00814788        0x0 c:/altera/12.1sp1/nios2eds/bin/gnu/h-i686-mingw32/bin/../lib/gcc/nios2-elf/4.1.2\libgcc.a(_si_to_df.o)
 .data          0x00814788        0x0 c:/altera/12.1sp1/nios2eds/bin/gnu/h-i686-mingw32/bin/../lib/gcc/nios2-elf/4.1.2\libgcc.a(_df_to_sf.o)
 .data          0x00814788        0x0 c:/altera/12.1sp1/nios2eds/bin/gnu/h-i686-mingw32/bin/../lib/gcc/nios2-elf/4.1.2\libgcc.a(_thenan_df.o)
 .data          0x00814788        0x0 c:/altera/12.1sp1/nios2eds/bin/gnu/h-i686-mingw32/bin/../lib/gcc/nios2-elf/4.1.2\libgcc.a(_muldi3.o)
 .data          0x00814788        0x0 c:/altera/12.1sp1/nios2eds/bin/gnu/h-i686-mingw32/bin/../lib/gcc/nios2-elf/4.1.2\libgcc.a(_clzsi2.o)
 .data          0x00814788        0x0 c:/altera/12.1sp1/nios2eds/bin/gnu/h-i686-mingw32/bin/../lib/gcc/nios2-elf/4.1.2\libgcc.a(_pack_sf.o)
 .data          0x00814788        0x0 c:/altera/12.1sp1/nios2eds/bin/gnu/h-i686-mingw32/bin/../lib/gcc/nios2-elf/4.1.2\libgcc.a(_unpack_sf.o)
 .data          0x00814788        0x0 c:/altera/12.1sp1/nios2eds/bin/gnu/h-i686-mingw32/bin/../lib/gcc/nios2-elf/4.1.2\libgcc.a(_make_sf.o)
 .data          0x00814788        0x0 c:/altera/12.1sp1/nios2eds/bin/gnu/h-i686-mingw32/bin/../lib/gcc/nios2-elf/4.1.2\libgcc.a(_pack_df.o)
 .data          0x00814788        0x0 c:/altera/12.1sp1/nios2eds/bin/gnu/h-i686-mingw32/bin/../lib/gcc/nios2-elf/4.1.2\libgcc.a(_unpack_df.o)
 .data          0x00814788        0x0 c:/altera/12.1sp1/nios2eds/bin/gnu/h-i686-mingw32/bin/../lib/gcc/nios2-elf/4.1.2\libgcc.a(_fpcmp_parts_df.o)
 .data          0x00814788        0x0 c:/altera/12.1sp1/nios2eds/bin/gnu/h-i686-mingw32/bin/../lib/gcc/nios2-elf/4.1.2\libgcc.a(_clz.o)
 .data          0x00814788        0x0 c:/altera/12.1sp1/nios2eds/bin/gnu/h-i686-mingw32/bin/../lib/gcc/nios2-elf/4.1.2/../../../../nios2-elf/lib\libc.a(lib_a-errno.o)
 .data          0x00814788      0x400 c:/altera/12.1sp1/nios2eds/bin/gnu/h-i686-mingw32/bin/../lib/gcc/nios2-elf/4.1.2/../../../../nios2-elf/lib\libc.a(lib_a-impure.o)
 .data          0x00814b88        0x0 c:/altera/12.1sp1/nios2eds/bin/gnu/h-i686-mingw32/bin/../lib/gcc/nios2-elf/4.1.2/../../../../nios2-elf/lib\libc.a(lib_a-puts.o)
 .data          0x00814b88        0x0 c:/altera/12.1sp1/nios2eds/bin/gnu/h-i686-mingw32/bin/../lib/gcc/nios2-elf/4.1.2/../../../../nios2-elf/lib\libc.a(lib_a-strlen.o)
 .data          0x00814b88        0x0 c:/altera/12.1sp1/nios2eds/bin/gnu/h-i686-mingw32/bin/../lib/gcc/nios2-elf/4.1.2/../../../../nios2-elf/lib\libc.a(lib_a-fvwrite.o)
 .data          0x00814b88      0x408 c:/altera/12.1sp1/nios2eds/bin/gnu/h-i686-mingw32/bin/../lib/gcc/nios2-elf/4.1.2/../../../../nios2-elf/lib\libc.a(lib_a-mallocr.o)
                0x00814b88                __malloc_av_
 .data          0x00814f90        0x0 c:/altera/12.1sp1/nios2eds/bin/gnu/h-i686-mingw32/bin/../lib/gcc/nios2-elf/4.1.2/../../../../nios2-elf/lib\libc.a(lib_a-memchr.o)
 .data          0x00814f90        0x0 c:/altera/12.1sp1/nios2eds/bin/gnu/h-i686-mingw32/bin/../lib/gcc/nios2-elf/4.1.2/../../../../nios2-elf/lib\libc.a(lib_a-memcpy.o)
 .data          0x00814f90        0x0 c:/altera/12.1sp1/nios2eds/bin/gnu/h-i686-mingw32/bin/../lib/gcc/nios2-elf/4.1.2/../../../../nios2-elf/lib\libc.a(lib_a-memmove.o)
 .data          0x00814f90        0x0 c:/altera/12.1sp1/nios2eds/bin/gnu/h-i686-mingw32/bin/../lib/gcc/nios2-elf/4.1.2/../../../../nios2-elf/lib\libc.a(lib_a-reallocr.o)
 .data          0x00814f90        0x0 c:/altera/12.1sp1/nios2eds/bin/gnu/h-i686-mingw32/bin/../lib/gcc/nios2-elf/4.1.2/../../../../nios2-elf/lib\libc.a(lib_a-sbrkr.o)
 .data          0x00814f90        0x0 c:/altera/12.1sp1/nios2eds/bin/gnu/h-i686-mingw32/bin/../lib/gcc/nios2-elf/4.1.2/../../../../nios2-elf/lib\libc.a(lib_a-wsetup.o)
 .data          0x00814f90        0x0 c:/altera/12.1sp1/nios2eds/bin/gnu/h-i686-mingw32/bin/../lib/gcc/nios2-elf/4.1.2/../../../../nios2-elf/lib\libc.a(lib_a-fflush.o)
 .data          0x00814f90        0x0 c:/altera/12.1sp1/nios2eds/bin/gnu/h-i686-mingw32/bin/../lib/gcc/nios2-elf/4.1.2/../../../../nios2-elf/lib\libc.a(lib_a-findfp.o)
 .data          0x00814f90        0x0 c:/altera/12.1sp1/nios2eds/bin/gnu/h-i686-mingw32/bin/../lib/gcc/nios2-elf/4.1.2/../../../../nios2-elf/lib\libc.a(lib_a-freer.o)
 .data          0x00814f90        0x0 c:/altera/12.1sp1/nios2eds/bin/gnu/h-i686-mingw32/bin/../lib/gcc/nios2-elf/4.1.2/../../../../nios2-elf/lib\libc.a(lib_a-fwalk.o)
 .data          0x00814f90        0x0 c:/altera/12.1sp1/nios2eds/bin/gnu/h-i686-mingw32/bin/../lib/gcc/nios2-elf/4.1.2/../../../../nios2-elf/lib\libc.a(lib_a-int_errno.o)
 .data          0x00814f90        0x0 c:/altera/12.1sp1/nios2eds/bin/gnu/h-i686-mingw32/bin/../lib/gcc/nios2-elf/4.1.2/../../../../nios2-elf/lib\libc.a(lib_a-makebuf.o)
 .data          0x00814f90        0x0 c:/altera/12.1sp1/nios2eds/bin/gnu/h-i686-mingw32/bin/../lib/gcc/nios2-elf/4.1.2/../../../../nios2-elf/lib\libc.a(lib_a-memset.o)
 .data          0x00814f90        0x0 c:/altera/12.1sp1/nios2eds/bin/gnu/h-i686-mingw32/bin/../lib/gcc/nios2-elf/4.1.2/../../../../nios2-elf/lib\libc.a(lib_a-stdio.o)
 .data          0x00814f90        0x0 c:/altera/12.1sp1/nios2eds/bin/gnu/h-i686-mingw32/bin/../lib/gcc/nios2-elf/4.1.2/../../../../nios2-elf/lib\libc.a(lib_a-writer.o)
 .data          0x00814f90        0x0 c:/altera/12.1sp1/nios2eds/bin/gnu/h-i686-mingw32/bin/../lib/gcc/nios2-elf/4.1.2/../../../../nios2-elf/lib\libc.a(lib_a-closer.o)
 .data          0x00814f90        0x0 c:/altera/12.1sp1/nios2eds/bin/gnu/h-i686-mingw32/bin/../lib/gcc/nios2-elf/4.1.2/../../../../nios2-elf/lib\libc.a(lib_a-fclose.o)
 .data          0x00814f90        0x0 c:/altera/12.1sp1/nios2eds/bin/gnu/h-i686-mingw32/bin/../lib/gcc/nios2-elf/4.1.2/../../../../nios2-elf/lib\libc.a(lib_a-fstatr.o)
 .data          0x00814f90        0x0 c:/altera/12.1sp1/nios2eds/bin/gnu/h-i686-mingw32/bin/../lib/gcc/nios2-elf/4.1.2/../../../../nios2-elf/lib\libc.a(lib_a-isattyr.o)
 .data          0x00814f90        0x0 c:/altera/12.1sp1/nios2eds/bin/gnu/h-i686-mingw32/bin/../lib/gcc/nios2-elf/4.1.2/../../../../nios2-elf/lib\libc.a(lib_a-lseekr.o)
 .data          0x00814f90        0x0 c:/altera/12.1sp1/nios2eds/bin/gnu/h-i686-mingw32/bin/../lib/gcc/nios2-elf/4.1.2/../../../../nios2-elf/lib\libc.a(lib_a-readr.o)
 .data          0x00814f90        0x0 ../BS_bsp/\libucosii_bsp.a(alt_close.o)
 .data          0x00814f90      0x1a8 ../BS_bsp/\libucosii_bsp.a(alt_dev.o)
                0x00814f90                alt_dev_null
                0x00814fb8                alt_fd_list
 .data          0x00815138        0x0 ../BS_bsp/\libucosii_bsp.a(alt_errno.o)
 .data          0x00815138        0x0 ../BS_bsp/\libucosii_bsp.a(alt_fstat.o)
 .data          0x00815138        0x0 ../BS_bsp/\libucosii_bsp.a(alt_iic.o)
 .data          0x00815138        0x0 ../BS_bsp/\libucosii_bsp.a(alt_iic_isr_register.o)
 .data          0x00815138        0x0 ../BS_bsp/\libucosii_bsp.a(alt_irq_entry.o)
 .data          0x00815138        0x0 ../BS_bsp/\libucosii_bsp.a(alt_irq_handler.o)
 .data          0x00815138        0x0 ../BS_bsp/\libucosii_bsp.a(alt_irq_vars.o)
 .data          0x00815138        0x0 ../BS_bsp/\libucosii_bsp.a(alt_isatty.o)
 .data          0x00815138        0x0 ../BS_bsp/\libucosii_bsp.a(alt_load.o)
 .data          0x00815138        0x0 ../BS_bsp/\libucosii_bsp.a(alt_lseek.o)
 .data          0x00815138        0x0 ../BS_bsp/\libucosii_bsp.a(alt_main.o)
 .data          0x00815138        0x0 ../BS_bsp/\libucosii_bsp.a(alt_read.o)
 .data          0x00815138        0x0 ../BS_bsp/\libucosii_bsp.a(alt_release_fd.o)
 .data          0x00815138        0x0 ../BS_bsp/\libucosii_bsp.a(alt_sbrk.o)
 .data          0x00815138        0x0 ../BS_bsp/\libucosii_bsp.a(alt_write.o)
 .data          0x00815138        0x0 ../BS_bsp/\libucosii_bsp.a(alt_env_lock.o)
 .data          0x00815138        0x0 ../BS_bsp/\libucosii_bsp.a(alt_malloc_lock.o)
 .data          0x00815138        0x0 ../BS_bsp/\libucosii_bsp.a(os_core.o)
 .data          0x00815138        0x0 ../BS_bsp/\libucosii_bsp.a(os_dbg.o)
 .data          0x00815138        0x0 ../BS_bsp/\libucosii_bsp.a(os_flag.o)
 .data          0x00815138        0x0 ../BS_bsp/\libucosii_bsp.a(os_mem.o)
 .data          0x00815138        0x0 ../BS_bsp/\libucosii_bsp.a(os_q.o)
 .data          0x00815138        0x0 ../BS_bsp/\libucosii_bsp.a(os_sem.o)
 .data          0x00815138        0x0 ../BS_bsp/\libucosii_bsp.a(os_task.o)
 .data          0x00815138        0x0 ../BS_bsp/\libucosii_bsp.a(os_time.o)
 .data          0x00815138     0x10f8 ../BS_bsp/\libucosii_bsp.a(alt_sys_init.o)
 .data          0x00816230        0x0 ../BS_bsp/\libucosii_bsp.a(altera_avalon_fifo_util.o)
 .data          0x00816230        0x0 ../BS_bsp/\libucosii_bsp.a(altera_avalon_jtag_uart_fd.o)
 .data          0x00816230        0x0 ../BS_bsp/\libucosii_bsp.a(altera_avalon_jtag_uart_init.o)
 .data          0x00816230        0x0 ../BS_bsp/\libucosii_bsp.a(altera_avalon_jtag_uart_ioctl.o)
 .data          0x00816230        0x0 ../BS_bsp/\libucosii_bsp.a(altera_avalon_jtag_uart_read.o)
 .data          0x00816230        0x0 ../BS_bsp/\libucosii_bsp.a(altera_avalon_jtag_uart_write.o)
 .data          0x00816230        0x0 ../BS_bsp/\libucosii_bsp.a(altera_avalon_timer_sc.o)
 .data          0x00816230        0x0 ../BS_bsp/\libucosii_bsp.a(altera_up_avalon_audio.o)
 .data          0x00816230        0x0 ../BS_bsp/\libucosii_bsp.a(altera_up_avalon_audio_and_video_config.o)
 .data          0x00816230        0x0 ../BS_bsp/\libucosii_bsp.a(altera_up_avalon_character_lcd.o)
 .data          0x00816230        0x0 ../BS_bsp/\libucosii_bsp.a(alt_alarm_start.o)
 .data          0x00816230        0x0 ../BS_bsp/\libucosii_bsp.a(alt_dcache_flush_all.o)
 .data          0x00816230        0x0 ../BS_bsp/\libucosii_bsp.a(alt_dev_llist_insert.o)
 .data          0x00816230        0x0 ../BS_bsp/\libucosii_bsp.a(alt_do_ctors.o)
 .data          0x00816230        0x0 ../BS_bsp/\libucosii_bsp.a(alt_do_dtors.o)
 .data          0x00816230        0x0 ../BS_bsp/\libucosii_bsp.a(alt_exception_entry.o)
 .data          0x00816230        0x0 ../BS_bsp/\libucosii_bsp.a(alt_find_dev.o)
 .data          0x00816230        0x0 ../BS_bsp/\libucosii_bsp.a(alt_icache_flush_all.o)
 .data          0x00816230        0x0 ../BS_bsp/\libucosii_bsp.a(alt_io_redirect.o)
 .data          0x00816230        0x0 ../BS_bsp/\libucosii_bsp.a(alt_open.o)
 .data          0x00816230        0x0 ../BS_bsp/\libucosii_bsp.a(alt_tick.o)
 .data          0x00816230        0x0 ../BS_bsp/\libucosii_bsp.a(altera_nios2_qsys_irq.o)
 .data          0x00816230        0x0 ../BS_bsp/\libucosii_bsp.a(os_cpu_a.o)
 .data          0x00816230        0x0 ../BS_bsp/\libucosii_bsp.a(os_cpu_c.o)
 .data          0x00816230        0x0 ../BS_bsp/\libucosii_bsp.a(alt_find_file.o)
 .data          0x00816230        0x0 ../BS_bsp/\libucosii_bsp.a(alt_get_fd.o)
 .data          0x00816230        0x0 ../BS_bsp/\libucosii_bsp.a(alt_icache_flush.o)
 .data          0x00816230        0x0 c:/altera/12.1sp1/nios2eds/bin/gnu/h-i686-mingw32/bin/../lib/gcc/nios2-elf/4.1.2/../../../../nios2-elf/lib\libc.a(lib_a-atexit.o)
 .data          0x00816230        0x0 c:/altera/12.1sp1/nios2eds/bin/gnu/h-i686-mingw32/bin/../lib/gcc/nios2-elf/4.1.2/../../../../nios2-elf/lib\libc.a(lib_a-exit.o)
 .data          0x00816230        0x0 c:/altera/12.1sp1/nios2eds/bin/gnu/h-i686-mingw32/bin/../lib/gcc/nios2-elf/4.1.2/../../../../nios2-elf/lib\libc.a(lib_a-memcmp.o)
 .data          0x00816230        0x0 c:/altera/12.1sp1/nios2eds/bin/gnu/h-i686-mingw32/bin/../lib/gcc/nios2-elf/4.1.2/../../../../nios2-elf/lib\libc.a(lib_a-__atexit.o)
 .data          0x00816230        0x0 c:/altera/12.1sp1/nios2eds/bin/gnu/h-i686-mingw32/bin/../lib/gcc/nios2-elf/4.1.2/../../../../nios2-elf/lib\libc.a(lib_a-__call_atexit.o)
 .data          0x00816230        0x0 c:/altera/12.1sp1/nios2eds/bin/gnu/h-i686-mingw32/bin/../lib/gcc/nios2-elf/4.1.2\libgcc.a(lib2-divmod.o)
 .data          0x00816230        0x0 ../BS_bsp/\libucosii_bsp.a(alt_exit.o)
                0x0081e230                _gp = ABSOLUTE ((. + 0x8000))
                0x0081e230                PROVIDE (gp, _gp)
 *(.rwdata .rwdata.*)
 *(.sdata .sdata.* .gnu.linkonce.s.*)
 .sdata         0x00816230        0x4 c:/altera/12.1sp1/nios2eds/bin/gnu/h-i686-mingw32/bin/../lib/gcc/nios2-elf/4.1.2/../../../../nios2-elf/lib\libm.a(lib_a-s_lib_ver.o)
                0x00816230                __fdlib_version
 .sdata         0x00816234        0x8 c:/altera/12.1sp1/nios2eds/bin/gnu/h-i686-mingw32/bin/../lib/gcc/nios2-elf/4.1.2/../../../../nios2-elf/lib\libc.a(lib_a-impure.o)
                0x00816234                _impure_ptr
                0x00816238                _global_impure_ptr
 .sdata         0x0081623c        0x8 c:/altera/12.1sp1/nios2eds/bin/gnu/h-i686-mingw32/bin/../lib/gcc/nios2-elf/4.1.2/../../../../nios2-elf/lib\libc.a(lib_a-mallocr.o)
                0x0081623c                __malloc_trim_threshold
                0x00816240                __malloc_sbrk_base
 .sdata         0x00816244       0x14 ../BS_bsp/\libucosii_bsp.a(alt_dev.o)
                0x00816244                alt_fs_list
                0x0081624c                alt_dev_list
                0x00816254                alt_max_fd
 .sdata         0x00816258        0x4 ../BS_bsp/\libucosii_bsp.a(alt_errno.o)
                0x00816258                alt_errno
 .sdata         0x0081625c        0x4 ../BS_bsp/\libucosii_bsp.a(alt_irq_vars.o)
                0x0081625c                alt_priority_mask
 .sdata         0x00816260        0x4 ../BS_bsp/\libucosii_bsp.a(alt_sbrk.o)
 .sdata         0x00816264        0x4 ../BS_bsp/\libucosii_bsp.a(alt_env_lock.o)
 .sdata         0x00816268        0x4 ../BS_bsp/\libucosii_bsp.a(alt_malloc_lock.o)
 .sdata         0x0081626c       0x74 ../BS_bsp/\libucosii_bsp.a(os_dbg.o)
                0x0081626c                OSDebugEn
                0x00816270                OSEndiannessTest
                0x00816274                OSEventEn
                0x00816276                OSEventMax
                0x00816278                OSEventNameSize
                0x0081627a                OSEventSize
                0x0081627c                OSEventTblSize
                0x0081627e                OSEventMultiEn
                0x00816280                OSFlagEn
                0x00816282                OSFlagGrpSize
                0x00816284                OSFlagNodeSize
                0x00816286                OSFlagWidth
                0x00816288                OSFlagMax
                0x0081628a                OSFlagNameSize
                0x0081628c                OSLowestPrio
                0x0081628e                OSMboxEn
                0x00816290                OSMemEn
                0x00816292                OSMemMax
                0x00816294                OSMemNameSize
                0x00816296                OSMemSize
                0x00816298                OSMemTblSize
                0x0081629a                OSMutexEn
                0x0081629c                OSPtrSize
                0x0081629e                OSQEn
                0x008162a0                OSQMax
                0x008162a2                OSQSize
                0x008162a4                OSRdyTblSize
                0x008162a6                OSSemEn
                0x008162a8                OSStkWidth
                0x008162aa                OSTaskCreateEn
                0x008162ac                OSTaskCreateExtEn
                0x008162ae                OSTaskDelEn
                0x008162b0                OSTaskIdleStkSize
                0x008162b2                OSTaskProfileEn
                0x008162b4                OSTaskMax
                0x008162b6                OSTaskNameSize
                0x008162b8                OSTaskStatEn
                0x008162ba                OSTaskStatStkSize
                0x008162bc                OSTaskStatStkChkEn
                0x008162be                OSTaskSwHookEn
                0x008162c0                OSTCBPrioTblMax
                0x008162c2                OSTCBSize
                0x008162c4                OSTicksPerSec
                0x008162c6                OSTimeTickHookEn
                0x008162c8                OSVersionNbr
                0x008162ca                OSTmrEn
                0x008162cc                OSTmrCfgMax
                0x008162ce                OSTmrCfgNameSize
                0x008162d0                OSTmrCfgWheelSize
                0x008162d2                OSTmrCfgTicksPerSec
                0x008162d4                OSTmrSize
                0x008162d6                OSTmrTblSize
                0x008162d8                OSTmrWheelSize
                0x008162da                OSTmrWheelTblSize
                0x008162dc                OSDataSize
 .sdata         0x008162e0        0x8 ../BS_bsp/\libucosii_bsp.a(alt_tick.o)
                0x008162e0                alt_alarm_list
 *(.sdata2 .sdata2.* .gnu.linkonce.s2.*)
                0x008162e8                . = ALIGN (0x4)
                0x008162e8                _edata = ABSOLUTE (.)
                0x008162e8                PROVIDE (edata, ABSOLUTE (.))
                0x008162e8                PROVIDE (__ram_rwdata_end, ABSOLUTE (.))
                0x008162e8                PROVIDE (__flash_rwdata_start, LOADADDR (.rwdata))

.bss            0x00817e48     0x7574
                0x00817e48                __bss_start = ABSOLUTE (.)
                0x00817e48                PROVIDE (__sbss_start, ABSOLUTE (.))
                0x00817e48                PROVIDE (___sbss_start, ABSOLUTE (.))
 *(.dynsbss)
 *(.sbss .sbss.* .gnu.linkonce.sb.*)
 .sbss          0x00817e48        0x8 obj/default/MidiDriver.o
 .sbss          0x00817e50        0x4 obj/default/hello_ucosii.o
                0x00817e50                laserStatusChanged
 .sbss          0x00817e54        0xc c:/altera/12.1sp1/nios2eds/bin/gnu/h-i686-mingw32/bin/../lib/gcc/nios2-elf/4.1.2/../../../../nios2-elf/lib\libc.a(lib_a-mallocr.o)
                0x00817e54                __malloc_top_pad
                0x00817e58                __malloc_max_sbrked_mem
                0x00817e5c                __malloc_max_total_mem
 .sbss          0x00817e60        0x4 c:/altera/12.1sp1/nios2eds/bin/gnu/h-i686-mingw32/bin/../lib/gcc/nios2-elf/4.1.2/../../../../nios2-elf/lib\libc.a(lib_a-int_errno.o)
                0x00817e60                errno
 .sbss          0x00817e64        0x4 ../BS_bsp/\libucosii_bsp.a(alt_dev.o)
                0x00817e64                alt_fd_list_lock
 .sbss          0x00817e68        0x4 ../BS_bsp/\libucosii_bsp.a(alt_irq_vars.o)
                0x00817e68                alt_irq_active
 .sbss          0x00817e6c        0xc ../BS_bsp/\libucosii_bsp.a(alt_main.o)
                0x00817e6c                alt_argc
                0x00817e70                alt_argv
                0x00817e74                alt_envp
 .sbss          0x00817e78        0x8 ../BS_bsp/\libucosii_bsp.a(alt_env_lock.o)
                0x00817e7c                alt_envsem
 .sbss          0x00817e80        0x8 ../BS_bsp/\libucosii_bsp.a(alt_malloc_lock.o)
                0x00817e84                alt_heapsem
 .sbss          0x00817e88       0x50 ../BS_bsp/\libucosii_bsp.a(os_core.o)
                0x00817e88                OSLockNesting
                0x00817e89                OSRunning
                0x00817e8c                OSIdleCtr
                0x00817e90                OSPrioHighRdy
                0x00817e91                OSPrioCur
                0x00817e94                OSTCBList
                0x00817e98                OSTickStepState
                0x00817e9c                OSCtxSwCtr
                0x00817ea0                OSIdleCtrMax
                0x00817ea4                OSTCBFreeList
                0x00817ea8                OSCPUUsage
                0x00817ea9                OSTaskCtr
                0x00817eac                OSMemFreeList
                0x00817eb0                OSTCBHighRdy
                0x00817eb4                OSQFreeList
                0x00817eb8                OSRdyGrp
                0x00817eb9                OSRdyTbl
                0x00817ebc                OSEventFreeList
                0x00817ec0                OSIntNesting
                0x00817ec4                OSTCBCur
                0x00817ec8                OSTime
                0x00817ecc                OSFlagFreeList
                0x00817ed0                OSStatRdy
                0x00817ed4                OSIdleCtrRun
 .sbss          0x00817ed8        0x8 ../BS_bsp/\libucosii_bsp.a(alt_tick.o)
                0x00817ed8                _alt_tick_rate
                0x00817edc                _alt_nticks
 *(.sbss2 .sbss2.* .gnu.linkonce.sb2.*)
 *(.scommon)
                0x00817ee0                PROVIDE (__sbss_end, ABSOLUTE (.))
                0x00817ee0                PROVIDE (___sbss_end, ABSOLUTE (.))
 *(.dynbss)
 *(.bss .bss.* .gnu.linkonce.b.*)
 .bss           0x00817ee0        0x0 ../BS_bsp//obj/HAL/src/crt0.o
 .bss           0x00817ee0        0x0 obj/default/MidiDriver.o
 .bss           0x00817ee0        0x0 obj/default/hello_ucosii.o
 .bss           0x00817ee0        0x0 c:/altera/12.1sp1/nios2eds/bin/gnu/h-i686-mingw32/bin/../lib/gcc/nios2-elf/4.1.2/../../../../nios2-elf/lib\libm.a(lib_a-sf_round.o)
 .bss           0x00817ee0        0x0 c:/altera/12.1sp1/nios2eds/bin/gnu/h-i686-mingw32/bin/../lib/gcc/nios2-elf/4.1.2/../../../../nios2-elf/lib\libm.a(lib_a-w_pow.o)
 .bss           0x00817ee0        0x0 c:/altera/12.1sp1/nios2eds/bin/gnu/h-i686-mingw32/bin/../lib/gcc/nios2-elf/4.1.2/../../../../nios2-elf/lib\libm.a(lib_a-e_pow.o)
 .bss           0x00817ee0        0x0 c:/altera/12.1sp1/nios2eds/bin/gnu/h-i686-mingw32/bin/../lib/gcc/nios2-elf/4.1.2/../../../../nios2-elf/lib\libm.a(lib_a-e_sqrt.o)
 .bss           0x00817ee0        0x0 c:/altera/12.1sp1/nios2eds/bin/gnu/h-i686-mingw32/bin/../lib/gcc/nios2-elf/4.1.2/../../../../nios2-elf/lib\libm.a(lib_a-s_fabs.o)
 .bss           0x00817ee0        0x0 c:/altera/12.1sp1/nios2eds/bin/gnu/h-i686-mingw32/bin/../lib/gcc/nios2-elf/4.1.2/../../../../nios2-elf/lib\libm.a(lib_a-s_finite.o)
 .bss           0x00817ee0        0x0 c:/altera/12.1sp1/nios2eds/bin/gnu/h-i686-mingw32/bin/../lib/gcc/nios2-elf/4.1.2/../../../../nios2-elf/lib\libm.a(lib_a-s_isnand.o)
 .bss           0x00817ee0        0x0 c:/altera/12.1sp1/nios2eds/bin/gnu/h-i686-mingw32/bin/../lib/gcc/nios2-elf/4.1.2/../../../../nios2-elf/lib\libm.a(lib_a-s_lib_ver.o)
 .bss           0x00817ee0        0x0 c:/altera/12.1sp1/nios2eds/bin/gnu/h-i686-mingw32/bin/../lib/gcc/nios2-elf/4.1.2/../../../../nios2-elf/lib\libm.a(lib_a-s_matherr.o)
 .bss           0x00817ee0        0x0 c:/altera/12.1sp1/nios2eds/bin/gnu/h-i686-mingw32/bin/../lib/gcc/nios2-elf/4.1.2/../../../../nios2-elf/lib\libm.a(lib_a-s_nan.o)
 .bss           0x00817ee0        0x0 c:/altera/12.1sp1/nios2eds/bin/gnu/h-i686-mingw32/bin/../lib/gcc/nios2-elf/4.1.2/../../../../nios2-elf/lib\libm.a(lib_a-s_rint.o)
 .bss           0x00817ee0        0x0 c:/altera/12.1sp1/nios2eds/bin/gnu/h-i686-mingw32/bin/../lib/gcc/nios2-elf/4.1.2/../../../../nios2-elf/lib\libm.a(lib_a-s_scalbn.o)
 .bss           0x00817ee0        0x0 c:/altera/12.1sp1/nios2eds/bin/gnu/h-i686-mingw32/bin/../lib/gcc/nios2-elf/4.1.2/../../../../nios2-elf/lib\libm.a(lib_a-s_copysign.o)
 .bss           0x00817ee0        0x0 c:/altera/12.1sp1/nios2eds/bin/gnu/h-i686-mingw32/bin/../lib/gcc/nios2-elf/4.1.2\libgcc.a(_addsub_sf.o)
 .bss           0x00817ee0        0x0 c:/altera/12.1sp1/nios2eds/bin/gnu/h-i686-mingw32/bin/../lib/gcc/nios2-elf/4.1.2\libgcc.a(_mul_sf.o)
 .bss           0x00817ee0        0x0 c:/altera/12.1sp1/nios2eds/bin/gnu/h-i686-mingw32/bin/../lib/gcc/nios2-elf/4.1.2\libgcc.a(_div_sf.o)
 .bss           0x00817ee0        0x0 c:/altera/12.1sp1/nios2eds/bin/gnu/h-i686-mingw32/bin/../lib/gcc/nios2-elf/4.1.2\libgcc.a(_sf_to_si.o)
 .bss           0x00817ee0        0x0 c:/altera/12.1sp1/nios2eds/bin/gnu/h-i686-mingw32/bin/../lib/gcc/nios2-elf/4.1.2\libgcc.a(_thenan_sf.o)
 .bss           0x00817ee0        0x0 c:/altera/12.1sp1/nios2eds/bin/gnu/h-i686-mingw32/bin/../lib/gcc/nios2-elf/4.1.2\libgcc.a(_addsub_df.o)
 .bss           0x00817ee0        0x0 c:/altera/12.1sp1/nios2eds/bin/gnu/h-i686-mingw32/bin/../lib/gcc/nios2-elf/4.1.2\libgcc.a(_mul_df.o)
 .bss           0x00817ee0        0x0 c:/altera/12.1sp1/nios2eds/bin/gnu/h-i686-mingw32/bin/../lib/gcc/nios2-elf/4.1.2\libgcc.a(_div_df.o)
 .bss           0x00817ee0        0x0 c:/altera/12.1sp1/nios2eds/bin/gnu/h-i686-mingw32/bin/../lib/gcc/nios2-elf/4.1.2\libgcc.a(_eq_df.o)
 .bss           0x00817ee0        0x0 c:/altera/12.1sp1/nios2eds/bin/gnu/h-i686-mingw32/bin/../lib/gcc/nios2-elf/4.1.2\libgcc.a(_ne_df.o)
 .bss           0x00817ee0        0x0 c:/altera/12.1sp1/nios2eds/bin/gnu/h-i686-mingw32/bin/../lib/gcc/nios2-elf/4.1.2\libgcc.a(_gt_df.o)
 .bss           0x00817ee0        0x0 c:/altera/12.1sp1/nios2eds/bin/gnu/h-i686-mingw32/bin/../lib/gcc/nios2-elf/4.1.2\libgcc.a(_lt_df.o)
 .bss           0x00817ee0        0x0 c:/altera/12.1sp1/nios2eds/bin/gnu/h-i686-mingw32/bin/../lib/gcc/nios2-elf/4.1.2\libgcc.a(_le_df.o)
 .bss           0x00817ee0        0x0 c:/altera/12.1sp1/nios2eds/bin/gnu/h-i686-mingw32/bin/../lib/gcc/nios2-elf/4.1.2\libgcc.a(_si_to_df.o)
 .bss           0x00817ee0        0x0 c:/altera/12.1sp1/nios2eds/bin/gnu/h-i686-mingw32/bin/../lib/gcc/nios2-elf/4.1.2\libgcc.a(_df_to_sf.o)
 .bss           0x00817ee0        0x0 c:/altera/12.1sp1/nios2eds/bin/gnu/h-i686-mingw32/bin/../lib/gcc/nios2-elf/4.1.2\libgcc.a(_thenan_df.o)
 .bss           0x00817ee0        0x0 c:/altera/12.1sp1/nios2eds/bin/gnu/h-i686-mingw32/bin/../lib/gcc/nios2-elf/4.1.2\libgcc.a(_muldi3.o)
 .bss           0x00817ee0        0x0 c:/altera/12.1sp1/nios2eds/bin/gnu/h-i686-mingw32/bin/../lib/gcc/nios2-elf/4.1.2\libgcc.a(_clzsi2.o)
 .bss           0x00817ee0        0x0 c:/altera/12.1sp1/nios2eds/bin/gnu/h-i686-mingw32/bin/../lib/gcc/nios2-elf/4.1.2\libgcc.a(_pack_sf.o)
 .bss           0x00817ee0        0x0 c:/altera/12.1sp1/nios2eds/bin/gnu/h-i686-mingw32/bin/../lib/gcc/nios2-elf/4.1.2\libgcc.a(_unpack_sf.o)
 .bss           0x00817ee0        0x0 c:/altera/12.1sp1/nios2eds/bin/gnu/h-i686-mingw32/bin/../lib/gcc/nios2-elf/4.1.2\libgcc.a(_make_sf.o)
 .bss           0x00817ee0        0x0 c:/altera/12.1sp1/nios2eds/bin/gnu/h-i686-mingw32/bin/../lib/gcc/nios2-elf/4.1.2\libgcc.a(_pack_df.o)
 .bss           0x00817ee0        0x0 c:/altera/12.1sp1/nios2eds/bin/gnu/h-i686-mingw32/bin/../lib/gcc/nios2-elf/4.1.2\libgcc.a(_unpack_df.o)
 .bss           0x00817ee0        0x0 c:/altera/12.1sp1/nios2eds/bin/gnu/h-i686-mingw32/bin/../lib/gcc/nios2-elf/4.1.2\libgcc.a(_fpcmp_parts_df.o)
 .bss           0x00817ee0        0x0 c:/altera/12.1sp1/nios2eds/bin/gnu/h-i686-mingw32/bin/../lib/gcc/nios2-elf/4.1.2\libgcc.a(_clz.o)
 .bss           0x00817ee0        0x0 c:/altera/12.1sp1/nios2eds/bin/gnu/h-i686-mingw32/bin/../lib/gcc/nios2-elf/4.1.2/../../../../nios2-elf/lib\libc.a(lib_a-errno.o)
 .bss           0x00817ee0        0x0 c:/altera/12.1sp1/nios2eds/bin/gnu/h-i686-mingw32/bin/../lib/gcc/nios2-elf/4.1.2/../../../../nios2-elf/lib\libc.a(lib_a-impure.o)
 .bss           0x00817ee0        0x0 c:/altera/12.1sp1/nios2eds/bin/gnu/h-i686-mingw32/bin/../lib/gcc/nios2-elf/4.1.2/../../../../nios2-elf/lib\libc.a(lib_a-puts.o)
 .bss           0x00817ee0        0x0 c:/altera/12.1sp1/nios2eds/bin/gnu/h-i686-mingw32/bin/../lib/gcc/nios2-elf/4.1.2/../../../../nios2-elf/lib\libc.a(lib_a-strlen.o)
 .bss           0x00817ee0        0x0 c:/altera/12.1sp1/nios2eds/bin/gnu/h-i686-mingw32/bin/../lib/gcc/nios2-elf/4.1.2/../../../../nios2-elf/lib\libc.a(lib_a-fvwrite.o)
 .bss           0x00817ee0       0x28 c:/altera/12.1sp1/nios2eds/bin/gnu/h-i686-mingw32/bin/../lib/gcc/nios2-elf/4.1.2/../../../../nios2-elf/lib\libc.a(lib_a-mallocr.o)
                0x00817ee0                __malloc_current_mallinfo
 .bss           0x00817f08        0x0 c:/altera/12.1sp1/nios2eds/bin/gnu/h-i686-mingw32/bin/../lib/gcc/nios2-elf/4.1.2/../../../../nios2-elf/lib\libc.a(lib_a-memchr.o)
 .bss           0x00817f08        0x0 c:/altera/12.1sp1/nios2eds/bin/gnu/h-i686-mingw32/bin/../lib/gcc/nios2-elf/4.1.2/../../../../nios2-elf/lib\libc.a(lib_a-memcpy.o)
 .bss           0x00817f08        0x0 c:/altera/12.1sp1/nios2eds/bin/gnu/h-i686-mingw32/bin/../lib/gcc/nios2-elf/4.1.2/../../../../nios2-elf/lib\libc.a(lib_a-memmove.o)
 .bss           0x00817f08        0x0 c:/altera/12.1sp1/nios2eds/bin/gnu/h-i686-mingw32/bin/../lib/gcc/nios2-elf/4.1.2/../../../../nios2-elf/lib\libc.a(lib_a-reallocr.o)
 .bss           0x00817f08        0x0 c:/altera/12.1sp1/nios2eds/bin/gnu/h-i686-mingw32/bin/../lib/gcc/nios2-elf/4.1.2/../../../../nios2-elf/lib\libc.a(lib_a-sbrkr.o)
 .bss           0x00817f08        0x0 c:/altera/12.1sp1/nios2eds/bin/gnu/h-i686-mingw32/bin/../lib/gcc/nios2-elf/4.1.2/../../../../nios2-elf/lib\libc.a(lib_a-wsetup.o)
 .bss           0x00817f08        0x0 c:/altera/12.1sp1/nios2eds/bin/gnu/h-i686-mingw32/bin/../lib/gcc/nios2-elf/4.1.2/../../../../nios2-elf/lib\libc.a(lib_a-fflush.o)
 .bss           0x00817f08        0x0 c:/altera/12.1sp1/nios2eds/bin/gnu/h-i686-mingw32/bin/../lib/gcc/nios2-elf/4.1.2/../../../../nios2-elf/lib\libc.a(lib_a-findfp.o)
 .bss           0x00817f08        0x0 c:/altera/12.1sp1/nios2eds/bin/gnu/h-i686-mingw32/bin/../lib/gcc/nios2-elf/4.1.2/../../../../nios2-elf/lib\libc.a(lib_a-freer.o)
 .bss           0x00817f08        0x0 c:/altera/12.1sp1/nios2eds/bin/gnu/h-i686-mingw32/bin/../lib/gcc/nios2-elf/4.1.2/../../../../nios2-elf/lib\libc.a(lib_a-fwalk.o)
 .bss           0x00817f08        0x0 c:/altera/12.1sp1/nios2eds/bin/gnu/h-i686-mingw32/bin/../lib/gcc/nios2-elf/4.1.2/../../../../nios2-elf/lib\libc.a(lib_a-int_errno.o)
 .bss           0x00817f08        0x0 c:/altera/12.1sp1/nios2eds/bin/gnu/h-i686-mingw32/bin/../lib/gcc/nios2-elf/4.1.2/../../../../nios2-elf/lib\libc.a(lib_a-makebuf.o)
 .bss           0x00817f08        0x0 c:/altera/12.1sp1/nios2eds/bin/gnu/h-i686-mingw32/bin/../lib/gcc/nios2-elf/4.1.2/../../../../nios2-elf/lib\libc.a(lib_a-memset.o)
 .bss           0x00817f08        0x0 c:/altera/12.1sp1/nios2eds/bin/gnu/h-i686-mingw32/bin/../lib/gcc/nios2-elf/4.1.2/../../../../nios2-elf/lib\libc.a(lib_a-stdio.o)
 .bss           0x00817f08        0x0 c:/altera/12.1sp1/nios2eds/bin/gnu/h-i686-mingw32/bin/../lib/gcc/nios2-elf/4.1.2/../../../../nios2-elf/lib\libc.a(lib_a-writer.o)
 .bss           0x00817f08        0x0 c:/altera/12.1sp1/nios2eds/bin/gnu/h-i686-mingw32/bin/../lib/gcc/nios2-elf/4.1.2/../../../../nios2-elf/lib\libc.a(lib_a-closer.o)
 .bss           0x00817f08        0x0 c:/altera/12.1sp1/nios2eds/bin/gnu/h-i686-mingw32/bin/../lib/gcc/nios2-elf/4.1.2/../../../../nios2-elf/lib\libc.a(lib_a-fclose.o)
 .bss           0x00817f08        0x0 c:/altera/12.1sp1/nios2eds/bin/gnu/h-i686-mingw32/bin/../lib/gcc/nios2-elf/4.1.2/../../../../nios2-elf/lib\libc.a(lib_a-fstatr.o)
 .bss           0x00817f08        0x0 c:/altera/12.1sp1/nios2eds/bin/gnu/h-i686-mingw32/bin/../lib/gcc/nios2-elf/4.1.2/../../../../nios2-elf/lib\libc.a(lib_a-isattyr.o)
 .bss           0x00817f08        0x0 c:/altera/12.1sp1/nios2eds/bin/gnu/h-i686-mingw32/bin/../lib/gcc/nios2-elf/4.1.2/../../../../nios2-elf/lib\libc.a(lib_a-lseekr.o)
 .bss           0x00817f08        0x0 c:/altera/12.1sp1/nios2eds/bin/gnu/h-i686-mingw32/bin/../lib/gcc/nios2-elf/4.1.2/../../../../nios2-elf/lib\libc.a(lib_a-readr.o)
 .bss           0x00817f08        0x0 ../BS_bsp/\libucosii_bsp.a(alt_close.o)
 .bss           0x00817f08        0x0 ../BS_bsp/\libucosii_bsp.a(alt_dev.o)
 .bss           0x00817f08        0x0 ../BS_bsp/\libucosii_bsp.a(alt_errno.o)
 .bss           0x00817f08        0x0 ../BS_bsp/\libucosii_bsp.a(alt_fstat.o)
 .bss           0x00817f08        0x0 ../BS_bsp/\libucosii_bsp.a(alt_iic.o)
 .bss           0x00817f08        0x0 ../BS_bsp/\libucosii_bsp.a(alt_iic_isr_register.o)
 .bss           0x00817f08        0x0 ../BS_bsp/\libucosii_bsp.a(alt_irq_entry.o)
 .bss           0x00817f08        0x0 ../BS_bsp/\libucosii_bsp.a(alt_irq_handler.o)
 .bss           0x00817f08        0x0 ../BS_bsp/\libucosii_bsp.a(alt_irq_vars.o)
 .bss           0x00817f08        0x0 ../BS_bsp/\libucosii_bsp.a(alt_isatty.o)
 .bss           0x00817f08        0x0 ../BS_bsp/\libucosii_bsp.a(alt_load.o)
 .bss           0x00817f08        0x0 ../BS_bsp/\libucosii_bsp.a(alt_lseek.o)
 .bss           0x00817f08        0x0 ../BS_bsp/\libucosii_bsp.a(alt_main.o)
 .bss           0x00817f08        0x0 ../BS_bsp/\libucosii_bsp.a(alt_read.o)
 .bss           0x00817f08        0x0 ../BS_bsp/\libucosii_bsp.a(alt_release_fd.o)
 .bss           0x00817f08        0x0 ../BS_bsp/\libucosii_bsp.a(alt_sbrk.o)
 .bss           0x00817f08        0x0 ../BS_bsp/\libucosii_bsp.a(alt_write.o)
 .bss           0x00817f08        0x0 ../BS_bsp/\libucosii_bsp.a(alt_env_lock.o)
 .bss           0x00817f08        0x0 ../BS_bsp/\libucosii_bsp.a(alt_malloc_lock.o)
 .bss           0x00817f08        0x0 ../BS_bsp/\libucosii_bsp.a(os_core.o)
 .bss           0x00817f08        0x0 ../BS_bsp/\libucosii_bsp.a(os_dbg.o)
 .bss           0x00817f08        0x0 ../BS_bsp/\libucosii_bsp.a(os_flag.o)
 .bss           0x00817f08        0x0 ../BS_bsp/\libucosii_bsp.a(os_mem.o)
 .bss           0x00817f08        0x0 ../BS_bsp/\libucosii_bsp.a(os_q.o)
 .bss           0x00817f08        0x0 ../BS_bsp/\libucosii_bsp.a(os_sem.o)
 .bss           0x00817f08        0x0 ../BS_bsp/\libucosii_bsp.a(os_task.o)
 .bss           0x00817f08        0x0 ../BS_bsp/\libucosii_bsp.a(os_time.o)
 .bss           0x00817f08        0x0 ../BS_bsp/\libucosii_bsp.a(alt_sys_init.o)
 .bss           0x00817f08        0x0 ../BS_bsp/\libucosii_bsp.a(altera_avalon_fifo_util.o)
 .bss           0x00817f08        0x0 ../BS_bsp/\libucosii_bsp.a(altera_avalon_jtag_uart_fd.o)
 .bss           0x00817f08        0x0 ../BS_bsp/\libucosii_bsp.a(altera_avalon_jtag_uart_init.o)
 .bss           0x00817f08        0x0 ../BS_bsp/\libucosii_bsp.a(altera_avalon_jtag_uart_ioctl.o)
 .bss           0x00817f08        0x0 ../BS_bsp/\libucosii_bsp.a(altera_avalon_jtag_uart_read.o)
 .bss           0x00817f08        0x0 ../BS_bsp/\libucosii_bsp.a(altera_avalon_jtag_uart_write.o)
 .bss           0x00817f08        0x0 ../BS_bsp/\libucosii_bsp.a(altera_avalon_timer_sc.o)
 .bss           0x00817f08        0x0 ../BS_bsp/\libucosii_bsp.a(altera_up_avalon_audio.o)
 .bss           0x00817f08        0x0 ../BS_bsp/\libucosii_bsp.a(altera_up_avalon_audio_and_video_config.o)
 .bss           0x00817f08        0x0 ../BS_bsp/\libucosii_bsp.a(altera_up_avalon_character_lcd.o)
 .bss           0x00817f08        0x0 ../BS_bsp/\libucosii_bsp.a(alt_alarm_start.o)
 .bss           0x00817f08        0x0 ../BS_bsp/\libucosii_bsp.a(alt_dcache_flush_all.o)
 .bss           0x00817f08        0x0 ../BS_bsp/\libucosii_bsp.a(alt_dev_llist_insert.o)
 .bss           0x00817f08        0x0 ../BS_bsp/\libucosii_bsp.a(alt_do_ctors.o)
 .bss           0x00817f08        0x0 ../BS_bsp/\libucosii_bsp.a(alt_do_dtors.o)
 .bss           0x00817f08        0x0 ../BS_bsp/\libucosii_bsp.a(alt_exception_entry.o)
 .bss           0x00817f08        0x0 ../BS_bsp/\libucosii_bsp.a(alt_find_dev.o)
 .bss           0x00817f08        0x0 ../BS_bsp/\libucosii_bsp.a(alt_icache_flush_all.o)
 .bss           0x00817f08        0x0 ../BS_bsp/\libucosii_bsp.a(alt_io_redirect.o)
 .bss           0x00817f08        0x0 ../BS_bsp/\libucosii_bsp.a(alt_open.o)
 .bss           0x00817f08        0x0 ../BS_bsp/\libucosii_bsp.a(alt_tick.o)
 .bss           0x00817f08        0x0 ../BS_bsp/\libucosii_bsp.a(altera_nios2_qsys_irq.o)
 .bss           0x00817f08        0x0 ../BS_bsp/\libucosii_bsp.a(os_cpu_a.o)
 .bss           0x00817f08        0x0 ../BS_bsp/\libucosii_bsp.a(os_cpu_c.o)
 .bss           0x00817f08        0x0 ../BS_bsp/\libucosii_bsp.a(alt_find_file.o)
 .bss           0x00817f08        0x0 ../BS_bsp/\libucosii_bsp.a(alt_get_fd.o)
 .bss           0x00817f08        0x0 ../BS_bsp/\libucosii_bsp.a(alt_icache_flush.o)
 .bss           0x00817f08        0x0 c:/altera/12.1sp1/nios2eds/bin/gnu/h-i686-mingw32/bin/../lib/gcc/nios2-elf/4.1.2/../../../../nios2-elf/lib\libc.a(lib_a-atexit.o)
 .bss           0x00817f08        0x0 c:/altera/12.1sp1/nios2eds/bin/gnu/h-i686-mingw32/bin/../lib/gcc/nios2-elf/4.1.2/../../../../nios2-elf/lib\libc.a(lib_a-exit.o)
 .bss           0x00817f08        0x0 c:/altera/12.1sp1/nios2eds/bin/gnu/h-i686-mingw32/bin/../lib/gcc/nios2-elf/4.1.2/../../../../nios2-elf/lib\libc.a(lib_a-memcmp.o)
 .bss           0x00817f08        0x0 c:/altera/12.1sp1/nios2eds/bin/gnu/h-i686-mingw32/bin/../lib/gcc/nios2-elf/4.1.2/../../../../nios2-elf/lib\libc.a(lib_a-__atexit.o)
 .bss           0x00817f08        0x0 c:/altera/12.1sp1/nios2eds/bin/gnu/h-i686-mingw32/bin/../lib/gcc/nios2-elf/4.1.2/../../../../nios2-elf/lib\libc.a(lib_a-__call_atexit.o)
 .bss           0x00817f08        0x0 c:/altera/12.1sp1/nios2eds/bin/gnu/h-i686-mingw32/bin/../lib/gcc/nios2-elf/4.1.2\libgcc.a(lib2-divmod.o)
 .bss           0x00817f08        0x0 ../BS_bsp/\libucosii_bsp.a(alt_exit.o)
 *(COMMON)
 COMMON         0x00817f08     0x4000 obj/default/hello_ucosii.o
                0x00817f08                laserInputTaskStack
                0x00819f08                audioTaskStack
 COMMON         0x0081bf08      0x100 ../BS_bsp/\libucosii_bsp.a(alt_irq_handler.o)
                0x0081bf08                alt_irq
 COMMON         0x0081c008     0x3224 ../BS_bsp/\libucosii_bsp.a(os_core.o)
                0x0081c008                OSFlagTbl
                0x0081c378                OSMemTbl
                0x0081cfa8                OSTaskStatStk
                0x0081d7a8                OSQTbl
                0x0081d988                OSTaskIdleStk
                0x0081e188                OSEventTbl
                0x0081ecc8                OSTCBTbl
                0x0081f1d8                OSTCBPrioTbl
 COMMON         0x0081f22c      0x190 c:/altera/12.1sp1/nios2eds/bin/gnu/h-i686-mingw32/bin/../lib/gcc/nios2-elf/4.1.2/../../../../nios2-elf/lib\libc.a(lib_a-atexit.o)
                0x0081f22c                _atexit0
                0x0081f3bc                . = ALIGN (0x4)
                0x0081f3bc                __bss_end = ABSOLUTE (.)

.sdram_0        0x0081f3bc        0x0
                0x0081f3bc                PROVIDE (_alt_partition_sdram_0_start, ABSOLUTE (.))
 *(.sdram_0. sdram_0.*)
                0x0081f3bc                . = ALIGN (0x4)
                0x0081f3bc                PROVIDE (_alt_partition_sdram_0_end, ABSOLUTE (.))
                0x0081f3bc                _end = ABSOLUTE (.)
                0x0081f3bc                end = ABSOLUTE (.)
                0x0081f3bc                __alt_stack_base = ABSOLUTE (.)
                0x0081f3bc                PROVIDE (_alt_partition_sdram_0_load_addr, LOADADDR (.sdram_0))

.sram_0         0x01080000        0x0 load address 0x0081f3bc
                0x01080000                PROVIDE (_alt_partition_sram_0_start, ABSOLUTE (.))
 *(.sram_0. sram_0.*)
                0x01080000                . = ALIGN (0x4)
                0x01080000                PROVIDE (_alt_partition_sram_0_end, ABSOLUTE (.))
                0x0081f3bc                PROVIDE (_alt_partition_sram_0_load_addr, LOADADDR (.sram_0))

.onchip_memory2_0
                0x011041bc        0x0 load address 0x0081f3bc
                0x011041bc                PROVIDE (_alt_partition_onchip_memory2_0_start, ABSOLUTE (.))
 *(.onchip_memory2_0. onchip_memory2_0.*)
                0x011041bc                . = ALIGN (0x4)
                0x011041bc                PROVIDE (_alt_partition_onchip_memory2_0_end, ABSOLUTE (.))
                0x0081f3bc                PROVIDE (_alt_partition_onchip_memory2_0_load_addr, LOADADDR (.onchip_memory2_0))

.stab
 *(.stab)

.stabstr
 *(.stabstr)

.stab.excl
 *(.stab.excl)

.stab.exclstr
 *(.stab.exclstr)

.stab.index
 *(.stab.index)

.stab.indexstr
 *(.stab.indexstr)

.comment        0x00000000       0x26
 *(.comment)
 .comment       0x00000000       0x26 obj/default/MidiDriver.o
                                 0x27 (size before relaxing)
 .comment       0x00000000       0x27 obj/default/hello_ucosii.o
 .comment       0x00000000       0x27 c:/altera/12.1sp1/nios2eds/bin/gnu/h-i686-mingw32/bin/../lib/gcc/nios2-elf/4.1.2/../../../../nios2-elf/lib\libm.a(lib_a-sf_round.o)
 .comment       0x00000000       0x27 c:/altera/12.1sp1/nios2eds/bin/gnu/h-i686-mingw32/bin/../lib/gcc/nios2-elf/4.1.2/../../../../nios2-elf/lib\libm.a(lib_a-w_pow.o)
 .comment       0x00000000       0x27 c:/altera/12.1sp1/nios2eds/bin/gnu/h-i686-mingw32/bin/../lib/gcc/nios2-elf/4.1.2/../../../../nios2-elf/lib\libm.a(lib_a-e_pow.o)
 .comment       0x00000000       0x27 c:/altera/12.1sp1/nios2eds/bin/gnu/h-i686-mingw32/bin/../lib/gcc/nios2-elf/4.1.2/../../../../nios2-elf/lib\libm.a(lib_a-e_sqrt.o)
 .comment       0x00000000       0x27 c:/altera/12.1sp1/nios2eds/bin/gnu/h-i686-mingw32/bin/../lib/gcc/nios2-elf/4.1.2/../../../../nios2-elf/lib\libm.a(lib_a-s_fabs.o)
 .comment       0x00000000       0x27 c:/altera/12.1sp1/nios2eds/bin/gnu/h-i686-mingw32/bin/../lib/gcc/nios2-elf/4.1.2/../../../../nios2-elf/lib\libm.a(lib_a-s_finite.o)
 .comment       0x00000000       0x27 c:/altera/12.1sp1/nios2eds/bin/gnu/h-i686-mingw32/bin/../lib/gcc/nios2-elf/4.1.2/../../../../nios2-elf/lib\libm.a(lib_a-s_isnand.o)
 .comment       0x00000000       0x27 c:/altera/12.1sp1/nios2eds/bin/gnu/h-i686-mingw32/bin/../lib/gcc/nios2-elf/4.1.2/../../../../nios2-elf/lib\libm.a(lib_a-s_lib_ver.o)
 .comment       0x00000000       0x27 c:/altera/12.1sp1/nios2eds/bin/gnu/h-i686-mingw32/bin/../lib/gcc/nios2-elf/4.1.2/../../../../nios2-elf/lib\libm.a(lib_a-s_matherr.o)
 .comment       0x00000000       0x27 c:/altera/12.1sp1/nios2eds/bin/gnu/h-i686-mingw32/bin/../lib/gcc/nios2-elf/4.1.2/../../../../nios2-elf/lib\libm.a(lib_a-s_nan.o)
 .comment       0x00000000       0x27 c:/altera/12.1sp1/nios2eds/bin/gnu/h-i686-mingw32/bin/../lib/gcc/nios2-elf/4.1.2/../../../../nios2-elf/lib\libm.a(lib_a-s_rint.o)
 .comment       0x00000000       0x27 c:/altera/12.1sp1/nios2eds/bin/gnu/h-i686-mingw32/bin/../lib/gcc/nios2-elf/4.1.2/../../../../nios2-elf/lib\libm.a(lib_a-s_scalbn.o)
 .comment       0x00000000       0x27 c:/altera/12.1sp1/nios2eds/bin/gnu/h-i686-mingw32/bin/../lib/gcc/nios2-elf/4.1.2/../../../../nios2-elf/lib\libm.a(lib_a-s_copysign.o)
 .comment       0x00000000       0x27 c:/altera/12.1sp1/nios2eds/bin/gnu/h-i686-mingw32/bin/../lib/gcc/nios2-elf/4.1.2\libgcc.a(_addsub_sf.o)
 .comment       0x00000000       0x27 c:/altera/12.1sp1/nios2eds/bin/gnu/h-i686-mingw32/bin/../lib/gcc/nios2-elf/4.1.2\libgcc.a(_mul_sf.o)
 .comment       0x00000000       0x27 c:/altera/12.1sp1/nios2eds/bin/gnu/h-i686-mingw32/bin/../lib/gcc/nios2-elf/4.1.2\libgcc.a(_div_sf.o)
 .comment       0x00000000       0x27 c:/altera/12.1sp1/nios2eds/bin/gnu/h-i686-mingw32/bin/../lib/gcc/nios2-elf/4.1.2\libgcc.a(_sf_to_si.o)
 .comment       0x00000000       0x27 c:/altera/12.1sp1/nios2eds/bin/gnu/h-i686-mingw32/bin/../lib/gcc/nios2-elf/4.1.2\libgcc.a(_thenan_sf.o)
 .comment       0x00000000       0x27 c:/altera/12.1sp1/nios2eds/bin/gnu/h-i686-mingw32/bin/../lib/gcc/nios2-elf/4.1.2\libgcc.a(_addsub_df.o)
 .comment       0x00000000       0x27 c:/altera/12.1sp1/nios2eds/bin/gnu/h-i686-mingw32/bin/../lib/gcc/nios2-elf/4.1.2\libgcc.a(_mul_df.o)
 .comment       0x00000000       0x27 c:/altera/12.1sp1/nios2eds/bin/gnu/h-i686-mingw32/bin/../lib/gcc/nios2-elf/4.1.2\libgcc.a(_div_df.o)
 .comment       0x00000000       0x27 c:/altera/12.1sp1/nios2eds/bin/gnu/h-i686-mingw32/bin/../lib/gcc/nios2-elf/4.1.2\libgcc.a(_eq_df.o)
 .comment       0x00000000       0x27 c:/altera/12.1sp1/nios2eds/bin/gnu/h-i686-mingw32/bin/../lib/gcc/nios2-elf/4.1.2\libgcc.a(_ne_df.o)
 .comment       0x00000000       0x27 c:/altera/12.1sp1/nios2eds/bin/gnu/h-i686-mingw32/bin/../lib/gcc/nios2-elf/4.1.2\libgcc.a(_gt_df.o)
 .comment       0x00000000       0x27 c:/altera/12.1sp1/nios2eds/bin/gnu/h-i686-mingw32/bin/../lib/gcc/nios2-elf/4.1.2\libgcc.a(_lt_df.o)
 .comment       0x00000000       0x27 c:/altera/12.1sp1/nios2eds/bin/gnu/h-i686-mingw32/bin/../lib/gcc/nios2-elf/4.1.2\libgcc.a(_le_df.o)
 .comment       0x00000000       0x27 c:/altera/12.1sp1/nios2eds/bin/gnu/h-i686-mingw32/bin/../lib/gcc/nios2-elf/4.1.2\libgcc.a(_si_to_df.o)
 .comment       0x00000000       0x27 c:/altera/12.1sp1/nios2eds/bin/gnu/h-i686-mingw32/bin/../lib/gcc/nios2-elf/4.1.2\libgcc.a(_df_to_sf.o)
 .comment       0x00000000       0x27 c:/altera/12.1sp1/nios2eds/bin/gnu/h-i686-mingw32/bin/../lib/gcc/nios2-elf/4.1.2\libgcc.a(_thenan_df.o)
 .comment       0x00000000       0x27 c:/altera/12.1sp1/nios2eds/bin/gnu/h-i686-mingw32/bin/../lib/gcc/nios2-elf/4.1.2\libgcc.a(_muldi3.o)
 .comment       0x00000000       0x27 c:/altera/12.1sp1/nios2eds/bin/gnu/h-i686-mingw32/bin/../lib/gcc/nios2-elf/4.1.2\libgcc.a(_clzsi2.o)
 .comment       0x00000000       0x27 c:/altera/12.1sp1/nios2eds/bin/gnu/h-i686-mingw32/bin/../lib/gcc/nios2-elf/4.1.2\libgcc.a(_pack_sf.o)
 .comment       0x00000000       0x27 c:/altera/12.1sp1/nios2eds/bin/gnu/h-i686-mingw32/bin/../lib/gcc/nios2-elf/4.1.2\libgcc.a(_unpack_sf.o)
 .comment       0x00000000       0x27 c:/altera/12.1sp1/nios2eds/bin/gnu/h-i686-mingw32/bin/../lib/gcc/nios2-elf/4.1.2\libgcc.a(_make_sf.o)
 .comment       0x00000000       0x27 c:/altera/12.1sp1/nios2eds/bin/gnu/h-i686-mingw32/bin/../lib/gcc/nios2-elf/4.1.2\libgcc.a(_pack_df.o)
 .comment       0x00000000       0x27 c:/altera/12.1sp1/nios2eds/bin/gnu/h-i686-mingw32/bin/../lib/gcc/nios2-elf/4.1.2\libgcc.a(_unpack_df.o)
 .comment       0x00000000       0x27 c:/altera/12.1sp1/nios2eds/bin/gnu/h-i686-mingw32/bin/../lib/gcc/nios2-elf/4.1.2\libgcc.a(_fpcmp_parts_df.o)
 .comment       0x00000000       0x27 c:/altera/12.1sp1/nios2eds/bin/gnu/h-i686-mingw32/bin/../lib/gcc/nios2-elf/4.1.2\libgcc.a(_clz.o)
 .comment       0x00000000       0x27 c:/altera/12.1sp1/nios2eds/bin/gnu/h-i686-mingw32/bin/../lib/gcc/nios2-elf/4.1.2/../../../../nios2-elf/lib\libc.a(lib_a-errno.o)
 .comment       0x00000000       0x27 c:/altera/12.1sp1/nios2eds/bin/gnu/h-i686-mingw32/bin/../lib/gcc/nios2-elf/4.1.2/../../../../nios2-elf/lib\libc.a(lib_a-impure.o)
 .comment       0x00000000       0x27 c:/altera/12.1sp1/nios2eds/bin/gnu/h-i686-mingw32/bin/../lib/gcc/nios2-elf/4.1.2/../../../../nios2-elf/lib\libc.a(lib_a-puts.o)