Archive member included because of file (symbol)

c:/altera/12.1sp1/nios2eds/bin/gnu/h-i686-mingw32/bin/../lib/gcc/nios2-elf/4.1.2/../../../../nios2-elf/lib\libm.a(lib_a-sf_round.o)
                              obj/default/SynthesizerDriver.o (roundf)
c:/altera/12.1sp1/nios2eds/bin/gnu/h-i686-mingw32/bin/../lib/gcc/nios2-elf/4.1.2/../../../../nios2-elf/lib\libm.a(lib_a-w_pow.o)
                              obj/default/SynthesizerDriver.o (pow)
c:/altera/12.1sp1/nios2eds/bin/gnu/h-i686-mingw32/bin/../lib/gcc/nios2-elf/4.1.2/../../../../nios2-elf/lib\libm.a(lib_a-e_pow.o)
                              c:/altera/12.1sp1/nios2eds/bin/gnu/h-i686-mingw32/bin/../lib/gcc/nios2-elf/4.1.2/../../../../nios2-elf/lib\libm.a(lib_a-w_pow.o) (__ieee754_pow)
c:/altera/12.1sp1/nios2eds/bin/gnu/h-i686-mingw32/bin/../lib/gcc/nios2-elf/4.1.2/../../../../nios2-elf/lib\libm.a(lib_a-e_sqrt.o)
                              c:/altera/12.1sp1/nios2eds/bin/gnu/h-i686-mingw32/bin/../lib/gcc/nios2-elf/4.1.2/../../../../nios2-elf/lib\libm.a(lib_a-e_pow.o) (__ieee754_sqrt)
c:/altera/12.1sp1/nios2eds/bin/gnu/h-i686-mingw32/bin/../lib/gcc/nios2-elf/4.1.2/../../../../nios2-elf/lib\libm.a(lib_a-s_fabs.o)
                              c:/altera/12.1sp1/nios2eds/bin/gnu/h-i686-mingw32/bin/../lib/gcc/nios2-elf/4.1.2/../../../../nios2-elf/lib\libm.a(lib_a-e_pow.o) (fabs)
c:/altera/12.1sp1/nios2eds/bin/gnu/h-i686-mingw32/bin/../lib/gcc/nios2-elf/4.1.2/../../../../nios2-elf/lib\libm.a(lib_a-s_finite.o)
                              c:/altera/12.1sp1/nios2eds/bin/gnu/h-i686-mingw32/bin/../lib/gcc/nios2-elf/4.1.2/../../../../nios2-elf/lib\libm.a(lib_a-w_pow.o) (finite)
c:/altera/12.1sp1/nios2eds/bin/gnu/h-i686-mingw32/bin/../lib/gcc/nios2-elf/4.1.2/../../../../nios2-elf/lib\libm.a(lib_a-s_isnand.o)
                              c:/altera/12.1sp1/nios2eds/bin/gnu/h-i686-mingw32/bin/../lib/gcc/nios2-elf/4.1.2/../../../../nios2-elf/lib\libm.a(lib_a-w_pow.o) (__isnand)
c:/altera/12.1sp1/nios2eds/bin/gnu/h-i686-mingw32/bin/../lib/gcc/nios2-elf/4.1.2/../../../../nios2-elf/lib\libm.a(lib_a-s_lib_ver.o)
                              c:/altera/12.1sp1/nios2eds/bin/gnu/h-i686-mingw32/bin/../lib/gcc/nios2-elf/4.1.2/../../../../nios2-elf/lib\libm.a(lib_a-w_pow.o) (__fdlib_version)
c:/altera/12.1sp1/nios2eds/bin/gnu/h-i686-mingw32/bin/../lib/gcc/nios2-elf/4.1.2/../../../../nios2-elf/lib\libm.a(lib_a-s_matherr.o)
                              c:/altera/12.1sp1/nios2eds/bin/gnu/h-i686-mingw32/bin/../lib/gcc/nios2-elf/4.1.2/../../../../nios2-elf/lib\libm.a(lib_a-w_pow.o) (matherr)
c:/altera/12.1sp1/nios2eds/bin/gnu/h-i686-mingw32/bin/../lib/gcc/nios2-elf/4.1.2/../../../../nios2-elf/lib\libm.a(lib_a-s_nan.o)
                              c:/altera/12.1sp1/nios2eds/bin/gnu/h-i686-mingw32/bin/../lib/gcc/nios2-elf/4.1.2/../../../../nios2-elf/lib\libm.a(lib_a-e_pow.o) (nan)
c:/altera/12.1sp1/nios2eds/bin/gnu/h-i686-mingw32/bin/../lib/gcc/nios2-elf/4.1.2/../../../../nios2-elf/lib\libm.a(lib_a-s_rint.o)
                              c:/altera/12.1sp1/nios2eds/bin/gnu/h-i686-mingw32/bin/../lib/gcc/nios2-elf/4.1.2/../../../../nios2-elf/lib\libm.a(lib_a-w_pow.o) (rint)
c:/altera/12.1sp1/nios2eds/bin/gnu/h-i686-mingw32/bin/../lib/gcc/nios2-elf/4.1.2/../../../../nios2-elf/lib\libm.a(lib_a-s_scalbn.o)
                              c:/altera/12.1sp1/nios2eds/bin/gnu/h-i686-mingw32/bin/../lib/gcc/nios2-elf/4.1.2/../../../../nios2-elf/lib\libm.a(lib_a-e_pow.o) (scalbn)
c:/altera/12.1sp1/nios2eds/bin/gnu/h-i686-mingw32/bin/../lib/gcc/nios2-elf/4.1.2/../../../../nios2-elf/lib\libm.a(lib_a-s_copysign.o)
                              c:/altera/12.1sp1/nios2eds/bin/gnu/h-i686-mingw32/bin/../lib/gcc/nios2-elf/4.1.2/../../../../nios2-elf/lib\libm.a(lib_a-s_scalbn.o) (copysign)
c:/altera/12.1sp1/nios2eds/bin/gnu/h-i686-mingw32/bin/../lib/gcc/nios2-elf/4.1.2\libgcc.a(_addsub_sf.o)
                              c:/altera/12.1sp1/nios2eds/bin/gnu/h-i686-mingw32/bin/../lib/gcc/nios2-elf/4.1.2/../../../../nios2-elf/lib\libm.a(lib_a-sf_round.o) (__addsf3)
c:/altera/12.1sp1/nios2eds/bin/gnu/h-i686-mingw32/bin/../lib/gcc/nios2-elf/4.1.2\libgcc.a(_mul_sf.o)
                              obj/default/SynthesizerDriver.o (__mulsf3)
c:/altera/12.1sp1/nios2eds/bin/gnu/h-i686-mingw32/bin/../lib/gcc/nios2-elf/4.1.2\libgcc.a(_div_sf.o)
                              obj/default/SynthesizerDriver.o (__divsf3)
c:/altera/12.1sp1/nios2eds/bin/gnu/h-i686-mingw32/bin/../lib/gcc/nios2-elf/4.1.2\libgcc.a(_sf_to_si.o)
                              obj/default/SynthesizerDriver.o (__fixsfsi)
c:/altera/12.1sp1/nios2eds/bin/gnu/h-i686-mingw32/bin/../lib/gcc/nios2-elf/4.1.2\libgcc.a(_thenan_sf.o)
                              c:/altera/12.1sp1/nios2eds/bin/gnu/h-i686-mingw32/bin/../lib/gcc/nios2-elf/4.1.2\libgcc.a(_addsub_sf.o) (__thenan_sf)
c:/altera/12.1sp1/nios2eds/bin/gnu/h-i686-mingw32/bin/../lib/gcc/nios2-elf/4.1.2\libgcc.a(_addsub_df.o)
[...]
Memory Configuration

Name             Origin             Length             Attributes
sdram_0          0x00800000         0x00800000
sram_0           0x01080000         0x00080000
reset            0x01104000         0x00000020
onchip_memory2_0 0x01104020         0x00003fe0
*default*        0x00000000         0xffffffff

Linker script and memory map

LOAD ../LaserHarpBuildFlashed_bsp//obj/HAL/src/crt0.o
LOAD obj/default/SynthesizerDriver.o
LOAD obj/default/hello_ucosii.o
LOAD c:/altera/12.1sp1/nios2eds/bin/gnu/h-i686-mingw32/bin/../lib/gcc/nios2-elf/4.1.2/../../../../nios2-elf/lib\libstdc++.a
LOAD c:/altera/12.1sp1/nios2eds/bin/gnu/h-i686-mingw32/bin/../lib/gcc/nios2-elf/4.1.2/../../../../nios2-elf/lib\libm.a
LOAD c:/altera/12.1sp1/nios2eds/bin/gnu/h-i686-mingw32/bin/../lib/gcc/nios2-elf/4.1.2\libgcc.a
START GROUP
LOAD c:/altera/12.1sp1/nios2eds/bin/gnu/h-i686-mingw32/bin/../lib/gcc/nios2-elf/4.1.2/../../../../nios2-elf/lib\libc.a
LOAD c:/altera/12.1sp1/nios2eds/bin/gnu/h-i686-mingw32/bin/../lib/gcc/nios2-elf/4.1.2\libgcc.a
LOAD ../LaserHarpBuildFlashed_bsp/\libucosii_bsp.a
END GROUP
LOAD c:/altera/12.1sp1/nios2eds/bin/gnu/h-i686-mingw32/bin/../lib/gcc/nios2-elf/4.1.2\libgcc.a
                0x00800000                __alt_mem_sdram_0 = 0x800000
                0x01080000                __alt_mem_sram_0 = 0x1080000
                0x01104000                __alt_mem_onchip_memory2_0 = 0x1104000

.entry          0x01104000       0x20
 *(.entry)
 .entry         0x01104000       0x20 ../LaserHarpBuildFlashed_bsp//obj/HAL/src/crt0.o
                0x01104000                __reset

.exceptions     0x01104020      0x19c load address 0x00800000
                0x01104020                PROVIDE (__ram_exceptions_start, ABSOLUTE (.))
                0x01104020                . = ALIGN (0x20)
 *(.irq)
 *(.exceptions.entry.label)
 .exceptions.entry.label
                0x01104020        0x0 ../LaserHarpBuildFlashed_bsp/\libucosii_bsp.a(alt_irq_entry.o)
                0x01104020                alt_irq_entry
 .exceptions.entry.label
                0x01104020        0x0 ../LaserHarpBuildFlashed_bsp/\libucosii_bsp.a(alt_exception_entry.o)
                0x01104020                alt_exception
 *(.exceptions.entry.user)
 *(.exceptions.entry)
 .exceptions.entry
                0x01104020       0x54 ../LaserHarpBuildFlashed_bsp/\libucosii_bsp.a(alt_exception_entry.o)
 *(.exceptions.irqtest.user)
 *(.exceptions.irqtest)
 .exceptions.irqtest
                0x01104074       0x10 ../LaserHarpBuildFlashed_bsp/\libucosii_bsp.a(alt_irq_entry.o)
 *(.exceptions.irqhandler.user)
 *(.exceptions.irqhandler)
 .exceptions.irqhandler
                0x01104084        0x4 ../LaserHarpBuildFlashed_bsp/\libucosii_bsp.a(alt_irq_entry.o)
 *(.exceptions.irqreturn.user)
 *(.exceptions.irqreturn)
 .exceptions.irqreturn
                0x01104088        0x4 ../LaserHarpBuildFlashed_bsp/\libucosii_bsp.a(alt_irq_entry.o)
 *(.exceptions.notirq.label)
 .exceptions.notirq.label
                0x0110408c        0x0 ../LaserHarpBuildFlashed_bsp/\libucosii_bsp.a(alt_irq_entry.o)
 *(.exceptions.notirq.user)
 *(.exceptions.notirq)
 .exceptions.notirq
                0x0110408c        0x8 ../LaserHarpBuildFlashed_bsp/\libucosii_bsp.a(alt_exception_entry.o)
 *(.exceptions.soft.user)
 *(.exceptions.soft)
 *(.exceptions.unknown.user)
 *(.exceptions.unknown)
 .exceptions.unknown
                0x01104094        0x4 ../LaserHarpBuildFlashed_bsp/\libucosii_bsp.a(alt_exception_entry.o)
 *(.exceptions.exit.label)
 .exceptions.exit.label
                0x01104098        0x0 ../LaserHarpBuildFlashed_bsp/\libucosii_bsp.a(alt_irq_entry.o)
 .exceptions.exit.label
                0x01104098        0x0 ../LaserHarpBuildFlashed_bsp/\libucosii_bsp.a(alt_exception_entry.o)
 *(.exceptions.exit.user)
 *(.exceptions.exit)
 .exceptions.exit
                0x01104098       0x54 ../LaserHarpBuildFlashed_bsp/\libucosii_bsp.a(alt_exception_entry.o)
 *(.exceptions)
 .exceptions    0x011040ec       0xd0 ../LaserHarpBuildFlashed_bsp/\libucosii_bsp.a(alt_irq_handler.o)
                0x011040ec                alt_irq_handler
                0x011041bc                PROVIDE (__ram_exceptions_end, ABSOLUTE (.))
                0x00800000                PROVIDE (__flash_exceptions_start, LOADADDR (.exceptions))

.text           0x0080019c    0x143bc
                0x0080019c                PROVIDE (stext, ABSOLUTE (.))
 *(.interp)
 *(.hash)
 *(.dynsym)
 *(.dynstr)
 *(.gnu.version)
 *(.gnu.version_d)
 *(.gnu.version_r)
 *(.rel.init)
 *(.rela.init)
 *(.rel.text .rel.text.* .rel.gnu.linkonce.t.*)
 *(.rela.text .rela.text.* .rela.gnu.linkonce.t.*)
 *(.rel.fini)
 *(.rela.fini)
 *(.rel.rodata .rel.rodata.* .rel.gnu.linkonce.r.*)
 *(.rela.rodata .rela.rodata.* .rela.gnu.linkonce.r.*)
 *(.rel.data .rel.data.* .rel.gnu.linkonce.d.*)
 *(.rela.data .rela.data.* .rela.gnu.linkonce.d.*)
 *(.rel.tdata .rel.tdata.* .rel.gnu.linkonce.td.*)
 *(.rela.tdata .rela.tdata.* .rela.gnu.linkonce.td.*)
 *(.rel.tbss .rel.tbss.* .rel.gnu.linkonce.tb.*)
 *(.rela.tbss .rela.tbss.* .rela.gnu.linkonce.tb.*)
 *(.rel.ctors)
 *(.rela.ctors)
 *(.rel.dtors)
 *(.rela.dtors)
 *(.rel.got)
 *(.rela.got)
 *(.rel.sdata .rel.sdata.* .rel.gnu.linkonce.s.*)
 *(.rela.sdata .rela.sdata.* .rela.gnu.linkonce.s.*)
 *(.rel.sbss .rel.sbss.* .rel.gnu.linkonce.sb.*)
 *(.rela.sbss .rela.sbss.* .rela.gnu.linkonce.sb.*)
 *(.rel.sdata2 .rel.sdata2.* .rel.gnu.linkonce.s2.*)
 *(.rela.sdata2 .rela.sdata2.* .rela.gnu.linkonce.s2.*)
 *(.rel.sbss2 .rel.sbss2.* .rel.gnu.linkonce.sb2.*)
 *(.rela.sbss2 .rela.sbss2.* .rela.gnu.linkonce.sb2.*)
 *(.rel.bss .rel.bss.* .rel.gnu.linkonce.b.*)
 *(.rela.bss .rela.bss.* .rela.gnu.linkonce.b.*)
 *(.rel.plt)
 *(.rela.plt)
 *(.rel.dyn)
 *(.init)
 *(.plt)
 *(.text .stub .text.* .gnu.linkonce.t.*)
 .text          0x0080019c       0x4c ../LaserHarpBuildFlashed_bsp//obj/HAL/src/crt0.o
                0x0080019c                _start
 .text          0x008001e8      0x3a4 obj/default/SynthesizerDriver.o
                0x008001e8                midiNote2midiFreq
                0x00800294                midiFreq2sampleFreq
                0x008002e8                startVoice
                0x00800334                endVoice
                0x00800378                turnOnVoice
                0x00800464                turnOffVoice
                0x00800504                processNote
 .text          0x0080058c      0x500 obj/default/hello_ucosii.o
                0x0080058c                audioTask
                0x0080076c                laserInputTask
                0x00800904                handleLaserStatusChange
                0x008009a8                main
 .text          0x00800a8c       0x9c c:/altera/12.1sp1/nios2eds/bin/gnu/h-i686-mingw32/bin/../lib/gcc/nios2-elf/4.1.2/../../../../nios2-elf/lib\libm.a(lib_a-sf_round.o)
                0x00800a8c                roundf
 .text          0x00800b28      0x488 c:/altera/12.1sp1/nios2eds/bin/gnu/h-i686-mingw32/bin/../lib/gcc/nios2-elf/4.1.2/../../../../nios2-elf/lib\libm.a(lib_a-w_pow.o)
                0x00800b28                pow
 .text          0x00800fb0     0x1300 c:/altera/12.1sp1/nios2eds/bin/gnu/h-i686-mingw32/bin/../lib/gcc/nios2-elf/4.1.2/../../../../nios2-elf/lib\libm.a(lib_a-e_pow.o)
                0x00800fb0                __ieee754_pow
 .text          0x008022b0      0x2c8 c:/altera/12.1sp1/nios2eds/bin/gnu/h-i686-mingw32/bin/../lib/gcc/nios2-elf/4.1.2/../../../../nios2-elf/lib\libm.a(lib_a-e_sqrt.o)
                0x008022b0                __ieee754_sqrt
 .text          0x00802578       0x18 c:/altera/12.1sp1/nios2eds/bin/gnu/h-i686-mingw32/bin/../lib/gcc/nios2-elf/4.1.2/../../../../nios2-elf/lib\libm.a(lib_a-s_fabs.o)
                0x00802578                fabs
 .text          0x00802590       0x1c c:/altera/12.1sp1/nios2eds/bin/gnu/h-i686-mingw32/bin/../lib/gcc/nios2-elf/4.1.2/../../../../nios2-elf/lib\libm.a(lib_a-s_finite.o)
                0x00802590                finite
 .text          0x008025ac       0x30 c:/altera/12.1sp1/nios2eds/bin/gnu/h-i686-mingw32/bin/../lib/gcc/nios2-elf/4.1.2/../../../../nios2-elf/lib\libm.a(lib_a-s_isnand.o)
                0x008025ac                __isnand
 .text          0x008025dc        0x0 c:/altera/12.1sp1/nios2eds/bin/gnu/h-i686-mingw32/bin/../lib/gcc/nios2-elf/4.1.2/../../../../nios2-elf/lib\libm.a(lib_a-s_lib_ver.o)
 .text          0x008025dc        0x8 c:/altera/12.1sp1/nios2eds/bin/gnu/h-i686-mingw32/bin/../lib/gcc/nios2-elf/4.1.2/../../../../nios2-elf/lib\libm.a(lib_a-s_matherr.o)
                0x008025dc                matherr
 .text          0x008025e4       0x10 c:/altera/12.1sp1/nios2eds/bin/gnu/h-i686-mingw32/bin/../lib/gcc/nios2-elf/4.1.2/../../../../nios2-elf/lib\libm.a(lib_a-s_nan.o)
                0x008025e4                nan
 .text          0x008025f4      0x210 c:/altera/12.1sp1/nios2eds/bin/gnu/h-i686-mingw32/bin/../lib/gcc/nios2-elf/4.1.2/../../../../nios2-elf/lib\libm.a(lib_a-s_rint.o)
                0x008025f4                rint
 .text          0x00802804      0x1e0 c:/altera/12.1sp1/nios2eds/bin/gnu/h-i686-mingw32/bin/../lib/gcc/nios2-elf/4.1.2/../../../../nios2-elf/lib\libm.a(lib_a-s_scalbn.o)
                0x00802804                scalbn
 .text          0x008029e4       0x24 c:/altera/12.1sp1/nios2eds/bin/gnu/h-i686-mingw32/bin/../lib/gcc/nios2-elf/4.1.2/../../../../nios2-elf/lib\libm.a(lib_a-s_copysign.o)
                0x008029e4                copysign
 .text          0x00802a08      0x2b8 c:/altera/12.1sp1/nios2eds/bin/gnu/h-i686-mingw32/bin/../lib/gcc/nios2-elf/4.1.2\libgcc.a(_addsub_sf.o)
                0x00802bec                __subsf3
                0x00802c5c                __addsf3
 .text          0x00802cc0      0x1e0 c:/altera/12.1sp1/nios2eds/bin/gnu/h-i686-mingw32/bin/../lib/gcc/nios2-elf/4.1.2\libgcc.a(_mul_sf.o)
                0x00802cc0                __mulsf3
 .text          0x00802ea0      0x174 c:/altera/12.1sp1/nios2eds/bin/gnu/h-i686-mingw32/bin/../lib/gcc/nios2-elf/4.1.2\libgcc.a(_div_sf.o)
                0x00802ea0                __divsf3
 .text          0x00803014       0x94 c:/altera/12.1sp1/nios2eds/bin/gnu/h-i686-mingw32/bin/../lib/gcc/nios2-elf/4.1.2\libgcc.a(_sf_to_si.o)
                0x00803014                __fixsfsi
 .text          0x008030a8        0x0 c:/altera/12.1sp1/nios2eds/bin/gnu/h-i686-mingw32/bin/../lib/gcc/nios2-elf/4.1.2\libgcc.a(_thenan_sf.o)
 .text          0x008030a8      0x504 c:/altera/12.1sp1/nios2eds/bin/gnu/h-i686-mingw32/bin/../lib/gcc/nios2-elf/4.1.2\libgcc.a(_addsub_df.o)
                0x008034b8                __subdf3
                0x00803538                __adddf3
 .text          0x008035ac      0x3c4 c:/altera/12.1sp1/nios2eds/bin/gnu/h-i686-mingw32/bin/../lib/gcc/nios2-elf/4.1.2\libgcc.a(_mul_df.o)
                0x008035ac                __muldf3
 .text          0x00803970      0x258 c:/altera/12.1sp1/nios2eds/bin/gnu/h-i686-mingw32/bin/../lib/gcc/nios2-elf/4.1.2\libgcc.a(_div_df.o)
                0x00803970                __divdf3
 .text          0x00803bc8       0x88 c:/altera/12.1sp1/nios2eds/bin/gnu/h-i686-mingw32/bin/../lib/gcc/nios2-elf/4.1.2\libgcc.a(_eq_df.o)
                0x00803bc8                __eqdf2
 .text          0x00803c50       0x88 c:/altera/12.1sp1/nios2eds/bin/gnu/h-i686-mingw32/bin/../lib/gcc/nios2-elf/4.1.2\libgcc.a(_ne_df.o)
                0x00803c50                __nedf2
 .text          0x00803cd8       0x88 c:/altera/12.1sp1/nios2eds/bin/gnu/h-i686-mingw32/bin/../lib/gcc/nios2-elf/4.1.2\libgcc.a(_gt_df.o)
                0x00803cd8                __gtdf2
 .text          0x00803d60       0x88 c:/altera/12.1sp1/nios2eds/bin/gnu/h-i686-mingw32/bin/../lib/gcc/nios2-elf/4.1.2\libgcc.a(_lt_df.o)
                0x00803d60                __ltdf2
 .text          0x00803de8       0x88 c:/altera/12.1sp1/nios2eds/bin/gnu/h-i686-mingw32/bin/../lib/gcc/nios2-elf/4.1.2\libgcc.a(_le_df.o)
                0x00803de8                __ledf2
 .text          0x00803e70       0xf8 c:/altera/12.1sp1/nios2eds/bin/gnu/h-i686-mingw32/bin/../lib/gcc/nios2-elf/4.1.2\libgcc.a(_si_to_df.o)
                0x00803e70                __floatsidf
 .text          0x00803f68       0x74 c:/altera/12.1sp1/nios2eds/bin/gnu/h-i686-mingw32/bin/../lib/gcc/nios2-elf/4.1.2\libgcc.a(_df_to_sf.o)
                0x00803f68                __truncdfsf2
 .text          0x00803fdc        0x0 c:/altera/12.1sp1/nios2eds/bin/gnu/h-i686-mingw32/bin/../lib/gcc/nios2-elf/4.1.2\libgcc.a(_thenan_df.o)
 .text          0x00803fdc       0x98 c:/altera/12.1sp1/nios2eds/bin/gnu/h-i686-mingw32/bin/../lib/gcc/nios2-elf/4.1.2\libgcc.a(_muldi3.o)
                0x00803fdc                __muldi3
 .text          0x00804074       0x80 c:/altera/12.1sp1/nios2eds/bin/gnu/h-i686-mingw32/bin/../lib/gcc/nios2-elf/4.1.2\libgcc.a(_clzsi2.o)
                0x00804074                __clzsi2
 .text          0x008040f4      0x160 c:/altera/12.1sp1/nios2eds/bin/gnu/h-i686-mingw32/bin/../lib/gcc/nios2-elf/4.1.2\libgcc.a(_pack_sf.o)
                0x008040f4                __pack_f
 .text          0x00804254       0xc8 c:/altera/12.1sp1/nios2eds/bin/gnu/h-i686-mingw32/bin/../lib/gcc/nios2-elf/4.1.2\libgcc.a(_unpack_sf.o)
                0x00804254                __unpack_f
 .text          0x0080431c       0x2c c:/altera/12.1sp1/nios2eds/bin/gnu/h-i686-mingw32/bin/../lib/gcc/nios2-elf/4.1.2\libgcc.a(_make_sf.o)
                0x0080431c                __make_fp
 .text          0x00804348      0x314 c:/altera/12.1sp1/nios2eds/bin/gnu/h-i686-mingw32/bin/../lib/gcc/nios2-elf/4.1.2\libgcc.a(_pack_df.o)
                0x00804348                __pack_d
 .text          0x0080465c      0x138 c:/altera/12.1sp1/nios2eds/bin/gnu/h-i686-mingw32/bin/../lib/gcc/nios2-elf/4.1.2\libgcc.a(_unpack_df.o)
                0x0080465c                __unpack_d
 .text          0x00804794       0xc8 c:/altera/12.1sp1/nios2eds/bin/gnu/h-i686-mingw32/bin/../lib/gcc/nios2-elf/4.1.2\libgcc.a(_fpcmp_parts_df.o)
                0x00804794                __fpcmp_parts_d
 .text          0x0080485c        0x0 c:/altera/12.1sp1/nios2eds/bin/gnu/h-i686-mingw32/bin/../lib/gcc/nios2-elf/4.1.2\libgcc.a(_clz.o)
 .text          0x0080485c       0x10 c:/altera/12.1sp1/nios2eds/bin/gnu/h-i686-mingw32/bin/../lib/gcc/nios2-elf/4.1.2/../../../../nios2-elf/lib\libc.a(lib_a-errno.o)
                0x0080485c                __errno
 .text          0x0080486c        0x0 c:/altera/12.1sp1/nios2eds/bin/gnu/h-i686-mingw32/bin/../lib/gcc/nios2-elf/4.1.2/../../../../nios2-elf/lib\libc.a(lib_a-impure.o)
 .text          0x0080486c       0xb4 c:/altera/12.1sp1/nios2eds/bin/gnu/h-i686-mingw32/bin/../lib/gcc/nios2-elf/4.1.2/../../../../nios2-elf/lib\libc.a(lib_a-puts.o)
                0x0080486c                _puts_r
                0x0080490c                puts
 .text          0x00804920       0x74 c:/altera/12.1sp1/nios2eds/bin/gnu/h-i686-mingw32/bin/../lib/gcc/nios2-elf/4.1.2/../../../../nios2-elf/lib\libc.a(lib_a-strlen.o)
                0x00804920                strlen
 .text          0x00804994      0x49c c:/altera/12.1sp1/nios2eds/bin/gnu/h-i686-mingw32/bin/../lib/gcc/nios2-elf/4.1.2/../../../../nios2-elf/lib\libc.a(lib_a-fvwrite.o)
                0x00804994                __sfvwrite_r
 .text          0x00804e30      0x740 c:/altera/12.1sp1/nios2eds/bin/gnu/h-i686-mingw32/bin/../lib/gcc/nios2-elf/4.1.2/../../../../nios2-elf/lib\libc.a(lib_a-mallocr.o)
                0x00804e30                _malloc_r
 .text          0x00805570       0xe4 c:/altera/12.1sp1/nios2eds/bin/gnu/h-i686-mingw32/bin/../lib/gcc/nios2-elf/4.1.2/../../../../nios2-elf/lib\libc.a(lib_a-memchr.o)
                0x00805570                memchr
 .text          0x00805654       0xa0 c:/altera/12.1sp1/nios2eds/bin/gnu/h-i686-mingw32/bin/../lib/gcc/nios2-elf/4.1.2/../../../../nios2-elf/lib\libc.a(lib_a-memcpy.o)
                0x00805654                memcpy
 .text          0x008056f4       0xe0 c:/altera/12.1sp1/nios2eds/bin/gnu/h-i686-mingw32/bin/../lib/gcc/nios2-elf/4.1.2/../../../../nios2-elf/lib\libc.a(lib_a-memmove.o)
                0x008056f4                memmove
 .text          0x008057d4      0x5f4 c:/altera/12.1sp1/nios2eds/bin/gnu/h-i686-mingw32/bin/../lib/gcc/nios2-elf/4.1.2/../../../../nios2-elf/lib\libc.a(lib_a-reallocr.o)
                0x008057d4                _realloc_r
 .text          0x00805dc8       0x70 c:/altera/12.1sp1/nios2eds/bin/gnu/h-i686-mingw32/bin/../lib/gcc/nios2-elf/4.1.2/../../../../nios2-elf/lib\libc.a(lib_a-sbrkr.o)
                0x00805dc8                _sbrk_r
 .text          0x00805e38      0x13c c:/altera/12.1sp1/nios2eds/bin/gnu/h-i686-mingw32/bin/../lib/gcc/nios2-elf/4.1.2/../../../../nios2-elf/lib\libc.a(lib_a-wsetup.o)
                0x00805e38                __swsetup_r
 .text          0x00805f74      0x230 c:/altera/12.1sp1/nios2eds/bin/gnu/h-i686-mingw32/bin/../lib/gcc/nios2-elf/4.1.2/../../../../nios2-elf/lib\libc.a(lib_a-fflush.o)
                0x00805f74                _fflush_r
                0x00806170                fflush
 .text          0x008061a4      0x2c0 c:/altera/12.1sp1/nios2eds/bin/gnu/h-i686-mingw32/bin/../lib/gcc/nios2-elf/4.1.2/../../../../nios2-elf/lib\libc.a(lib_a-findfp.o)
                0x008061fc                __sfp_lock_acquire
                0x00806200                __sfp_lock_release
                0x00806204                __sinit_lock_acquire
                0x00806208                __sinit_lock_release
                0x0080620c                __sinit
                0x008062c0                __fp_unlock_all
                0x008062d8                __fp_lock_all
                0x008062f0                _cleanup_r
                0x008062fc                _cleanup
                0x0080630c                __sfmoreglue
                0x00806374                __sfp
 .text          0x00806464      0x440 c:/altera/12.1sp1/nios2eds/bin/gnu/h-i686-mingw32/bin/../lib/gcc/nios2-elf/4.1.2/../../../../nios2-elf/lib\libc.a(lib_a-freer.o)
                0x00806464                _malloc_trim_r
                0x00806590                _free_r
 .text          0x008068a4      0x180 c:/altera/12.1sp1/nios2eds/bin/gnu/h-i686-mingw32/bin/../lib/gcc/nios2-elf/4.1.2/../../../../nios2-elf/lib\libc.a(lib_a-fwalk.o)
                0x008068a4                _fwalk_reent
                0x0080696c                _fwalk
 .text          0x00806a24        0x0 c:/altera/12.1sp1/nios2eds/bin/gnu/h-i686-mingw32/bin/../lib/gcc/nios2-elf/4.1.2/../../../../nios2-elf/lib\libc.a(lib_a-int_errno.o)
 .text          0x00806a24      0x194 c:/altera/12.1sp1/nios2eds/bin/gnu/h-i686-mingw32/bin/../lib/gcc/nios2-elf/4.1.2/../../../../nios2-elf/lib\libc.a(lib_a-makebuf.o)
                0x00806a24                __smakebuf_r
 .text          0x00806bb8       0x98 c:/altera/12.1sp1/nios2eds/bin/gnu/h-i686-mingw32/bin/../lib/gcc/nios2-elf/4.1.2/../../../../nios2-elf/lib\libc.a(lib_a-memset.o)
                0x00806bb8                memset
 .text          0x00806c50      0x14c c:/altera/12.1sp1/nios2eds/bin/gnu/h-i686-mingw32/bin/../lib/gcc/nios2-elf/4.1.2/../../../../nios2-elf/lib\libc.a(lib_a-stdio.o)
                0x00806c50                __sclose
                0x00806c58                __sseek
                0x00806cc0                __swrite
                0x00806d3c                __sread
 .text          0x00806d9c       0x78 c:/altera/12.1sp1/nios2eds/bin/gnu/h-i686-mingw32/bin/../lib/gcc/nios2-elf/4.1.2/../../../../nios2-elf/lib\libc.a(lib_a-writer.o)
                0x00806d9c                _write_r
 .text          0x00806e14       0x70 c:/altera/12.1sp1/nios2eds/bin/gnu/h-i686-mingw32/bin/../lib/gcc/nios2-elf/4.1.2/../../../../nios2-elf/lib\libc.a(lib_a-closer.o)
                0x00806e14                _close_r
 .text          0x00806e84      0x124 c:/altera/12.1sp1/nios2eds/bin/gnu/h-i686-mingw32/bin/../lib/gcc/nios2-elf/4.1.2/../../../../nios2-elf/lib\libc.a(lib_a-fclose.o)
                0x00806e84                _fclose_r
                0x00806f94                fclose
 .text          0x00806fa8       0x74 c:/altera/12.1sp1/nios2eds/bin/gnu/h-i686-mingw32/bin/../lib/gcc/nios2-elf/4.1.2/../../../../nios2-elf/lib\libc.a(lib_a-fstatr.o)
                0x00806fa8                _fstat_r
 .text          0x0080701c       0x70 c:/altera/12.1sp1/nios2eds/bin/gnu/h-i686-mingw32/bin/../lib/gcc/nios2-elf/4.1.2/../../../../nios2-elf/lib\libc.a(lib_a-isattyr.o)
                0x0080701c                _isatty_r
 .text          0x0080708c       0x78 c:/altera/12.1sp1/nios2eds/bin/gnu/h-i686-mingw32/bin/../lib/gcc/nios2-elf/4.1.2/../../../../nios2-elf/lib\libc.a(lib_a-lseekr.o)
                0x0080708c                _lseek_r
 .text          0x00807104       0x78 c:/altera/12.1sp1/nios2eds/bin/gnu/h-i686-mingw32/bin/../lib/gcc/nios2-elf/4.1.2/../../../../nios2-elf/lib\libc.a(lib_a-readr.o)
                0x00807104                _read_r
 .text          0x0080717c      0x15c ../LaserHarpBuildFlashed_bsp/\libucosii_bsp.a(alt_close.o)
                0x0080717c                close
 .text          0x008072d8       0x2c ../LaserHarpBuildFlashed_bsp/\libucosii_bsp.a(alt_dev.o)
 .text          0x00807304        0x0 ../LaserHarpBuildFlashed_bsp/\libucosii_bsp.a(alt_errno.o)
 .text          0x00807304      0x134 ../LaserHarpBuildFlashed_bsp/\libucosii_bsp.a(alt_fstat.o)
                0x00807304                fstat
 .text          0x00807438      0x1d4 ../LaserHarpBuildFlashed_bsp/\libucosii_bsp.a(alt_iic.o)
                0x00807438                alt_ic_isr_register
                0x00807488                alt_ic_irq_enable
                0x00807524                alt_ic_irq_disable
                0x008075c4                alt_ic_irq_enabled
 .text          0x0080760c       0xf8 ../LaserHarpBuildFlashed_bsp/\libucosii_bsp.a(alt_iic_isr_register.o)
                0x0080760c                alt_iic_isr_register
 .text          0x00807704        0x0 ../LaserHarpBuildFlashed_bsp/\libucosii_bsp.a(alt_irq_entry.o)
 .text          0x00807704        0x0 ../LaserHarpBuildFlashed_bsp/\libucosii_bsp.a(alt_irq_handler.o)
 .text          0x00807704        0x0 ../LaserHarpBuildFlashed_bsp/\libucosii_bsp.a(alt_irq_vars.o)
 .text          0x00807704      0x120 ../LaserHarpBuildFlashed_bsp/\libucosii_bsp.a(alt_isatty.o)
                0x00807704                isatty
 .text          0x00807824       0xec ../LaserHarpBuildFlashed_bsp/\libucosii_bsp.a(alt_load.o)
                0x00807824                alt_load
 .text          0x00807910      0x150 ../LaserHarpBuildFlashed_bsp/\libucosii_bsp.a(alt_lseek.o)
                0x00807910                lseek
 .text          0x00807a60       0xc8 ../LaserHarpBuildFlashed_bsp/\libucosii_bsp.a(alt_main.o)
                0x00807a60                alt_main
 .text          0x00807b28      0x180 ../LaserHarpBuildFlashed_bsp/\libucosii_bsp.a(alt_read.o)
                0x00807b28                read
 .text          0x00807ca8       0x60 ../LaserHarpBuildFlashed_bsp/\libucosii_bsp.a(alt_release_fd.o)
                0x00807ca8                alt_release_fd
 .text          0x00807d08       0xbc ../LaserHarpBuildFlashed_bsp/\libucosii_bsp.a(alt_sbrk.o)
                0x00807d08                sbrk
 .text          0x00807dc4      0x180 ../LaserHarpBuildFlashed_bsp/\libucosii_bsp.a(alt_write.o)
                0x00807dc4                write
 .text          0x00807f44      0x108 ../LaserHarpBuildFlashed_bsp/\libucosii_bsp.a(alt_env_lock.o)
                0x00807f44                __env_lock
                0x00807ff0                __env_unlock
 .text          0x0080804c      0x1d8 ../LaserHarpBuildFlashed_bsp/\libucosii_bsp.a(alt_malloc_lock.o)
                0x0080804c                __malloc_lock
                0x00808154                __malloc_unlock
 .text          0x00808224     0x2128 ../LaserHarpBuildFlashed_bsp/\libucosii_bsp.a(os_core.o)
                0x00808224                OSEventNameGet
                0x00808354                OSEventNameSet
                0x00808498                OSEventPendMulti
                0x00808b4c                OSInit
                0x00808ba0                OSIntEnter
                0x00808c1c                OSIntExit
                0x00808d1c                OSSchedLock
                0x00808da8                OSSchedUnlock
                0x00808e8c                OSStart
                0x00808efc                OSStatInit
                0x00808fa8                OSTimeTick
                0x008091e8                OSVersion
                0x00809208                OS_Dummy
                0x00809224                OS_EventTaskRdy
                0x008093b8                OS_EventTaskWait
                0x008094c8                OS_EventTaskWaitMulti
                0x0080961c                OS_EventTaskRemove
                0x008096d4                OS_EventTaskRemoveMulti
                0x008097d8                OS_EventWaitListInit
                0x00809ba4                OS_MemClr
                0x00809bf8                OS_MemCopy
                0x00809c64                OS_Sched
                0x00809da8                OS_StrCopy
                0x00809e28                OS_StrLen
                0x00809e80                OS_TaskIdle
                0x00809edc                OS_TaskStat
                0x00809fa4                OS_TaskStatStkChk
                0x0080a06c                OS_TCBInit
 .text          0x0080a34c      0x18c ../LaserHarpBuildFlashed_bsp/\libucosii_bsp.a(os_dbg.o)
                0x0080a34c                OSDebugInit
 .text          0x0080a4d8     0x193c ../LaserHarpBuildFlashed_bsp/\libucosii_bsp.a(os_flag.o)
                0x0080a4d8                OSFlagAccept
                0x0080a80c                OSFlagCreate
                0x0080a948                OSFlagDel
                0x0080abf0                OSFlagNameGet
                0x0080ad34                OSFlagNameSet
                0x0080ae88                OSFlagPend
                0x0080b4cc                OSFlagPendGetFlagsRdy
                0x0080b534                OSFlagPost
                0x0080b8dc                OSFlagQuery
                0x0080bb74                OS_FlagInit
                0x0080bd68                OS_FlagUnlink
 .text          0x0080be14      0x808 ../LaserHarpBuildFlashed_bsp/\libucosii_bsp.a(os_mem.o)
                0x0080be14                OSMemCreate
                0x0080c030                OSMemGet
                0x0080c134                OSMemNameGet
                0x0080c240                OSMemNameSet
                0x0080c360                OSMemPut
                0x0080c450                OSMemQuery
                0x0080c54c                OS_MemInit
 .text          0x0080c61c     0x1334 ../LaserHarpBuildFlashed_bsp/\libucosii_bsp.a(os_q.o)
                0x0080c61c                OSQAccept
                0x0080c770                OSQCreate
                0x0080c984                OSQDel
                0x0080cc84                OSQFlush
                0x0080cd4c                OSQPend
                0x0080d06c                OSQPendAbort
                0x0080d1e8                OSQPost
                0x0080d368                OSQPostFront
                0x0080d4f0                OSQPostOpt
                0x0080d724                OSQQuery
                0x0080d8a4                OS_QInit
 .text          0x0080d950      0xbc8 ../LaserHarpBuildFlashed_bsp/\libucosii_bsp.a(os_sem.o)
                0x0080d950                OSSemAccept
                0x0080da10                OSSemCreate
                0x0080db24                OSSemDel
                0x0080ddc4                OSSemPend
                0x0080e040                OSSemPendAbort
                0x0080e1bc                OSSemPost
                0x0080e2e4                OSSemQuery
                0x0080e414                OSSemSet
 .text          0x0080e518     0x1a40 ../LaserHarpBuildFlashed_bsp/\libucosii_bsp.a(os_task.o)
                0x0080e518                OSTaskChangePrio
                0x0080ea8c                OSTaskCreate
                0x0080ec60                OSTaskCreateExt
                0x0080ee60                OSTaskDel
                0x0080f26c                OSTaskDelReq
                0x0080f3dc                OSTaskNameGet
                0x0080f594                OSTaskNameSet
                0x0080f758                OSTaskResume
                0x0080f970                OSTaskStkChk
                0x0080fb6c                OSTaskSuspend
                0x0080fd98                OSTaskQuery
                0x0080fedc                OS_TaskStkClr
 .text          0x0080ff58      0x598 ../LaserHarpBuildFlashed_bsp/\libucosii_bsp.a(os_time.o)
                0x0080ff58                OSTimeDly
                0x008100a4                OSTimeDlyHMSM
                0x00810218                OSTimeDlyResume
                0x00810428                OSTimeGet
                0x0081048c                OSTimeSet
 .text          0x008104f0       0xf8 ../LaserHarpBuildFlashed_bsp/\libucosii_bsp.a(alt_sys_init.o)
                0x008104f0                alt_irq_init
                0x00810524                alt_sys_init
 .text          0x008105e8      0x560 ../LaserHarpBuildFlashed_bsp/\libucosii_bsp.a(altera_avalon_fifo_util.o)
                0x008105e8                altera_avalon_fifo_init
                0x008106a4                altera_avalon_fifo_read_status
                0x008106e0                altera_avalon_fifo_read_ienable
                0x0081071c                altera_avalon_fifo_read_almostfull
                0x00810748                altera_avalon_fifo_read_almostempty
                0x00810774                altera_avalon_fifo_read_event
                0x008107b0                altera_avalon_fifo_read_level
                0x008107d8                altera_avalon_fifo_clear_event
                0x00810840                altera_avalon_fifo_write_ienable
                0x008108a0                altera_avalon_fifo_write_almostfull
                0x00810900                altera_avalon_fifo_write_almostempty
                0x00810960                altera_avalon_fifo_write_fifo
                0x008109c4                altera_avalon_read_fifo
                0x00810a34                altera_avalon_fifo_read_fifo
                0x00810a8c                altera_avalon_fifo_write_other_info
                0x00810af4                altera_avalon_fifo_read_other_info
                0x00810b20                altera_avalon_fifo_read_backpressure
 .text          0x00810b48      0x148 ../LaserHarpBuildFlashed_bsp/\libucosii_bsp.a(altera_avalon_jtag_uart_fd.o)
                0x00810b48                altera_avalon_jtag_uart_read_fd
                0x00810ba0                altera_avalon_jtag_uart_write_fd
                0x00810bf8                altera_avalon_jtag_uart_close_fd
                0x00810c40                altera_avalon_jtag_uart_ioctl_fd
 .text          0x00810c90      0x584 ../LaserHarpBuildFlashed_bsp/\libucosii_bsp.a(altera_avalon_jtag_uart_init.o)
                0x00810c90                altera_avalon_jtag_uart_init
                0x008111a0                altera_avalon_jtag_uart_close
 .text          0x00811214       0xf4 ../LaserHarpBuildFlashed_bsp/\libucosii_bsp.a(altera_avalon_jtag_uart_ioctl.o)
                0x00811214                altera_avalon_jtag_uart_ioctl
 .text          0x00811308      0x2c0 ../LaserHarpBuildFlashed_bsp/\libucosii_bsp.a(altera_avalon_jtag_uart_read.o)
                0x00811308                altera_avalon_jtag_uart_read
 .text          0x008115c8      0x2dc ../LaserHarpBuildFlashed_bsp/\libucosii_bsp.a(altera_avalon_jtag_uart_write.o)
                0x008115c8                altera_avalon_jtag_uart_write
 .text          0x008118a4      0x100 ../LaserHarpBuildFlashed_bsp/\libucosii_bsp.a(altera_avalon_timer_sc.o)
                0x00811914                alt_avalon_timer_sc_init
 .text          0x008119a4      0x80c ../LaserHarpBuildFlashed_bsp/\libucosii_bsp.a(altera_up_avalon_audio.o)
                0x008119a4                alt_up_audio_open_dev
                0x008119e4                alt_up_audio_enable_read_interrupt
                0x00811a30                alt_up_audio_disable_read_interrupt
                0x00811a80                alt_up_audio_enable_write_interrupt
                0x00811acc                alt_up_audio_disable_write_interrupt
                0x00811b1c                alt_up_audio_read_interrupt_pending
                0x00811b58                alt_up_audio_write_interrupt_pending
                0x00811b94                alt_up_audio_reset_audio_core
                0x00811c1c                alt_up_audio_read_fifo_avail
                0x00811c8c                alt_up_audio_record_r
                0x00811cfc                alt_up_audio_record_l
                0x00811d6c                alt_up_audio_write_fifo_space
                0x00811de0                alt_up_audio_play_r
                0x00811e50                alt_up_audio_play_l
                0x00811ec0                alt_up_audio_read_fifo
                0x00811fc4                alt_up_audio_write_fifo
                0x008120f0                alt_up_audio_read_fifo_head
                0x00812150                alt_up_audio_write_fifo_head
 .text          0x008121b0      0x788 ../LaserHarpBuildFlashed_bsp/\libucosii_bsp.a(altera_up_avalon_audio_and_video_config.o)
                0x008121b0                alt_up_av_config_open_dev
                0x00812214                alt_up_av_config_write_data
                0x00812278                alt_up_av_config_read_data
                0x00812304                alt_up_av_config_reset
                0x0081233c                alt_up_av_config_enable_interrupt
                0x00812374                alt_up_av_config_disable_interrupt
                0x008123a4                alt_up_av_config_read_acknowledge
                0x0081240c                alt_up_av_config_read_ready
                0x00812444                alt_up_av_config_write_audio_cfg_register
                0x008124f0                alt_up_av_config_read_video_cfg_register
                0x008125e8                alt_up_av_config_write_video_cfg_register
                0x008126e0                alt_up_av_config_read_DC2_cfg_register
                0x00812744                alt_up_av_config_write_DC2_cfg_register
                0x008127a8                alt_up_av_config_read_D5M_cfg_register
                0x0081280c                alt_up_av_config_write_D5M_cfg_register
                0x00812870                alt_up_av_config_read_LTM_cfg_register
                0x008128d4                alt_up_av_config_write_LTM_cfg_register
 .text          0x00812938      0x530 ../LaserHarpBuildFlashed_bsp/\libucosii_bsp.a(altera_up_avalon_character_lcd.o)
                0x00812938                get_DDRAM_addr
                0x008129b4                alt_up_character_lcd_send_cmd
                0x008129e8                alt_up_character_lcd_init
                0x00812a1c                alt_up_character_lcd_open_dev
                0x00812a5c                alt_up_character_lcd_write
                0x00812ad4                alt_up_character_lcd_string
                0x00812b4c                alt_up_character_lcd_write_fd
                0x00812b98                alt_up_character_lcd_set_cursor_pos
                0x00812c10                alt_up_character_lcd_shift_cursor
                0x00812cc0                alt_up_character_lcd_shift_display
                0x00812d70                alt_up_character_lcd_erase_pos
                0x00812e00                alt_up_character_lcd_cursor_off
                0x00812e34                alt_up_character_lcd_cursor_blink_on
 .text          0x00812e68      0x154 ../LaserHarpBuildFlashed_bsp/\libucosii_bsp.a(alt_alarm_start.o)
                0x00812e68                alt_alarm_start
 .text          0x00812fbc       0x44 ../LaserHarpBuildFlashed_bsp/\libucosii_bsp.a(alt_dcache_flush_all.o)
                0x00812fbc                alt_dcache_flush_all
 .text          0x00813000      0x114 ../LaserHarpBuildFlashed_bsp/\libucosii_bsp.a(alt_dev_llist_insert.o)
                0x00813000                alt_dev_llist_insert
 .text          0x00813114       0x64 ../LaserHarpBuildFlashed_bsp/\libucosii_bsp.a(alt_do_ctors.o)
                0x00813114                _do_ctors
 .text          0x00813178       0x64 ../LaserHarpBuildFlashed_bsp/\libucosii_bsp.a(alt_do_dtors.o)
                0x00813178                _do_dtors
 .text          0x008131dc        0x0 ../LaserHarpBuildFlashed_bsp/\libucosii_bsp.a(alt_exception_entry.o)
 .text          0x008131dc       0x94 ../LaserHarpBuildFlashed_bsp/\libucosii_bsp.a(alt_find_dev.o)
                0x008131dc                alt_find_dev
 .text          0x00813270       0x30 ../LaserHarpBuildFlashed_bsp/\libucosii_bsp.a(alt_icache_flush_all.o)
                0x00813270                alt_icache_flush_all
 .text          0x008132a0      0x13c ../LaserHarpBuildFlashed_bsp/\libucosii_bsp.a(alt_io_redirect.o)
                0x00813364                alt_io_redirect
 .text          0x008133dc      0x2c4 ../LaserHarpBuildFlashed_bsp/\libucosii_bsp.a(alt_open.o)
                0x008134b8                open
 .text          0x008136a0      0x1a8 ../LaserHarpBuildFlashed_bsp/\libucosii_bsp.a(alt_tick.o)
                0x008136a0                alt_alarm_stop
                0x00813738                alt_tick
 .text          0x00813848       0x20 ../LaserHarpBuildFlashed_bsp/\libucosii_bsp.a(altera_nios2_qsys_irq.o)
                0x00813848                altera_nios2_qsys_irq_init
 .text          0x00813868       0xd0 ../LaserHarpBuildFlashed_bsp/\libucosii_bsp.a(os_cpu_a.o)
                0x00813868                OSCtxSw
                0x00813868                OSIntCtxSw
                0x008138f4                OSStartHighRdy
                0x00813914                OSStartTsk
 .text          0x00813938      0x418 ../LaserHarpBuildFlashed_bsp/\libucosii_bsp.a(os_cpu_c.o)
                0x00813938                OSTaskStkInit
                0x00813c48                OSTaskCreateHook
                0x00813c68                OSTaskDelHook
                0x00813c88                OSTaskSwHook
                0x00813ca4                OSTaskStatHook
                0x00813cc0                OSTimeTickHook
                0x00813cdc                OSInitHookBegin
                0x00813cf8                OSInitHookEnd
                0x00813d14                OSTaskIdleHook
                0x00813d30                OSTCBInitHook
 .text          0x00813d50      0x120 ../LaserHarpBuildFlashed_bsp/\libucosii_bsp.a(alt_find_file.o)
                0x00813d50                alt_find_file
 .text          0x00813e70       0xf4 ../LaserHarpBuildFlashed_bsp/\libucosii_bsp.a(alt_get_fd.o)
                0x00813e70                alt_get_fd
 .text          0x00813f64       0x90 ../LaserHarpBuildFlashed_bsp/\libucosii_bsp.a(alt_icache_flush.o)
                0x00813f64                alt_icache_flush
 .text          0x00813ff4       0x14 c:/altera/12.1sp1/nios2eds/bin/gnu/h-i686-mingw32/bin/../lib/gcc/nios2-elf/4.1.2/../../../../nios2-elf/lib\libc.a(lib_a-atexit.o)
                0x00813ff4                atexit
 .text          0x00814008       0x38 c:/altera/12.1sp1/nios2eds/bin/gnu/h-i686-mingw32/bin/../lib/gcc/nios2-elf/4.1.2/../../../../nios2-elf/lib\libc.a(lib_a-exit.o)
                0x00814008                exit
 .text          0x00814040       0x74 c:/altera/12.1sp1/nios2eds/bin/gnu/h-i686-mingw32/bin/../lib/gcc/nios2-elf/4.1.2/../../../../nios2-elf/lib\libc.a(lib_a-memcmp.o)
                0x00814040                memcmp
 .text          0x008140b4      0x134 c:/altera/12.1sp1/nios2eds/bin/gnu/h-i686-mingw32/bin/../lib/gcc/nios2-elf/4.1.2/../../../../nios2-elf/lib\libc.a(lib_a-__atexit.o)
                0x008140b4                __register_exitproc
 .text          0x008141e8      0x1b4 c:/altera/12.1sp1/nios2eds/bin/gnu/h-i686-mingw32/bin/../lib/gcc/nios2-elf/4.1.2/../../../../nios2-elf/lib\libc.a(lib_a-__call_atexit.o)
                0x008141ec                __call_exitprocs
 .text          0x0081439c      0x14c c:/altera/12.1sp1/nios2eds/bin/gnu/h-i686-mingw32/bin/../lib/gcc/nios2-elf/4.1.2\libgcc.a(lib2-divmod.o)
                0x00814418                __divsi3
                0x00814478                __modsi3
                0x008144d8                __udivsi3
                0x008144e0                __umodsi3
 .text          0x008144e8       0x6c ../LaserHarpBuildFlashed_bsp/\libucosii_bsp.a(alt_exit.o)
                0x00814528                _exit
 *(.gnu.warning.*)
 *(.fini)
                0x00814554                PROVIDE (__etext, ABSOLUTE (.))
                0x00814554                PROVIDE (_etext, ABSOLUTE (.))
                0x00814554                PROVIDE (etext, ABSOLUTE (.))
 *(.eh_frame_hdr)
                0x00814554                . = ALIGN (0x4)
                0x00814554                PROVIDE (__preinit_array_start, ABSOLUTE (.))
 *(.preinit_array)
                0x00814554                PROVIDE (__preinit_array_end, ABSOLUTE (.))
                0x00814554                PROVIDE (__init_array_start, ABSOLUTE (.))
 *(.init_array)
                0x00814554                PROVIDE (__init_array_end, ABSOLUTE (.))
                0x00814554                PROVIDE (__fini_array_start, ABSOLUTE (.))
 *(.fini_array)
                0x00814554                PROVIDE (__fini_array_end, ABSOLUTE (.))
 *(.eh_frame)
 *(.gcc_except_table)
 *(.dynamic)
                0x00814554                PROVIDE (__CTOR_LIST__, ABSOLUTE (.))
 *(.ctors)
 *(SORT(.ctors.*))
 .ctors.65535   0x00814554        0x4 c:/altera/12.1sp1/nios2eds/bin/gnu/h-i686-mingw32/bin/../lib/gcc/nios2-elf/4.1.2/../../../../nios2-elf/lib\libc.a(lib_a-__call_atexit.o)
                0x00814558                PROVIDE (__CTOR_END__, ABSOLUTE (.))
                0x00814558                PROVIDE (__DTOR_LIST__, ABSOLUTE (.))
 *(.dtors)
 *(SORT(.dtors.*))
                0x00814558                PROVIDE (__DTOR_END__, ABSOLUTE (.))
 *(.jcr)
                0x00814558                . = ALIGN (0x4)

.rodata         0x00814558      0x3c8
                0x00814558                PROVIDE (__ram_rodata_start, ABSOLUTE (.))
                0x00814558                . = ALIGN (0x4)
 *(.rodata .rodata.* .gnu.linkonce.r.*)
 .rodata        0x00814558       0xb4 obj/default/hello_ucosii.o
 .rodata.str1.4
                0x0081460c        0x4 c:/altera/12.1sp1/nios2eds/bin/gnu/h-i686-mingw32/bin/../lib/gcc/nios2-elf/4.1.2/../../../../nios2-elf/lib\libm.a(lib_a-w_pow.o)
 .rodata.str1.4
                0x00814610        0x1 c:/altera/12.1sp1/nios2eds/bin/gnu/h-i686-mingw32/bin/../lib/gcc/nios2-elf/4.1.2/../../../../nios2-elf/lib\libm.a(lib_a-e_pow.o)
                                  0x4 (size before relaxing)
 *fill*         0x00814611        0x3 00
 .rodata        0x00814614       0x30 c:/altera/12.1sp1/nios2eds/bin/gnu/h-i686-mingw32/bin/../lib/gcc/nios2-elf/4.1.2/../../../../nios2-elf/lib\libm.a(lib_a-e_pow.o)
 .rodata        0x00814644       0x10 c:/altera/12.1sp1/nios2eds/bin/gnu/h-i686-mingw32/bin/../lib/gcc/nios2-elf/4.1.2/../../../../nios2-elf/lib\libm.a(lib_a-s_rint.o)
 .rodata        0x00814654       0x10 c:/altera/12.1sp1/nios2eds/bin/gnu/h-i686-mingw32/bin/../lib/gcc/nios2-elf/4.1.2\libgcc.a(_thenan_sf.o)
                0x00814654                __thenan_sf
 .rodata        0x00814664       0x14 c:/altera/12.1sp1/nios2eds/bin/gnu/h-i686-mingw32/bin/../lib/gcc/nios2-elf/4.1.2\libgcc.a(_thenan_df.o)
                0x00814664                __thenan_df
 .rodata        0x00814678      0x100 c:/altera/12.1sp1/nios2eds/bin/gnu/h-i686-mingw32/bin/../lib/gcc/nios2-elf/4.1.2\libgcc.a(_clz.o)
                0x00814678                __clz_tab
 .rodata.str1.4
                0x00814778        0x2 c:/altera/12.1sp1/nios2eds/bin/gnu/h-i686-mingw32/bin/../lib/gcc/nios2-elf/4.1.2/../../../../nios2-elf/lib\libc.a(lib_a-impure.o)
                                  0x4 (size before relaxing)
 *fill*         0x0081477a        0x2 00
 .rodata.str1.4
                0x0081477c        0x4 c:/altera/12.1sp1/nios2eds/bin/gnu/h-i686-mingw32/bin/../lib/gcc/nios2-elf/4.1.2/../../../../nios2-elf/lib\libc.a(lib_a-puts.o)
 .rodata        0x00814780        0xc ../LaserHarpBuildFlashed_bsp/\libucosii_bsp.a(alt_dev.o)
 .rodata        0x0081478c       0x14 ../LaserHarpBuildFlashed_bsp/\libucosii_bsp.a(alt_main.o)
 .rodata        0x008147a0      0x120 ../LaserHarpBuildFlashed_bsp/\libucosii_bsp.a(os_core.o)
                0x008147a0                OSUnMapTbl
 .rodata        0x008148c0       0x5c ../LaserHarpBuildFlashed_bsp/\libucosii_bsp.a(alt_sys_init.o)
 .rodata        0x0081491c        0x4 ../LaserHarpBuildFlashed_bsp/\libucosii_bsp.a(os_cpu_c.o)
 *(.rodata1)
                0x00814920                . = ALIGN (0x4)
                0x00814920                PROVIDE (__ram_rodata_end, ABSOLUTE (.))
                0x00814558                PROVIDE (__flash_rodata_start, LOADADDR (.rodata))

.rwdata         0x00814920     0x1b60 load address 0x00816480
                0x00814920                PROVIDE (__ram_rwdata_start, ABSOLUTE (.))
                0x00814920                . = ALIGN (0x4)
 *(.got.plt)
 *(.got)
 *(.data1)
 *(.data .data.* .gnu.linkonce.d.*)
 .data          0x00814920        0x0 ../LaserHarpBuildFlashed_bsp//obj/HAL/src/crt0.o
 .data          0x00814920        0x0 obj/default/SynthesizerDriver.o
 .data          0x00814920        0x0 obj/default/hello_ucosii.o
 .data          0x00814920        0x0 c:/altera/12.1sp1/nios2eds/bin/gnu/h-i686-mingw32/bin/../lib/gcc/nios2-elf/4.1.2/../../../../nios2-elf/lib\libm.a(lib_a-sf_round.o)
 .data          0x00814920        0x0 c:/altera/12.1sp1/nios2eds/bin/gnu/h-i686-mingw32/bin/../lib/gcc/nios2-elf/4.1.2/../../../../nios2-elf/lib\libm.a(lib_a-w_pow.o)
 .data          0x00814920        0x0 c:/altera/12.1sp1/nios2eds/bin/gnu/h-i686-mingw32/bin/../lib/gcc/nios2-elf/4.1.2/../../../../nios2-elf/lib\libm.a(lib_a-e_pow.o)
 .data          0x00814920        0x0 c:/altera/12.1sp1/nios2eds/bin/gnu/h-i686-mingw32/bin/../lib/gcc/nios2-elf/4.1.2/../../../../nios2-elf/lib\libm.a(lib_a-e_sqrt.o)
 .data          0x00814920        0x0 c:/altera/12.1sp1/nios2eds/bin/gnu/h-i686-mingw32/bin/../lib/gcc/nios2-elf/4.1.2/../../../../nios2-elf/lib\libm.a(lib_a-s_fabs.o)
 .data          0x00814920        0x0 c:/altera/12.1sp1/nios2eds/bin/gnu/h-i686-mingw32/bin/../lib/gcc/nios2-elf/4.1.2/../../../../nios2-elf/lib\libm.a(lib_a-s_finite.o)
 .data          0x00814920        0x0 c:/altera/12.1sp1/nios2eds/bin/gnu/h-i686-mingw32/bin/../lib/gcc/nios2-elf/4.1.2/../../../../nios2-elf/lib\libm.a(lib_a-s_isnand.o)
 .data          0x00814920        0x0 c:/altera/12.1sp1/nios2eds/bin/gnu/h-i686-mingw32/bin/../lib/gcc/nios2-elf/4.1.2/../../../../nios2-elf/lib\libm.a(lib_a-s_lib_ver.o)
 .data          0x00814920        0x0 c:/altera/12.1sp1/nios2eds/bin/gnu/h-i686-mingw32/bin/../lib/gcc/nios2-elf/4.1.2/../../../../nios2-elf/lib\libm.a(lib_a-s_matherr.o)
 .data          0x00814920        0x0 c:/altera/12.1sp1/nios2eds/bin/gnu/h-i686-mingw32/bin/../lib/gcc/nios2-elf/4.1.2/../../../../nios2-elf/lib\libm.a(lib_a-s_nan.o)
 .data          0x00814920        0x0 c:/altera/12.1sp1/nios2eds/bin/gnu/h-i686-mingw32/bin/../lib/gcc/nios2-elf/4.1.2/../../../../nios2-elf/lib\libm.a(lib_a-s_rint.o)
 .data          0x00814920        0x0 c:/altera/12.1sp1/nios2eds/bin/gnu/h-i686-mingw32/bin/../lib/gcc/nios2-elf/4.1.2/../../../../nios2-elf/lib\libm.a(lib_a-s_scalbn.o)
 .data          0x00814920        0x0 c:/altera/12.1sp1/nios2eds/bin/gnu/h-i686-mingw32/bin/../lib/gcc/nios2-elf/4.1.2/../../../../nios2-elf/lib\libm.a(lib_a-s_copysign.o)
 .data          0x00814920        0x0 c:/altera/12.1sp1/nios2eds/bin/gnu/h-i686-mingw32/bin/../lib/gcc/nios2-elf/4.1.2\libgcc.a(_addsub_sf.o)
 .data          0x00814920        0x0 c:/altera/12.1sp1/nios2eds/bin/gnu/h-i686-mingw32/bin/../lib/gcc/nios2-elf/4.1.2\libgcc.a(_mul_sf.o)
 .data          0x00814920        0x0 c:/altera/12.1sp1/nios2eds/bin/gnu/h-i686-mingw32/bin/../lib/gcc/nios2-elf/4.1.2\libgcc.a(_div_sf.o)
 .data          0x00814920        0x0 c:/altera/12.1sp1/nios2eds/bin/gnu/h-i686-mingw32/bin/../lib/gcc/nios2-elf/4.1.2\libgcc.a(_sf_to_si.o)
 .data          0x00814920        0x0 c:/altera/12.1sp1/nios2eds/bin/gnu/h-i686-mingw32/bin/../lib/gcc/nios2-elf/4.1.2\libgcc.a(_thenan_sf.o)
 .data          0x00814920        0x0 c:/altera/12.1sp1/nios2eds/bin/gnu/h-i686-mingw32/bin/../lib/gcc/nios2-elf/4.1.2\libgcc.a(_addsub_df.o)
 .data          0x00814920        0x0 c:/altera/12.1sp1/nios2eds/bin/gnu/h-i686-mingw32/bin/../lib/gcc/nios2-elf/4.1.2\libgcc.a(_mul_df.o)
 .data          0x00814920        0x0 c:/altera/12.1sp1/nios2eds/bin/gnu/h-i686-mingw32/bin/../lib/gcc/nios2-elf/4.1.2\libgcc.a(_div_df.o)
 .data          0x00814920        0x0 c:/altera/12.1sp1/nios2eds/bin/gnu/h-i686-mingw32/bin/../lib/gcc/nios2-elf/4.1.2\libgcc.a(_eq_df.o)
 .data          0x00814920        0x0 c:/altera/12.1sp1/nios2eds/bin/gnu/h-i686-mingw32/bin/../lib/gcc/nios2-elf/4.1.2\libgcc.a(_ne_df.o)
 .data          0x00814920        0x0 c:/altera/12.1sp1/nios2eds/bin/gnu/h-i686-mingw32/bin/../lib/gcc/nios2-elf/4.1.2\libgcc.a(_gt_df.o)
 .data          0x00814920        0x0 c:/altera/12.1sp1/nios2eds/bin/gnu/h-i686-mingw32/bin/../lib/gcc/nios2-elf/4.1.2\libgcc.a(_lt_df.o)
 .data          0x00814920        0x0 c:/altera/12.1sp1/nios2eds/bin/gnu/h-i686-mingw32/bin/../lib/gcc/nios2-elf/4.1.2\libgcc.a(_le_df.o)
 .data          0x00814920        0x0 c:/altera/12.1sp1/nios2eds/bin/gnu/h-i686-mingw32/bin/../lib/gcc/nios2-elf/4.1.2\libgcc.a(_si_to_df.o)
 .data          0x00814920        0x0 c:/altera/12.1sp1/nios2eds/bin/gnu/h-i686-mingw32/bin/../lib/gcc/nios2-elf/4.1.2\libgcc.a(_df_to_sf.o)
 .data          0x00814920        0x0 c:/altera/12.1sp1/nios2eds/bin/gnu/h-i686-mingw32/bin/../lib/gcc/nios2-elf/4.1.2\libgcc.a(_thenan_df.o)
 .data          0x00814920        0x0 c:/altera/12.1sp1/nios2eds/bin/gnu/h-i686-mingw32/bin/../lib/gcc/nios2-elf/4.1.2\libgcc.a(_muldi3.o)
 .data          0x00814920        0x0 c:/altera/12.1sp1/nios2eds/bin/gnu/h-i686-mingw32/bin/../lib/gcc/nios2-elf/4.1.2\libgcc.a(_clzsi2.o)
 .data          0x00814920        0x0 c:/altera/12.1sp1/nios2eds/bin/gnu/h-i686-mingw32/bin/../lib/gcc/nios2-elf/4.1.2\libgcc.a(_pack_sf.o)
 .data          0x00814920        0x0 c:/altera/12.1sp1/nios2eds/bin/gnu/h-i686-mingw32/bin/../lib/gcc/nios2-elf/4.1.2\libgcc.a(_unpack_sf.o)
 .data          0x00814920        0x0 c:/altera/12.1sp1/nios2eds/bin/gnu/h-i686-mingw32/bin/../lib/gcc/nios2-elf/4.1.2\libgcc.a(_make_sf.o)
 .data          0x00814920        0x0 c:/altera/12.1sp1/nios2eds/bin/gnu/h-i686-mingw32/bin/../lib/gcc/nios2-elf/4.1.2\libgcc.a(_pack_df.o)
 .data          0x00814920        0x0 c:/altera/12.1sp1/nios2eds/bin/gnu/h-i686-mingw32/bin/../lib/gcc/nios2-elf/4.1.2\libgcc.a(_unpack_df.o)
 .data          0x00814920        0x0 c:/altera/12.1sp1/nios2eds/bin/gnu/h-i686-mingw32/bin/../lib/gcc/nios2-elf/4.1.2\libgcc.a(_fpcmp_parts_df.o)
 .data          0x00814920        0x0 c:/altera/12.1sp1/nios2eds/bin/gnu/h-i686-mingw32/bin/../lib/gcc/nios2-elf/4.1.2\libgcc.a(_clz.o)
 .data          0x00814920        0x0 c:/altera/12.1sp1/nios2eds/bin/gnu/h-i686-mingw32/bin/../lib/gcc/nios2-elf/4.1.2/../../../../nios2-elf/lib\libc.a(lib_a-errno.o)
 .data          0x00814920      0x400 c:/altera/12.1sp1/nios2eds/bin/gnu/h-i686-mingw32/bin/../lib/gcc/nios2-elf/4.1.2/../../../../nios2-elf/lib\libc.a(lib_a-impure.o)
 .data          0x00814d20        0x0 c:/altera/12.1sp1/nios2eds/bin/gnu/h-i686-mingw32/bin/../lib/gcc/nios2-elf/4.1.2/../../../../nios2-elf/lib\libc.a(lib_a-puts.o)
 .data          0x00814d20        0x0 c:/altera/12.1sp1/nios2eds/bin/gnu/h-i686-mingw32/bin/../lib/gcc/nios2-elf/4.1.2/../../../../nios2-elf/lib\libc.a(lib_a-strlen.o)
 .data          0x00814d20        0x0 c:/altera/12.1sp1/nios2eds/bin/gnu/h-i686-mingw32/bin/../lib/gcc/nios2-elf/4.1.2/../../../../nios2-elf/lib\libc.a(lib_a-fvwrite.o)
 .data          0x00814d20      0x408 c:/altera/12.1sp1/nios2eds/bin/gnu/h-i686-mingw32/bin/../lib/gcc/nios2-elf/4.1.2/../../../../nios2-elf/lib\libc.a(lib_a-mallocr.o)
                0x00814d20                __malloc_av_
 .data          0x00815128        0x0 c:/altera/12.1sp1/nios2eds/bin/gnu/h-i686-mingw32/bin/../lib/gcc/nios2-elf/4.1.2/../../../../nios2-elf/lib\libc.a(lib_a-memchr.o)
 .data          0x00815128        0x0 c:/altera/12.1sp1/nios2eds/bin/gnu/h-i686-mingw32/bin/../lib/gcc/nios2-elf/4.1.2/../../../../nios2-elf/lib\libc.a(lib_a-memcpy.o)
 .data          0x00815128        0x0 c:/altera/12.1sp1/nios2eds/bin/gnu/h-i686-mingw32/bin/../lib/gcc/nios2-elf/4.1.2/../../../../nios2-elf/lib\libc.a(lib_a-memmove.o)
 .data          0x00815128        0x0 c:/altera/12.1sp1/nios2eds/bin/gnu/h-i686-mingw32/bin/../lib/gcc/nios2-elf/4.1.2/../../../../nios2-elf/lib\libc.a(lib_a-reallocr.o)
 .data          0x00815128        0x0 c:/altera/12.1sp1/nios2eds/bin/gnu/h-i686-mingw32/bin/../lib/gcc/nios2-elf/4.1.2/../../../../nios2-elf/lib\libc.a(lib_a-sbrkr.o)
 .data          0x00815128        0x0 c:/altera/12.1sp1/nios2eds/bin/gnu/h-i686-mingw32/bin/../lib/gcc/nios2-elf/4.1.2/../../../../nios2-elf/lib\libc.a(lib_a-wsetup.o)
 .data          0x00815128        0x0 c:/altera/12.1sp1/nios2eds/bin/gnu/h-i686-mingw32/bin/../lib/gcc/nios2-elf/4.1.2/../../../../nios2-elf/lib\libc.a(lib_a-fflush.o)
 .data          0x00815128        0x0 c:/altera/12.1sp1/nios2eds/bin/gnu/h-i686-mingw32/bin/../lib/gcc/nios2-elf/4.1.2/../../../../nios2-elf/lib\libc.a(lib_a-findfp.o)
 .data          0x00815128        0x0 c:/altera/12.1sp1/nios2eds/bin/gnu/h-i686-mingw32/bin/../lib/gcc/nios2-elf/4.1.2/../../../../nios2-elf/lib\libc.a(lib_a-freer.o)
 .data          0x00815128        0x0 c:/altera/12.1sp1/nios2eds/bin/gnu/h-i686-mingw32/bin/../lib/gcc/nios2-elf/4.1.2/../../../../nios2-elf/lib\libc.a(lib_a-fwalk.o)
 .data          0x00815128        0x0 c:/altera/12.1sp1/nios2eds/bin/gnu/h-i686-mingw32/bin/../lib/gcc/nios2-elf/4.1.2/../../../../nios2-elf/lib\libc.a(lib_a-int_errno.o)
 .data          0x00815128        0x0 c:/altera/12.1sp1/nios2eds/bin/gnu/h-i686-mingw32/bin/../lib/gcc/nios2-elf/4.1.2/../../../../nios2-elf/lib\libc.a(lib_a-makebuf.o)
 .data          0x00815128        0x0 c:/altera/12.1sp1/nios2eds/bin/gnu/h-i686-mingw32/bin/../lib/gcc/nios2-elf/4.1.2/../../../../nios2-elf/lib\libc.a(lib_a-memset.o)
 .data          0x00815128        0x0 c:/altera/12.1sp1/nios2eds/bin/gnu/h-i686-mingw32/bin/../lib/gcc/nios2-elf/4.1.2/../../../../nios2-elf/lib\libc.a(lib_a-stdio.o)
 .data          0x00815128        0x0 c:/altera/12.1sp1/nios2eds/bin/gnu/h-i686-mingw32/bin/../lib/gcc/nios2-elf/4.1.2/../../../../nios2-elf/lib\libc.a(lib_a-writer.o)
 .data          0x00815128        0x0 c:/altera/12.1sp1/nios2eds/bin/gnu/h-i686-mingw32/bin/../lib/gcc/nios2-elf/4.1.2/../../../../nios2-elf/lib\libc.a(lib_a-closer.o)
 .data          0x00815128        0x0 c:/altera/12.1sp1/nios2eds/bin/gnu/h-i686-mingw32/bin/../lib/gcc/nios2-elf/4.1.2/../../../../nios2-elf/lib\libc.a(lib_a-fclose.o)
 .data          0x00815128        0x0 c:/altera/12.1sp1/nios2eds/bin/gnu/h-i686-mingw32/bin/../lib/gcc/nios2-elf/4.1.2/../../../../nios2-elf/lib\libc.a(lib_a-fstatr.o)
 .data          0x00815128        0x0 c:/altera/12.1sp1/nios2eds/bin/gnu/h-i686-mingw32/bin/../lib/gcc/nios2-elf/4.1.2/../../../../nios2-elf/lib\libc.a(lib_a-isattyr.o)
 .data          0x00815128        0x0 c:/altera/12.1sp1/nios2eds/bin/gnu/h-i686-mingw32/bin/../lib/gcc/nios2-elf/4.1.2/../../../../nios2-elf/lib\libc.a(lib_a-lseekr.o)
 .data          0x00815128        0x0 c:/altera/12.1sp1/nios2eds/bin/gnu/h-i686-mingw32/bin/../lib/gcc/nios2-elf/4.1.2/../../../../nios2-elf/lib\libc.a(lib_a-readr.o)
 .data          0x00815128        0x0 ../LaserHarpBuildFlashed_bsp/\libucosii_bsp.a(alt_close.o)
 .data          0x00815128      0x1a8 ../LaserHarpBuildFlashed_bsp/\libucosii_bsp.a(alt_dev.o)
                0x00815128                alt_dev_null
                0x00815150                alt_fd_list
 .data          0x008152d0        0x0 ../LaserHarpBuildFlashed_bsp/\libucosii_bsp.a(alt_errno.o)
 .data          0x008152d0        0x0 ../LaserHarpBuildFlashed_bsp/\libucosii_bsp.a(alt_fstat.o)
 .data          0x008152d0        0x0 ../LaserHarpBuildFlashed_bsp/\libucosii_bsp.a(alt_iic.o)
 .data          0x008152d0        0x0 ../LaserHarpBuildFlashed_bsp/\libucosii_bsp.a(alt_iic_isr_register.o)
 .data          0x008152d0        0x0 ../LaserHarpBuildFlashed_bsp/\libucosii_bsp.a(alt_irq_entry.o)
 .data          0x008152d0        0x0 ../LaserHarpBuildFlashed_bsp/\libucosii_bsp.a(alt_irq_handler.o)
 .data          0x008152d0        0x0 ../LaserHarpBuildFlashed_bsp/\libucosii_bsp.a(alt_irq_vars.o)
 .data          0x008152d0        0x0 ../LaserHarpBuildFlashed_bsp/\libucosii_bsp.a(alt_isatty.o)
 .data          0x008152d0        0x0 ../LaserHarpBuildFlashed_bsp/\libucosii_bsp.a(alt_load.o)
 .data          0x008152d0        0x0 ../LaserHarpBuildFlashed_bsp/\libucosii_bsp.a(alt_lseek.o)
 .data          0x008152d0        0x0 ../LaserHarpBuildFlashed_bsp/\libucosii_bsp.a(alt_main.o)
 .data          0x008152d0        0x0 ../LaserHarpBuildFlashed_bsp/\libucosii_bsp.a(alt_read.o)
 .data          0x008152d0        0x0 ../LaserHarpBuildFlashed_bsp/\libucosii_bsp.a(alt_release_fd.o)
 .data          0x008152d0        0x0 ../LaserHarpBuildFlashed_bsp/\libucosii_bsp.a(alt_sbrk.o)
 .data          0x008152d0        0x0 ../LaserHarpBuildFlashed_bsp/\libucosii_bsp.a(alt_write.o)
 .data          0x008152d0        0x0 ../LaserHarpBuildFlashed_bsp/\libucosii_bsp.a(alt_env_lock.o)
 .data          0x008152d0        0x0 ../LaserHarpBuildFlashed_bsp/\libucosii_bsp.a(alt_malloc_lock.o)
 .data          0x008152d0        0x0 ../LaserHarpBuildFlashed_bsp/\libucosii_bsp.a(os_core.o)
 .data          0x008152d0        0x0 ../LaserHarpBuildFlashed_bsp/\libucosii_bsp.a(os_dbg.o)
 .data          0x008152d0        0x0 ../LaserHarpBuildFlashed_bsp/\libucosii_bsp.a(os_flag.o)
 .data          0x008152d0        0x0 ../LaserHarpBuildFlashed_bsp/\libucosii_bsp.a(os_mem.o)
 .data          0x008152d0        0x0 ../LaserHarpBuildFlashed_bsp/\libucosii_bsp.a(os_q.o)
 .data          0x008152d0        0x0 ../LaserHarpBuildFlashed_bsp/\libucosii_bsp.a(os_sem.o)
 .data          0x008152d0        0x0 ../LaserHarpBuildFlashed_bsp/\libucosii_bsp.a(os_task.o)
 .data          0x008152d0        0x0 ../LaserHarpBuildFlashed_bsp/\libucosii_bsp.a(os_time.o)
 .data          0x008152d0     0x10f8 ../LaserHarpBuildFlashed_bsp/\libucosii_bsp.a(alt_sys_init.o)
 .data          0x008163c8        0x0 ../LaserHarpBuildFlashed_bsp/\libucosii_bsp.a(altera_avalon_fifo_util.o)
 .data          0x008163c8        0x0 ../LaserHarpBuildFlashed_bsp/\libucosii_bsp.a(altera_avalon_jtag_uart_fd.o)
 .data          0x008163c8        0x0 ../LaserHarpBuildFlashed_bsp/\libucosii_bsp.a(altera_avalon_jtag_uart_init.o)
 .data          0x008163c8        0x0 ../LaserHarpBuildFlashed_bsp/\libucosii_bsp.a(altera_avalon_jtag_uart_ioctl.o)
 .data          0x008163c8        0x0 ../LaserHarpBuildFlashed_bsp/\libucosii_bsp.a(altera_avalon_jtag_uart_read.o)
 .data          0x008163c8        0x0 ../LaserHarpBuildFlashed_bsp/\libucosii_bsp.a(altera_avalon_jtag_uart_write.o)
 .data          0x008163c8        0x0 ../LaserHarpBuildFlashed_bsp/\libucosii_bsp.a(altera_avalon_timer_sc.o)
 .data          0x008163c8        0x0 ../LaserHarpBuildFlashed_bsp/\libucosii_bsp.a(altera_up_avalon_audio.o)
 .data          0x008163c8        0x0 ../LaserHarpBuildFlashed_bsp/\libucosii_bsp.a(altera_up_avalon_audio_and_video_config.o)
 .data          0x008163c8        0x0 ../LaserHarpBuildFlashed_bsp/\libucosii_bsp.a(altera_up_avalon_character_lcd.o)
 .data          0x008163c8        0x0 ../LaserHarpBuildFlashed_bsp/\libucosii_bsp.a(alt_alarm_start.o)
 .data          0x008163c8        0x0 ../LaserHarpBuildFlashed_bsp/\libucosii_bsp.a(alt_dcache_flush_all.o)
 .data          0x008163c8        0x0 ../LaserHarpBuildFlashed_bsp/\libucosii_bsp.a(alt_dev_llist_insert.o)
 .data          0x008163c8        0x0 ../LaserHarpBuildFlashed_bsp/\libucosii_bsp.a(alt_do_ctors.o)
 .data          0x008163c8        0x0 ../LaserHarpBuildFlashed_bsp/\libucosii_bsp.a(alt_do_dtors.o)
 .data          0x008163c8        0x0 ../LaserHarpBuildFlashed_bsp/\libucosii_bsp.a(alt_exception_entry.o)
 .data          0x008163c8        0x0 ../LaserHarpBuildFlashed_bsp/\libucosii_bsp.a(alt_find_dev.o)
 .data          0x008163c8        0x0 ../LaserHarpBuildFlashed_bsp/\libucosii_bsp.a(alt_icache_flush_all.o)
 .data          0x008163c8        0x0 ../LaserHarpBuildFlashed_bsp/\libucosii_bsp.a(alt_io_redirect.o)
 .data          0x008163c8        0x0 ../LaserHarpBuildFlashed_bsp/\libucosii_bsp.a(alt_open.o)
 .data          0x008163c8        0x0 ../LaserHarpBuildFlashed_bsp/\libucosii_bsp.a(alt_tick.o)
 .data          0x008163c8        0x0 ../LaserHarpBuildFlashed_bsp/\libucosii_bsp.a(altera_nios2_qsys_irq.o)
 .data          0x008163c8        0x0 ../LaserHarpBuildFlashed_bsp/\libucosii_bsp.a(os_cpu_a.o)
 .data          0x008163c8        0x0 ../LaserHarpBuildFlashed_bsp/\libucosii_bsp.a(os_cpu_c.o)
 .data          0x008163c8        0x0 ../LaserHarpBuildFlashed_bsp/\libucosii_bsp.a(alt_find_file.o)
 .data          0x008163c8        0x0 ../LaserHarpBuildFlashed_bsp/\libucosii_bsp.a(alt_get_fd.o)
 .data          0x008163c8        0x0 ../LaserHarpBuildFlashed_bsp/\libucosii_bsp.a(alt_icache_flush.o)
 .data          0x008163c8        0x0 c:/altera/12.1sp1/nios2eds/bin/gnu/h-i686-mingw32/bin/../lib/gcc/nios2-elf/4.1.2/../../../../nios2-elf/lib\libc.a(lib_a-atexit.o)
 .data          0x008163c8        0x0 c:/altera/12.1sp1/nios2eds/bin/gnu/h-i686-mingw32/bin/../lib/gcc/nios2-elf/4.1.2/../../../../nios2-elf/lib\libc.a(lib_a-exit.o)
 .data          0x008163c8        0x0 c:/altera/12.1sp1/nios2eds/bin/gnu/h-i686-mingw32/bin/../lib/gcc/nios2-elf/4.1.2/../../../../nios2-elf/lib\libc.a(lib_a-memcmp.o)
 .data          0x008163c8        0x0 c:/altera/12.1sp1/nios2eds/bin/gnu/h-i686-mingw32/bin/../lib/gcc/nios2-elf/4.1.2/../../../../nios2-elf/lib\libc.a(lib_a-__atexit.o)
 .data          0x008163c8        0x0 c:/altera/12.1sp1/nios2eds/bin/gnu/h-i686-mingw32/bin/../lib/gcc/nios2-elf/4.1.2/../../../../nios2-elf/lib\libc.a(lib_a-__call_atexit.o)
 .data          0x008163c8        0x0 c:/altera/12.1sp1/nios2eds/bin/gnu/h-i686-mingw32/bin/../lib/gcc/nios2-elf/4.1.2\libgcc.a(lib2-divmod.o)
 .data          0x008163c8        0x0 ../LaserHarpBuildFlashed_bsp/\libucosii_bsp.a(alt_exit.o)
                0x0081e3c8                _gp = ABSOLUTE ((. + 0x8000))
                0x0081e3c8                PROVIDE (gp, _gp)
 *(.rwdata .rwdata.*)
 *(.sdata .sdata.* .gnu.linkonce.s.*)
 .sdata         0x008163c8        0x4 c:/altera/12.1sp1/nios2eds/bin/gnu/h-i686-mingw32/bin/../lib/gcc/nios2-elf/4.1.2/../../../../nios2-elf/lib\libm.a(lib_a-s_lib_ver.o)
                0x008163c8                __fdlib_version
 .sdata         0x008163cc        0x8 c:/altera/12.1sp1/nios2eds/bin/gnu/h-i686-mingw32/bin/../lib/gcc/nios2-elf/4.1.2/../../../../nios2-elf/lib\libc.a(lib_a-impure.o)
                0x008163cc                _impure_ptr
                0x008163d0                _global_impure_ptr
 .sdata         0x008163d4        0x8 c:/altera/12.1sp1/nios2eds/bin/gnu/h-i686-mingw32/bin/../lib/gcc/nios2-elf/4.1.2/../../../../nios2-elf/lib\libc.a(lib_a-mallocr.o)
                0x008163d4                __malloc_trim_threshold
                0x008163d8                __malloc_sbrk_base
 .sdata         0x008163dc       0x14 ../LaserHarpBuildFlashed_bsp/\libucosii_bsp.a(alt_dev.o)
                0x008163dc                alt_fs_list
                0x008163e4                alt_dev_list
                0x008163ec                alt_max_fd
 .sdata         0x008163f0        0x4 ../LaserHarpBuildFlashed_bsp/\libucosii_bsp.a(alt_errno.o)
                0x008163f0                alt_errno
 .sdata         0x008163f4        0x4 ../LaserHarpBuildFlashed_bsp/\libucosii_bsp.a(alt_irq_vars.o)
                0x008163f4                alt_priority_mask
 .sdata         0x008163f8        0x4 ../LaserHarpBuildFlashed_bsp/\libucosii_bsp.a(alt_sbrk.o)
 .sdata         0x008163fc        0x4 ../LaserHarpBuildFlashed_bsp/\libucosii_bsp.a(alt_env_lock.o)
 .sdata         0x00816400        0x4 ../LaserHarpBuildFlashed_bsp/\libucosii_bsp.a(alt_malloc_lock.o)
 .sdata         0x00816404       0x74 ../LaserHarpBuildFlashed_bsp/\libucosii_bsp.a(os_dbg.o)
                0x00816404                OSDebugEn
                0x00816408                OSEndiannessTest
                0x0081640c                OSEventEn
                0x0081640e                OSEventMax
                0x00816410                OSEventNameSize
                0x00816412                OSEventSize
                0x00816414                OSEventTblSize
                0x00816416                OSEventMultiEn
                0x00816418                OSFlagEn
                0x0081641a                OSFlagGrpSize
                0x0081641c                OSFlagNodeSize
                0x0081641e                OSFlagWidth
                0x00816420                OSFlagMax
                0x00816422                OSFlagNameSize
                0x00816424                OSLowestPrio
                0x00816426                OSMboxEn
                0x00816428                OSMemEn
                0x0081642a                OSMemMax
                0x0081642c                OSMemNameSize
                0x0081642e                OSMemSize
                0x00816430                OSMemTblSize
                0x00816432                OSMutexEn
                0x00816434                OSPtrSize
                0x00816436                OSQEn
                0x00816438                OSQMax
                0x0081643a                OSQSize
                0x0081643c                OSRdyTblSize
                0x0081643e                OSSemEn
                0x00816440                OSStkWidth
                0x00816442                OSTaskCreateEn
                0x00816444                OSTaskCreateExtEn
                0x00816446                OSTaskDelEn
                0x00816448                OSTaskIdleStkSize
                0x0081644a                OSTaskProfileEn
                0x0081644c                OSTaskMax
                0x0081644e                OSTaskNameSize
                0x00816450                OSTaskStatEn
                0x00816452                OSTaskStatStkSize
                0x00816454                OSTaskStatStkChkEn
                0x00816456                OSTaskSwHookEn
                0x00816458                OSTCBPrioTblMax
                0x0081645a                OSTCBSize
                0x0081645c                OSTicksPerSec
                0x0081645e                OSTimeTickHookEn
                0x00816460                OSVersionNbr
                0x00816462                OSTmrEn
                0x00816464                OSTmrCfgMax
                0x00816466                OSTmrCfgNameSize
                0x00816468                OSTmrCfgWheelSize
                0x0081646a                OSTmrCfgTicksPerSec
                0x0081646c                OSTmrSize
                0x0081646e                OSTmrTblSize
                0x00816470                OSTmrWheelSize
                0x00816472                OSTmrWheelTblSize
                0x00816474                OSDataSize
 .sdata         0x00816478        0x8 ../LaserHarpBuildFlashed_bsp/\libucosii_bsp.a(alt_tick.o)
                0x00816478                alt_alarm_list
 *(.sdata2 .sdata2.* .gnu.linkonce.s2.*)
                0x00816480                . = ALIGN (0x4)
                0x00816480                _edata = ABSOLUTE (.)
                0x00816480                PROVIDE (edata, ABSOLUTE (.))
                0x00816480                PROVIDE (__ram_rwdata_end, ABSOLUTE (.))
                0x00816480                PROVIDE (__flash_rwdata_start, LOADADDR (.rwdata))

.bss            0x00817fe0     0x7574
                0x00817fe0                __bss_start = ABSOLUTE (.)
                0x00817fe0                PROVIDE (__sbss_start, ABSOLUTE (.))
                0x00817fe0                PROVIDE (___sbss_start, ABSOLUTE (.))
 *(.dynsbss)
 *(.sbss .sbss.* .gnu.linkonce.sb.*)
 .sbss          0x00817fe0        0x8 obj/default/SynthesizerDriver.o
 .sbss          0x00817fe8        0x4 obj/default/hello_ucosii.o
                0x00817fe8                laserStatusChanged
 .sbss          0x00817fec        0xc c:/altera/12.1sp1/nios2eds/bin/gnu/h-i686-mingw32/bin/../lib/gcc/nios2-elf/4.1.2/../../../../nios2-elf/lib\libc.a(lib_a-mallocr.o)
                0x00817fec                __malloc_top_pad
                0x00817ff0                __malloc_max_sbrked_mem
                0x00817ff4                __malloc_max_total_mem
 .sbss          0x00817ff8        0x4 c:/altera/12.1sp1/nios2eds/bin/gnu/h-i686-mingw32/bin/../lib/gcc/nios2-elf/4.1.2/../../../../nios2-elf/lib\libc.a(lib_a-int_errno.o)
                0x00817ff8                errno
 .sbss          0x00817ffc        0x4 ../LaserHarpBuildFlashed_bsp/\libucosii_bsp.a(alt_dev.o)
                0x00817ffc                alt_fd_list_lock
 .sbss          0x00818000        0x4 ../LaserHarpBuildFlashed_bsp/\libucosii_bsp.a(alt_irq_vars.o)
                0x00818000                alt_irq_active
 .sbss          0x00818004        0xc ../LaserHarpBuildFlashed_bsp/\libucosii_bsp.a(alt_main.o)
                0x00818004                alt_argc
                0x00818008                alt_argv
                0x0081800c                alt_envp
 .sbss          0x00818010        0x8 ../LaserHarpBuildFlashed_bsp/\libucosii_bsp.a(alt_env_lock.o)
                0x00818014                alt_envsem
 .sbss          0x00818018        0x8 ../LaserHarpBuildFlashed_bsp/\libucosii_bsp.a(alt_malloc_lock.o)
                0x0081801c                alt_heapsem
 .sbss          0x00818020       0x50 ../LaserHarpBuildFlashed_bsp/\libucosii_bsp.a(os_core.o)
                0x00818020                OSLockNesting
                0x00818021                OSRunning
                0x00818024                OSIdleCtr
                0x00818028                OSPrioHighRdy
                0x00818029                OSPrioCur
                0x0081802c                OSTCBList
                0x00818030                OSTickStepState
                0x00818034                OSCtxSwCtr
                0x00818038                OSIdleCtrMax
                0x0081803c                OSTCBFreeList
                0x00818040                OSCPUUsage
                0x00818041                OSTaskCtr
                0x00818044                OSMemFreeList
                0x00818048                OSTCBHighRdy
                0x0081804c                OSQFreeList
                0x00818050                OSRdyGrp
                0x00818051                OSRdyTbl
                0x00818054                OSEventFreeList
                0x00818058                OSIntNesting
                0x0081805c                OSTCBCur
                0x00818060                OSTime
                0x00818064                OSFlagFreeList
                0x00818068                OSStatRdy
                0x0081806c                OSIdleCtrRun
 .sbss          0x00818070        0x8 ../LaserHarpBuildFlashed_bsp/\libucosii_bsp.a(alt_tick.o)
                0x00818070                _alt_tick_rate
                0x00818074                _alt_nticks
 *(.sbss2 .sbss2.* .gnu.linkonce.sb2.*)
 *(.scommon)
                0x00818078                PROVIDE (__sbss_end, ABSOLUTE (.))
                0x00818078                PROVIDE (___sbss_end, ABSOLUTE (.))
 *(.dynbss)
 *(.bss .bss.* .gnu.linkonce.b.*)
 .bss           0x00818078        0x0 ../LaserHarpBuildFlashed_bsp//obj/HAL/src/crt0.o
 .bss           0x00818078        0x0 obj/default/SynthesizerDriver.o
 .bss           0x00818078        0x0 obj/default/hello_ucosii.o
 .bss           0x00818078        0x0 c:/altera/12.1sp1/nios2eds/bin/gnu/h-i686-mingw32/bin/../lib/gcc/nios2-elf/4.1.2/../../../../nios2-elf/lib\libm.a(lib_a-sf_round.o)
 .bss           0x00818078        0x0 c:/altera/12.1sp1/nios2eds/bin/gnu/h-i686-mingw32/bin/../lib/gcc/nios2-elf/4.1.2/../../../../nios2-elf/lib\libm.a(lib_a-w_pow.o)
 .bss           0x00818078        0x0 c:/altera/12.1sp1/nios2eds/bin/gnu/h-i686-mingw32/bin/../lib/gcc/nios2-elf/4.1.2/../../../../nios2-elf/lib\libm.a(lib_a-e_pow.o)
 .bss           0x00818078        0x0 c:/altera/12.1sp1/nios2eds/bin/gnu/h-i686-mingw32/bin/../lib/gcc/nios2-elf/4.1.2/../../../../nios2-elf/lib\libm.a(lib_a-e_sqrt.o)
 .bss           0x00818078        0x0 c:/altera/12.1sp1/nios2eds/bin/gnu/h-i686-mingw32/bin/../lib/gcc/nios2-elf/4.1.2/../../../../nios2-elf/lib\libm.a(lib_a-s_fabs.o)
 .bss           0x00818078        0x0 c:/altera/12.1sp1/nios2eds/bin/gnu/h-i686-mingw32/bin/../lib/gcc/nios2-elf/4.1.2/../../../../nios2-elf/lib\libm.a(lib_a-s_finite.o)
 .bss           0x00818078        0x0 c:/altera/12.1sp1/nios2eds/bin/gnu/h-i686-mingw32/bin/../lib/gcc/nios2-elf/4.1.2/../../../../nios2-elf/lib\libm.a(lib_a-s_isnand.o)
 .bss           0x00818078        0x0 c:/altera/12.1sp1/nios2eds/bin/gnu/h-i686-mingw32/bin/../lib/gcc/nios2-elf/4.1.2/../../../../nios2-elf/lib\libm.a(lib_a-s_lib_ver.o)
 .bss           0x00818078        0x0 c:/altera/12.1sp1/nios2eds/bin/gnu/h-i686-mingw32/bin/../lib/gcc/nios2-elf/4.1.2/../../../../nios2-elf/lib\libm.a(lib_a-s_matherr.o)
 .bss           0x00818078        0x0 c:/altera/12.1sp1/nios2eds/bin/gnu/h-i686-mingw32/bin/../lib/gcc/nios2-elf/4.1.2/../../../../nios2-elf/lib\libm.a(lib_a-s_nan.o)
 .bss           0x00818078        0x0 c:/altera/12.1sp1/nios2eds/bin/gnu/h-i686-mingw32/bin/../lib/gcc/nios2-elf/4.1.2/../../../../nios2-elf/lib\libm.a(lib_a-s_rint.o)
 .bss           0x00818078        0x0 c:/altera/12.1sp1/nios2eds/bin/gnu/h-i686-mingw32/bin/../lib/gcc/nios2-elf/4.1.2/../../../../nios2-elf/lib\libm.a(lib_a-s_scalbn.o)
 .bss           0x00818078        0x0 c:/altera/12.1sp1/nios2eds/bin/gnu/h-i686-mingw32/bin/../lib/gcc/nios2-elf/4.1.2/../../../../nios2-elf/lib\libm.a(lib_a-s_copysign.o)
 .bss           0x00818078        0x0 c:/altera/12.1sp1/nios2eds/bin/gnu/h-i686-mingw32/bin/../lib/gcc/nios2-elf/4.1.2\libgcc.a(_addsub_sf.o)
 .bss           0x00818078        0x0 c:/altera/12.1sp1/nios2eds/bin/gnu/h-i686-mingw32/bin/../lib/gcc/nios2-elf/4.1.2\libgcc.a(_mul_sf.o)
 .bss           0x00818078        0x0 c:/altera/12.1sp1/nios2eds/bin/gnu/h-i686-mingw32/bin/../lib/gcc/nios2-elf/4.1.2\libgcc.a(_div_sf.o)
 .bss           0x00818078        0x0 c:/altera/12.1sp1/nios2eds/bin/gnu/h-i686-mingw32/bin/../lib/gcc/nios2-elf/4.1.2\libgcc.a(_sf_to_si.o)
 .bss           0x00818078        0x0 c:/altera/12.1sp1/nios2eds/bin/gnu/h-i686-mingw32/bin/../lib/gcc/nios2-elf/4.1.2\libgcc.a(_thenan_sf.o)
 .bss           0x00818078        0x0 c:/altera/12.1sp1/nios2eds/bin/gnu/h-i686-mingw32/bin/../lib/gcc/nios2-elf/4.1.2\libgcc.a(_addsub_df.o)
 .bss           0x00818078        0x0 c:/altera/12.1sp1/nios2eds/bin/gnu/h-i686-mingw32/bin/../lib/gcc/nios2-elf/4.1.2\libgcc.a(_mul_df.o)
 .bss           0x00818078        0x0 c:/altera/12.1sp1/nios2eds/bin/gnu/h-i686-mingw32/bin/../lib/gcc/nios2-elf/4.1.2\libgcc.a(_div_df.o)
 .bss           0x00818078        0x0 c:/altera/12.1sp1/nios2eds/bin/gnu/h-i686-mingw32/bin/../lib/gcc/nios2-elf/4.1.2\libgcc.a(_eq_df.o)
 .bss           0x00818078        0x0 c:/altera/12.1sp1/nios2eds/bin/gnu/h-i686-mingw32/bin/../lib/gcc/nios2-elf/4.1.2\libgcc.a(_ne_df.o)
 .bss           0x00818078        0x0 c:/altera/12.1sp1/nios2eds/bin/gnu/h-i686-mingw32/bin/../lib/gcc/nios2-elf/4.1.2\libgcc.a(_gt_df.o)
 .bss           0x00818078        0x0 c:/altera/12.1sp1/nios2eds/bin/gnu/h-i686-mingw32/bin/../lib/gcc/nios2-elf/4.1.2\libgcc.a(_lt_df.o)
 .bss           0x00818078        0x0 c:/altera/12.1sp1/nios2eds/bin/gnu/h-i686-mingw32/bin/../lib/gcc/nios2-elf/4.1.2\libgcc.a(_le_df.o)
 .bss           0x00818078        0x0 c:/altera/12.1sp1/nios2eds/bin/gnu/h-i686-mingw32/bin/../lib/gcc/nios2-elf/4.1.2\libgcc.a(_si_to_df.o)
 .bss           0x00818078        0x0 c:/altera/12.1sp1/nios2eds/bin/gnu/h-i686-mingw32/bin/../lib/gcc/nios2-elf/4.1.2\libgcc.a(_df_to_sf.o)
 .bss           0x00818078        0x0 c:/altera/12.1sp1/nios2eds/bin/gnu/h-i686-mingw32/bin/../lib/gcc/nios2-elf/4.1.2\libgcc.a(_thenan_df.o)
 .bss           0x00818078        0x0 c:/altera/12.1sp1/nios2eds/bin/gnu/h-i686-mingw32/bin/../lib/gcc/nios2-elf/4.1.2\libgcc.a(_muldi3.o)
 .bss           0x00818078        0x0 c:/altera/12.1sp1/nios2eds/bin/gnu/h-i686-mingw32/bin/../lib/gcc/nios2-elf/4.1.2\libgcc.a(_clzsi2.o)
 .bss           0x00818078        0x0 c:/altera/12.1sp1/nios2eds/bin/gnu/h-i686-mingw32/bin/../lib/gcc/nios2-elf/4.1.2\libgcc.a(_pack_sf.o)
 .bss           0x00818078        0x0 c:/altera/12.1sp1/nios2eds/bin/gnu/h-i686-mingw32/bin/../lib/gcc/nios2-elf/4.1.2\libgcc.a(_unpack_sf.o)
 .bss           0x00818078        0x0 c:/altera/12.1sp1/nios2eds/bin/gnu/h-i686-mingw32/bin/../lib/gcc/nios2-elf/4.1.2\libgcc.a(_make_sf.o)
 .bss           0x00818078        0x0 c:/altera/12.1sp1/nios2eds/bin/gnu/h-i686-mingw32/bin/../lib/gcc/nios2-elf/4.1.2\libgcc.a(_pack_df.o)
 .bss           0x00818078        0x0 c:/altera/12.1sp1/nios2eds/bin/gnu/h-i686-mingw32/bin/../lib/gcc/nios2-elf/4.1.2\libgcc.a(_unpack_df.o)
 .bss           0x00818078        0x0 c:/altera/12.1sp1/nios2eds/bin/gnu/h-i686-mingw32/bin/../lib/gcc/nios2-elf/4.1.2\libgcc.a(_fpcmp_parts_df.o)
 .bss           0x00818078        0x0 c:/altera/12.1sp1/nios2eds/bin/gnu/h-i686-mingw32/bin/../lib/gcc/nios2-elf/4.1.2\libgcc.a(_clz.o)
 .bss           0x00818078        0x0 c:/altera/12.1sp1/nios2eds/bin/gnu/h-i686-mingw32/bin/../lib/gcc/nios2-elf/4.1.2/../../../../nios2-elf/lib\libc.a(lib_a-errno.o)
 .bss           0x00818078        0x0 c:/altera/12.1sp1/nios2eds/bin/gnu/h-i686-mingw32/bin/../lib/gcc/nios2-elf/4.1.2/../../../../nios2-elf/lib\libc.a(lib_a-impure.o)
 .bss           0x00818078        0x0 c:/altera/12.1sp1/nios2eds/bin/gnu/h-i686-mingw32/bin/../lib/gcc/nios2-elf/4.1.2/../../../../nios2-elf/lib\libc.a(lib_a-puts.o)
 .bss           0x00818078        0x0 c:/altera/12.1sp1/nios2eds/bin/gnu/h-i686-mingw32/bin/../lib/gcc/nios2-elf/4.1.2/../../../../nios2-elf/lib\libc.a(lib_a-strlen.o)
 .bss           0x00818078        0x0 c:/altera/12.1sp1/nios2eds/bin/gnu/h-i686-mingw32/bin/../lib/gcc/nios2-elf/4.1.2/../../../../nios2-elf/lib\libc.a(lib_a-fvwrite.o)
 .bss           0x00818078       0x28 c:/altera/12.1sp1/nios2eds/bin/gnu/h-i686-mingw32/bin/../lib/gcc/nios2-elf/4.1.2/../../../../nios2-elf/lib\libc.a(lib_a-mallocr.o)
                0x00818078                __malloc_current_mallinfo
 .bss           0x008180a0        0x0 c:/altera/12.1sp1/nios2eds/bin/gnu/h-i686-mingw32/bin/../lib/gcc/nios2-elf/4.1.2/../../../../nios2-elf/lib\libc.a(lib_a-memchr.o)
 .bss           0x008180a0        0x0 c:/altera/12.1sp1/nios2eds/bin/gnu/h-i686-mingw32/bin/../lib/gcc/nios2-elf/4.1.2/../../../../nios2-elf/lib\libc.a(lib_a-memcpy.o)
 .bss           0x008180a0        0x0 c:/altera/12.1sp1/nios2eds/bin/gnu/h-i686-mingw32/bin/../lib/gcc/nios2-elf/4.1.2/../../../../nios2-elf/lib\libc.a(lib_a-memmove.o)
 .bss           0x008180a0        0x0 c:/altera/12.1sp1/nios2eds/bin/gnu/h-i686-mingw32/bin/../lib/gcc/nios2-elf/4.1.2/../../../../nios2-elf/lib\libc.a(lib_a-reallocr.o)
 .bss           0x008180a0        0x0 c:/altera/12.1sp1/nios2eds/bin/gnu/h-i686-mingw32/bin/../lib/gcc/nios2-elf/4.1.2/../../../../nios2-elf/lib\libc.a(lib_a-sbrkr.o)
 .bss           0x008180a0        0x0 c:/altera/12.1sp1/nios2eds/bin/gnu/h-i686-mingw32/bin/../lib/gcc/nios2-elf/4.1.2/../../../../nios2-elf/lib\libc.a(lib_a-wsetup.o)
 .bss           0x008180a0        0x0 c:/altera/12.1sp1/nios2eds/bin/gnu/h-i686-mingw32/bin/../lib/gcc/nios2-elf/4.1.2/../../../../nios2-elf/lib\libc.a(lib_a-fflush.o)
 .bss           0x008180a0        0x0 c:/altera/12.1sp1/nios2eds/bin/gnu/h-i686-mingw32/bin/../lib/gcc/nios2-elf/4.1.2/../../../../nios2-elf/lib\libc.a(lib_a-findfp.o)
 .bss           0x008180a0        0x0 c:/altera/12.1sp1/nios2eds/bin/gnu/h-i686-mingw32/bin/../lib/gcc/nios2-elf/4.1.2/../../../../nios2-elf/lib\libc.a(lib_a-freer.o)
 .bss           0x008180a0        0x0 c:/altera/12.1sp1/nios2eds/bin/gnu/h-i686-mingw32/bin/../lib/gcc/nios2-elf/4.1.2/../../../../nios2-elf/lib\libc.a(lib_a-fwalk.o)
 .bss           0x008180a0        0x0 c:/altera/12.1sp1/nios2eds/bin/gnu/h-i686-mingw32/bin/../lib/gcc/nios2-elf/4.1.2/../../../../nios2-elf/lib\libc.a(lib_a-int_errno.o)
 .bss           0x008180a0        0x0 c:/altera/12.1sp1/nios2eds/bin/gnu/h-i686-mingw32/bin/../lib/gcc/nios2-elf/4.1.2/../../../../nios2-elf/lib\libc.a(lib_a-makebuf.o)
 .bss           0x008180a0        0x0 c:/altera/12.1sp1/nios2eds/bin/gnu/h-i686-mingw32/bin/../lib/gcc/nios2-elf/4.1.2/../../../../nios2-elf/lib\libc.a(lib_a-memset.o)
 .bss           0x008180a0        0x0 c:/altera/12.1sp1/nios2eds/bin/gnu/h-i686-mingw32/bin/../lib/gcc/nios2-elf/4.1.2/../../../../nios2-elf/lib\libc.a(lib_a-stdio.o)
 .bss           0x008180a0        0x0 c:/altera/12.1sp1/nios2eds/bin/gnu/h-i686-mingw32/bin/../lib/gcc/nios2-elf/4.1.2/../../../../nios2-elf/lib\libc.a(lib_a-writer.o)
 .bss           0x008180a0        0x0 c:/altera/12.1sp1/nios2eds/bin/gnu/h-i686-mingw32/bin/../lib/gcc/nios2-elf/4.1.2/../../../../nios2-elf/lib\libc.a(lib_a-closer.o)
 .bss           0x008180a0        0x0 c:/altera/12.1sp1/nios2eds/bin/gnu/h-i686-mingw32/bin/../lib/gcc/nios2-elf/4.1.2/../../../../nios2-elf/lib\libc.a(lib_a-fclose.o)
 .bss           0x008180a0        0x0 c:/altera/12.1sp1/nios2eds/bin/gnu/h-i686-mingw32/bin/../lib/gcc/nios2-elf/4.1.2/../../../../nios2-elf/lib\libc.a(lib_a-fstatr.o)
 .bss           0x008180a0        0x0 c:/altera/12.1sp1/nios2eds/bin/gnu/h-i686-mingw32/bin/../lib/gcc/nios2-elf/4.1.2/../../../../nios2-elf/lib\libc.a(lib_a-isattyr.o)
 .bss           0x008180a0        0x0 c:/altera/12.1sp1/nios2eds/bin/gnu/h-i686-mingw32/bin/../lib/gcc/nios2-elf/4.1.2/../../../../nios2-elf/lib\libc.a(lib_a-lseekr.o)
 .bss           0x008180a0        0x0 c:/altera/12.1sp1/nios2eds/bin/gnu/h-i686-mingw32/bin/../lib/gcc/nios2-elf/4.1.2/../../../../nios2-elf/lib\libc.a(lib_a-readr.o)
 .bss           0x008180a0        0x0 ../LaserHarpBuildFlashed_bsp/\libucosii_bsp.a(alt_close.o)
 .bss           0x008180a0        0x0 ../LaserHarpBuildFlashed_bsp/\libucosii_bsp.a(alt_dev.o)
 .bss           0x008180a0        0x0 ../LaserHarpBuildFlashed_bsp/\libucosii_bsp.a(alt_errno.o)
 .bss           0x008180a0        0x0 ../LaserHarpBuildFlashed_bsp/\libucosii_bsp.a(alt_fstat.o)
 .bss           0x008180a0        0x0 ../LaserHarpBuildFlashed_bsp/\libucosii_bsp.a(alt_iic.o)
 .bss           0x008180a0        0x0 ../LaserHarpBuildFlashed_bsp/\libucosii_bsp.a(alt_iic_isr_register.o)
 .bss           0x008180a0        0x0 ../LaserHarpBuildFlashed_bsp/\libucosii_bsp.a(alt_irq_entry.o)
 .bss           0x008180a0        0x0 ../LaserHarpBuildFlashed_bsp/\libucosii_bsp.a(alt_irq_handler.o)
 .bss           0x008180a0        0x0 ../LaserHarpBuildFlashed_bsp/\libucosii_bsp.a(alt_irq_vars.o)
 .bss           0x008180a0        0x0 ../LaserHarpBuildFlashed_bsp/\libucosii_bsp.a(alt_isatty.o)
 .bss           0x008180a0        0x0 ../LaserHarpBuildFlashed_bsp/\libucosii_bsp.a(alt_load.o)
 .bss           0x008180a0        0x0 ../LaserHarpBuildFlashed_bsp/\libucosii_bsp.a(alt_lseek.o)
 .bss           0x008180a0        0x0 ../LaserHarpBuildFlashed_bsp/\libucosii_bsp.a(alt_main.o)
 .bss           0x008180a0        0x0 ../LaserHarpBuildFlashed_bsp/\libucosii_bsp.a(alt_read.o)
 .bss           0x008180a0        0x0 ../LaserHarpBuildFlashed_bsp/\libucosii_bsp.a(alt_release_fd.o)
 .bss           0x008180a0        0x0 ../LaserHarpBuildFlashed_bsp/\libucosii_bsp.a(alt_sbrk.o)
 .bss           0x008180a0        0x0 ../LaserHarpBuildFlashed_bsp/\libucosii_bsp.a(alt_write.o)
 .bss           0x008180a0        0x0 ../LaserHarpBuildFlashed_bsp/\libucosii_bsp.a(alt_env_lock.o)
 .bss           0x008180a0        0x0 ../LaserHarpBuildFlashed_bsp/\libucosii_bsp.a(alt_malloc_lock.o)
 .bss           0x008180a0        0x0 ../LaserHarpBuildFlashed_bsp/\libucosii_bsp.a(os_core.o)
 .bss           0x008180a0        0x0 ../LaserHarpBuildFlashed_bsp/\libucosii_bsp.a(os_dbg.o)
 .bss           0x008180a0        0x0 ../LaserHarpBuildFlashed_bsp/\libucosii_bsp.a(os_flag.o)
 .bss           0x008180a0        0x0 ../LaserHarpBuildFlashed_bsp/\libucosii_bsp.a(os_mem.o)
 .bss           0x008180a0        0x0 ../LaserHarpBuildFlashed_bsp/\libucosii_bsp.a(os_q.o)
 .bss           0x008180a0        0x0 ../LaserHarpBuildFlashed_bsp/\libucosii_bsp.a(os_sem.o)
 .bss           0x008180a0        0x0 ../LaserHarpBuildFlashed_bsp/\libucosii_bsp.a(os_task.o)
 .bss           0x008180a0        0x0 ../LaserHarpBuildFlashed_bsp/\libucosii_bsp.a(os_time.o)
 .bss           0x008180a0        0x0 ../LaserHarpBuildFlashed_bsp/\libucosii_bsp.a(alt_sys_init.o)
 .bss           0x008180a0        0x0 ../LaserHarpBuildFlashed_bsp/\libucosii_bsp.a(altera_avalon_fifo_util.o)
 .bss           0x008180a0        0x0 ../LaserHarpBuildFlashed_bsp/\libucosii_bsp.a(altera_avalon_jtag_uart_fd.o)
 .bss           0x008180a0        0x0 ../LaserHarpBuildFlashed_bsp/\libucosii_bsp.a(altera_avalon_jtag_uart_init.o)
 .bss           0x008180a0        0x0 ../LaserHarpBuildFlashed_bsp/\libucosii_bsp.a(altera_avalon_jtag_uart_ioctl.o)
 .bss           0x008180a0        0x0 ../LaserHarpBuildFlashed_bsp/\libucosii_bsp.a(altera_avalon_jtag_uart_read.o)
 .bss           0x008180a0        0x0 ../LaserHarpBuildFlashed_bsp/\libucosii_bsp.a(altera_avalon_jtag_uart_write.o)
 .bss           0x008180a0        0x0 ../LaserHarpBuildFlashed_bsp/\libucosii_bsp.a(altera_avalon_timer_sc.o)
 .bss           0x008180a0        0x0 ../LaserHarpBuildFlashed_bsp/\libucosii_bsp.a(altera_up_avalon_audio.o)
 .bss           0x008180a0        0x0 ../LaserHarpBuildFlashed_bsp/\libucosii_bsp.a(altera_up_avalon_audio_and_video_config.o)
 .bss           0x008180a0        0x0 ../LaserHarpBuildFlashed_bsp/\libucosii_bsp.a(altera_up_avalon_character_lcd.o)
 .bss           0x008180a0        0x0 ../LaserHarpBuildFlashed_bsp/\libucosii_bsp.a(alt_alarm_start.o)
 .bss           0x008180a0        0x0 ../LaserHarpBuildFlashed_bsp/\libucosii_bsp.a(alt_dcache_flush_all.o)
 .bss           0x008180a0        0x0 ../LaserHarpBuildFlashed_bsp/\libucosii_bsp.a(alt_dev_llist_insert.o)
 .bss           0x008180a0        0x0 ../LaserHarpBuildFlashed_bsp/\libucosii_bsp.a(alt_do_ctors.o)
 .bss           0x008180a0        0x0 ../LaserHarpBuildFlashed_bsp/\libucosii_bsp.a(alt_do_dtors.o)
 .bss           0x008180a0        0x0 ../LaserHarpBuildFlashed_bsp/\libucosii_bsp.a(alt_exception_entry.o)
 .bss           0x008180a0        0x0 ../LaserHarpBuildFlashed_bsp/\libucosii_bsp.a(alt_find_dev.o)
 .bss           0x008180a0        0x0 ../LaserHarpBuildFlashed_bsp/\libucosii_bsp.a(alt_icache_flush_all.o)
 .bss           0x008180a0        0x0 ../LaserHarpBuildFlashed_bsp/\libucosii_bsp.a(alt_io_redirect.o)
 .bss           0x008180a0        0x0 ../LaserHarpBuildFlashed_bsp/\libucosii_bsp.a(alt_open.o)
 .bss           0x008180a0        0x0 ../LaserHarpBuildFlashed_bsp/\libucosii_bsp.a(alt_tick.o)
 .bss           0x008180a0        0x0 ../LaserHarpBuildFlashed_bsp/\libucosii_bsp.a(altera_nios2_qsys_irq.o)
 .bss           0x008180a0        0x0 ../LaserHarpBuildFlashed_bsp/\libucosii_bsp.a(os_cpu_a.o)
 .bss           0x008180a0        0x0 ../LaserHarpBuildFlashed_bsp/\libucosii_bsp.a(os_cpu_c.o)
 .bss           0x008180a0        0x0 ../LaserHarpBuildFlashed_bsp/\libucosii_bsp.a(alt_find_file.o)
 .bss           0x008180a0        0x0 ../LaserHarpBuildFlashed_bsp/\libucosii_bsp.a(alt_get_fd.o)
 .bss           0x008180a0        0x0 ../LaserHarpBuildFlashed_bsp/\libucosii_bsp.a(alt_icache_flush.o)
 .bss           0x008180a0        0x0 c:/altera/12.1sp1/nios2eds/bin/gnu/h-i686-mingw32/bin/../lib/gcc/nios2-elf/4.1.2/../../../../nios2-elf/lib\libc.a(lib_a-atexit.o)
 .bss           0x008180a0        0x0 c:/altera/12.1sp1/nios2eds/bin/gnu/h-i686-mingw32/bin/../lib/gcc/nios2-elf/4.1.2/../../../../nios2-elf/lib\libc.a(lib_a-exit.o)
 .bss           0x008180a0        0x0 c:/altera/12.1sp1/nios2eds/bin/gnu/h-i686-mingw32/bin/../lib/gcc/nios2-elf/4.1.2/../../../../nios2-elf/lib\libc.a(lib_a-memcmp.o)
 .bss           0x008180a0        0x0 c:/altera/12.1sp1/nios2eds/bin/gnu/h-i686-mingw32/bin/../lib/gcc/nios2-elf/4.1.2/../../../../nios2-elf/lib\libc.a(lib_a-__atexit.o)
 .bss           0x008180a0        0x0 c:/altera/12.1sp1/nios2eds/bin/gnu/h-i686-mingw32/bin/../lib/gcc/nios2-elf/4.1.2/../../../../nios2-elf/lib\libc.a(lib_a-__call_atexit.o)
 .bss           0x008180a0        0x0 c:/altera/12.1sp1/nios2eds/bin/gnu/h-i686-mingw32/bin/../lib/gcc/nios2-elf/4.1.2\libgcc.a(lib2-divmod.o)
 .bss           0x008180a0        0x0 ../LaserHarpBuildFlashed_bsp/\libucosii_bsp.a(alt_exit.o)
 *(COMMON)
 COMMON         0x008180a0     0x4000 obj/default/hello_ucosii.o
                0x008180a0                laserInputTaskStack
                0x0081a0a0                audioTaskStack
 COMMON         0x0081c0a0      0x100 ../LaserHarpBuildFlashed_bsp/\libucosii_bsp.a(alt_irq_handler.o)
                0x0081c0a0                alt_irq
 COMMON         0x0081c1a0     0x3224 ../LaserHarpBuildFlashed_bsp/\libucosii_bsp.a(os_core.o)
                0x0081c1a0                OSFlagTbl
                0x0081c510                OSMemTbl
                0x0081d140                OSTaskStatStk
                0x0081d940                OSQTbl
                0x0081db20                OSTaskIdleStk
                0x0081e320                OSEventTbl
                0x0081ee60                OSTCBTbl
                0x0081f370                OSTCBPrioTbl
 COMMON         0x0081f3c4      0x190 c:/altera/12.1sp1/nios2eds/bin/gnu/h-i686-mingw32/bin/../lib/gcc/nios2-elf/4.1.2/../../../../nios2-elf/lib\libc.a(lib_a-atexit.o)
                0x0081f3c4                _atexit0
                0x0081f554                . = ALIGN (0x4)
                0x0081f554                __bss_end = ABSOLUTE (.)

.sdram_0        0x0081f554        0x0
                0x0081f554                PROVIDE (_alt_partition_sdram_0_start, ABSOLUTE (.))
 *(.sdram_0. sdram_0.*)
                0x0081f554                . = ALIGN (0x4)
                0x0081f554                PROVIDE (_alt_partition_sdram_0_end, ABSOLUTE (.))
                0x0081f554                _end = ABSOLUTE (.)
                0x0081f554                end = ABSOLUTE (.)
                0x0081f554                __alt_stack_base = ABSOLUTE (.)
                0x0081f554                PROVIDE (_alt_partition_sdram_0_load_addr, LOADADDR (.sdram_0))

.sram_0         0x01080000        0x0 load address 0x0081f554
                0x01080000                PROVIDE (_alt_partition_sram_0_start, ABSOLUTE (.))
 *(.sram_0. sram_0.*)
                0x01080000                . = ALIGN (0x4)
                0x01080000                PROVIDE (_alt_partition_sram_0_end, ABSOLUTE (.))
                0x0081f554                PROVIDE (_alt_partition_sram_0_load_addr, LOADADDR (.sram_0))

.onchip_memory2_0
                0x011041bc        0x0 load address 0x0081f554
                0x011041bc                PROVIDE (_alt_partition_onchip_memory2_0_start, ABSOLUTE (.))
 *(.onchip_memory2_0. onchip_memory2_0.*)
                0x011041bc                . = ALIGN (0x4)
                0x011041bc                PROVIDE (_alt_partition_onchip_memory2_0_end, ABSOLUTE (.))
                0x0081f554                PROVIDE (_alt_partition_onchip_memory2_0_load_addr, LOADADDR (.onchip_memory2_0))

.stab
 *(.stab)

.stabstr
 *(.stabstr)

.stab.excl
 *(.stab.excl)

.stab.exclstr
 *(.stab.exclstr)

.stab.index
 *(.stab.index)

.stab.indexstr
 *(.stab.indexstr)

.comment        0x00000000       0x26
 *(.comment)
 .comment       0x00000000       0x26 obj/default/SynthesizerDriver.o
                                 0x27 (size before relaxing)
 .comment       0x00000000       0x27 obj/default/hello_ucosii.o
 .comment       0x00000000       0x27 c:/altera/12.1sp1/nios2eds/bin/gnu/h-i686-mingw32/bin/../lib/gcc/nios2-elf/4.1.2/../../../../nios2-elf/lib\libm.a(lib_a-sf_round.o)
 .comment       0x00000000       0x27 c:/altera/12.1sp1/nios2eds/bin/gnu/h-i686-mingw32/bin/../lib/gcc/nios2-elf/4.1.2/../../../../nios2-elf/lib\libm.a(lib_a-w_pow.o)
 .comment       0x00000000       0x27 c:/altera/12.1sp1/nios2eds/bin/gnu/h-i686-mingw32/bin/../lib/gcc/nios2-elf/4.1.2/../../../../nios2-elf/lib\libm.a(lib_a-e_pow.o)
 .comment       0x00000000       0x27 c:/altera/12.1sp1/nios2eds/bin/gnu/h-i686-mingw32/bin/../lib/gcc/nios2-elf/4.1.2/../../../../nios2-elf/lib\libm.a(lib_a-e_sqrt.o)
 .comment       0x00000000       0x27 c:/altera/12.1sp1/nios2eds/bin/gnu/h-i686-mingw32/bin/../lib/gcc/nios2-elf/4.1.2/../../../../nios2-elf/lib\libm.a(lib_a-s_fabs.o)
 .comment       0x00000000       0x27 c:/altera/12.1sp1/nios2eds/bin/gnu/h-i686-mingw32/bin/../lib/gcc/nios2-elf/4.1.2/../../../../nios2-elf/lib\libm.a(lib_a-s_finite.o)
 .comment       0x00000000       0x27 c:/altera/12.1sp1/nios2eds/bin/gnu/h-i686-mingw32/bin/../lib/gcc/nios2-elf/4.1.2/../../../../nios2-elf/lib\libm.a(lib_a-s_isnand.o)
 .comment       0x00000000       0x27 c:/altera/12.1sp1/nios2eds/bin/gnu/h-i686-mingw32/bin/../lib/gcc/nios2-elf/4.1.2/../../../../nios2-elf/lib\libm.a(lib_a-s_lib_ver.o)
 .comment       0x00000000       0x27 c:/altera/12.1sp1/nios2eds/bin/gnu/h-i686-mingw32/bin/../lib/gcc/nios2-elf/4.1.2/../../../../nios2-elf/lib\libm.a(lib_a-s_matherr.o)
 .comment       0x00000000       0x27 c:/altera/12.1sp1/nios2eds/bin/gnu/h-i686-mingw32/bin/../lib/gcc/nios2-elf/4.1.2/../../../../nios2-elf/lib\libm.a(lib_a-s_nan.o)
 .comment       0x00000000       0x27 c:/altera/12.1sp1/nios2eds/bin/gnu/h-i686-mingw32/bin/../lib/gcc/nios2-elf/4.1.2/../../../../nios2-elf/lib\libm.a(lib_a-s_rint.o)
 .comment       0x00000000       0x27 c:/altera/12.1sp1/nios2eds/bin/gnu/h-i686-mingw32/bin/../lib/gcc/nios2-elf/4.1.2/../../../../nios2-elf/lib\libm.a(lib_a-s_scalbn.o)